2025-10-24 12:02:39 session_start mode=demo start_when=None
2025-10-24 12:02:39 macro_ok AutoTrader.ResetDashboardHeaders
2025-10-24 13:13:13 macro_ok AutoTrader.ButtonLoadCandidates
2025-10-24 13:13:14 macro_ok AutoTrader.ButtonPushCandidates
2025-10-24 13:13:14 macro_ok AutoTrader.InstallRealtimeFormulas
2025-10-24 13:13:14 auto_start
2025-10-24 15:30:00 auto_stop
2025-10-24 15:30:01 session_done
2025-10-25 08:55:01 waiting_until 2025-10-25 09:00:00
2025-10-25 09:00:01 session_start mode=demo start_when=09:00
2025-10-25 09:00:01 macro_ok AutoTrader.ResetDashboardHeaders
2025-10-25 09:07:29 macro_err AutoTrader.ButtonLoadCandidates: (-2147352567, '例外が発生しました。', (0, None, None, None, 0, -2146788248), None)
2025-10-26 08:55:01 waiting_until 2025-10-26 09:00:00
2025-10-26 09:00:01 session_start mode=demo start_when=09:00
2025-10-26 09:00:01 macro_ok AutoTrader.ResetDashboardHeaders
2025-10-26 10:11:08 macro_ok AutoTrader.ButtonLoadCandidates
2025-10-26 10:11:10 macro_ok AutoTrader.ButtonPushCandidates
2025-10-26 10:11:11 macro_ok AutoTrader.InstallRealtimeFormulas
2025-10-26 10:11:11 auto_start
2025-10-26 15:30:00 auto_stop
2025-10-26 15:30:00 session_done
2025-10-27 08:55:01 waiting_until 2025-10-27 09:00:00
2025-10-27 09:00:02 session_start mode=demo start_when=09:00
2025-10-27 09:00:02 macro_ok AutoTrader.ResetDashboardHeaders
2025-10-27 09:00:15 macro_ok AutoTrader.ButtonLoadCandidates
2025-10-27 09:00:17 macro_ok AutoTrader.ButtonPushCandidates
2025-10-27 09:00:17 macro_ok AutoTrader.InstallRealtimeFormulas
2025-10-27 09:00:17 auto_start
2025-10-27 15:30:00 auto_stop
2025-10-28 08:55:01 waiting_until 2025-10-28 09:00:00
2025-10-28 09:00:02 session_start mode=demo start_when=09:00
2025-10-28 09:00:02 macro_ok AutoTrader.ResetDashboardHeaders
2025-10-28 10:58:49 macro_ok AutoTrader.ButtonLoadCandidates
2025-10-28 10:58:50 macro_err AutoTrader.ButtonPushCandidates: (-2147418111, '呼び出し先が呼び出しを拒否しました。', None, None)
2025-10-29 08:55:01 waiting_until 2025-10-29 09:00:00
2025-10-29 09:00:02 session_start mode=demo start_when=09:00
2025-10-29 11:24:12 macro_err AutoTrader.ResetDashboardHeaders: (-2147352567, '例外が発生しました。', (0, None, None, None, 0, -2146788248), None)
