updated=2025-10-30T20:31:39
step=start
message=fast nightly begin
updated=2025-10-30T20:31:39
step=coarse-AM0930-j-cross
message=start
updated=2025-10-30T20:39:16
step=coarse-AM0930-j-cross
message=done
updated=2025-10-30T20:39:17
step=refine-AM0930-j-cross
message=start
updated=2025-10-30T21:18:28
step=start
message=fast nightly begin
updated=2025-10-30T21:18:28
step=coarse-AM0930-j-only
message=start
updated=2025-10-30T21:36:54
step=coarse-AM0930-j-only
message=done
updated=2025-10-30T21:36:54
step=refine-AM0930-j-only
message=start
updated=2025-10-30T23:25:03
step=start-AM0945
message=begin AM0945 two plans
updated=2025-10-30T23:25:03
step=coarse-AM0945-j-only
message=start
updated=2025-10-30T23:45:30
step=coarse-AM0945-j-only
message=done
updated=2025-10-30T23:45:31
step=refine-AM0945-j-only
message=start
updated=2025-10-31T16:30:01
step=start
message=fast nightly begin
updated=2025-10-31T16:30:01
step=coarse-AM0930-j-only
message=start
updated=2025-10-31T16:40:34
step=coarse-AM0930-j-only
message=done
updated=2025-10-31T16:40:35
step=refine-AM0930-j-only
message=start
updated=2025-10-31T20:42:52
step=start
message=fast nightly begin
updated=2025-10-31T20:42:52
step=coarse-AM0930-j-only
message=start
updated=2025-11-01T16:30:06
step=start
message=fast nightly begin
updated=2025-11-01T16:30:06
step=coarse-AM0930-j-only
message=start
updated=2025-11-01T17:06:01
step=coarse-AM0930-j-only
message=done
updated=2025-11-01T17:06:03
step=refine-AM0930-j-only
message=start
updated=2025-11-02T16:30:05
step=start
message=fast nightly begin
updated=2025-11-02T16:30:05
step=coarse-AM0930-j-only
message=start
updated=2025-11-03T16:30:03
step=start
message=fast nightly begin
updated=2025-11-03T16:30:03
step=coarse-AM0930-j-only
message=start
updated=2025-11-04T16:30:04
step=start
message=fast nightly begin
updated=2025-11-04T16:30:04
step=coarse-AM0930-j-only
message=start
updated=2025-11-04T16:36:31
step=universe-fallback
message=C:\AI\asagake\output\bt30\NIGHTLY_20251101\universe_amt_top_300_2025-10-31.csv
updated=2025-11-04T16:36:31
step=start
message=fast nightly begin
updated=2025-11-04T16:36:31
step=coarse-AM0930-j-only
message=start
updated=2025-11-04T17:38:47
step=universe-fallback
message=C:\AI\asagake\output\bt30\NIGHTLY_20251101\universe_amt_top_300_2025-10-31.csv
updated=2025-11-04T17:38:47
step=start
message=fast nightly begin
updated=2025-11-04T17:38:47
step=coarse-AM0930-j-only
message=start
updated=2025-11-04T18:03:23
step=universe-fallback
message=C:\AI\asagake\output\bt30\NIGHTLY_20251101\universe_amt_top_300_2025-10-31.csv
updated=2025-11-04T18:03:23
step=start
message=fast nightly begin
updated=2025-11-04T18:03:23
step=coarse-AM0930-j-only
message=start
updated=2025-11-04T18:28:00
step=coarse-AM0930-j-only
message=done
updated=2025-11-04T18:28:01
step=refine-AM0930-j-only
message=start
updated=2025-11-04T22:39:14
step=error
message=refine failed: AM0930 j-only (-1)
