[2025-11-09 18:23:50] Run started
[2025-11-09 18:23:50] Run type resolved to weekend
[2025-11-09 18:24:00] Entry window marks set: 28920 rows flagged out of 225031
[2025-11-09 18:24:01] Liquidity filter q=0.30 kept 20 tickers and 162977 rows
[2025-11-09 18:24:01] Using 5 rolling slices (train=12, forward=4)
[2025-11-09 18:24:01] Parameter grid size: 288 (mode=coarse, signal=j-only)
[2025-11-09 18:27:56] [1/20] 1579.T: best train_pf_eff=999.000, forward_pf_eff=0.539, trades=30/44
[2025-11-09 18:28:45] [2/20] 1357.T: best train_pf_eff=0.000, forward_pf_eff=999.000, trades=0/4
[2025-11-09 18:29:14] [3/20] 285A.T: best train_pf_eff=0.850, forward_pf_eff=0.798, trades=168/95
[2025-11-09 18:30:40] [4/20] 5706.T: best train_pf_eff=1.154, forward_pf_eff=1.899, trades=97/28
[2025-11-09 18:30:55] [5/20] 5801.T: best train_pf_eff=5.614, forward_pf_eff=2.106, trades=14/16
[2025-11-09 18:30:58] [6/20] 6525.T: best train_pf_eff=3.238, forward_pf_eff=2.452, trades=93/61
[2025-11-09 18:31:17] [7/20] 6526.T: best train_pf_eff=3.501, forward_pf_eff=999.000, trades=19/5
[2025-11-09 18:31:23] [8/20] 5016.T: best train_pf_eff=12.045, forward_pf_eff=12.132, trades=90/21
[2025-11-09 18:32:00] [9/20] 7014.T: best train_pf_eff=999.000, forward_pf_eff=999.000, trades=14/18
[2025-11-09 18:33:19] [10/20] 8053.T: best train_pf_eff=0.000, forward_pf_eff=0.000, trades=0/0
[2025-11-09 18:33:25] [11/20] 7269.T: best train_pf_eff=999.000, forward_pf_eff=999.000, trades=6/2
[2025-11-09 18:33:26] [12/20] 8105.T: best train_pf_eff=0.000, forward_pf_eff=0.000, trades=0/0
[2025-11-09 18:35:31] [13/20] 6857.T: best train_pf_eff=0.482, forward_pf_eff=0.606, trades=340/122
[2025-11-09 18:35:37] [14/20] 7012.T: best train_pf_eff=0.660, forward_pf_eff=4.468, trades=178/38
[2025-11-09 18:37:24] [15/20] 7735.T: best train_pf_eff=1.177, forward_pf_eff=0.522, trades=189/82
[2025-11-09 18:37:49] [16/20] 8035.T: best train_pf_eff=2.069, forward_pf_eff=4.789, trades=93/20
[2025-11-09 18:37:49] [17/20] 9107.T: best train_pf_eff=1651.377, forward_pf_eff=1651.377, trades=60/20
[2025-11-09 18:38:58] [18/20] 8136.T: best train_pf_eff=0.677, forward_pf_eff=0.673, trades=373/92
[2025-11-09 18:39:22] [19/20] 9432.T: best train_pf_eff=2.337, forward_pf_eff=0.771, trades=459/194
[2025-11-09 18:39:23] [20/20] 8411.T: best train_pf_eff=6.221, forward_pf_eff=999.000, trades=14/3
[2025-11-09 18:39:23] Cache reuse: 0/1920 combos (0.0%) served from cache
[2025-11-09 18:39:23] ASHA pruned 3840 parameter combos prior to full evaluation
[2025-11-09 18:39:23] Run completed in 15.5 minutes
