[2025-11-10 03:22:01] Run started
[2025-11-10 03:22:01] Run type resolved to weekend
[2025-11-10 03:22:13] Entry window marks set: 18072 rows flagged out of 220095
[2025-11-10 03:22:14] Liquidity filter q=0.30 kept 20 tickers and 159455 rows
[2025-11-10 03:22:14] Using 5 rolling slices (train=12, forward=4)
[2025-11-10 03:22:14] Parameter grid size: 288 (mode=coarse, signal=j-cross)
[2025-11-10 03:24:19] [1/20] 1579.T: best train_pf_eff=999.000, forward_pf_eff=999.000, trades=9/7
[2025-11-10 03:25:06] [2/20] 1357.T: best train_pf_eff=999.000, forward_pf_eff=999.000, trades=15/12
[2025-11-10 03:25:13] [3/20] 285A.T: best train_pf_eff=1.627, forward_pf_eff=2.052, trades=21/9
[2025-11-10 03:25:40] [4/20] 5706.T: best train_pf_eff=5.852, forward_pf_eff=999.000, trades=17/7
[2025-11-10 03:25:53] [5/20] 6525.T: best train_pf_eff=4.630, forward_pf_eff=4.968, trades=31/17
[2025-11-10 03:25:55] [6/20] 5801.T: best train_pf_eff=999.000, forward_pf_eff=999.000, trades=14/5
[2025-11-10 03:25:59] [7/20] 6526.T: best train_pf_eff=1.859, forward_pf_eff=6.471, trades=16/4
[2025-11-10 03:26:00] [8/20] 5016.T: best train_pf_eff=9.441, forward_pf_eff=999.000, trades=20/5
[2025-11-10 03:26:41] [9/20] 7014.T: best train_pf_eff=999.000, forward_pf_eff=999.000, trades=5/3
[2025-11-10 03:27:04] [10/20] 8105.T: best train_pf_eff=0.000, forward_pf_eff=999.000, trades=0/4
[2025-11-10 03:27:05] [11/20] 8053.T: best train_pf_eff=0.000, forward_pf_eff=0.000, trades=0/0
[2025-11-10 03:27:16] [12/20] 7269.T: best train_pf_eff=999.000, forward_pf_eff=999.000, trades=6/2
[2025-11-10 03:28:14] [13/20] 6857.T: best train_pf_eff=5.238, forward_pf_eff=5.537, trades=35/13
[2025-11-10 03:28:37] [14/20] 7012.T: best train_pf_eff=2.672, forward_pf_eff=11.275, trades=26/8
[2025-11-10 03:29:14] [15/20] 7735.T: best train_pf_eff=3.525, forward_pf_eff=2.520, trades=26/6
[2025-11-10 03:29:17] [16/20] 8035.T: best train_pf_eff=999.000, forward_pf_eff=999.000, trades=12/4
[2025-11-10 03:29:22] [17/20] 9107.T: best train_pf_eff=999.000, forward_pf_eff=999.000, trades=9/3
[2025-11-10 03:29:57] [18/20] 8136.T: best train_pf_eff=3.580, forward_pf_eff=999.000, trades=33/10
[2025-11-10 03:30:11] [19/20] 9432.T: best train_pf_eff=999.000, forward_pf_eff=999.000, trades=8/6
[2025-11-10 03:30:12] [20/20] 8411.T: best train_pf_eff=0.000, forward_pf_eff=999.000, trades=3/2
[2025-11-10 03:30:12] Cache reuse: 0/1920 combos (0.0%) served from cache
[2025-11-10 03:30:12] ASHA pruned 3840 parameter combos prior to full evaluation
[2025-11-10 03:30:12] Run completed in 8.2 minutes
