[2025-11-08 00:29:36] Run started
[2025-11-08 00:29:36] Run type resolved to weekend
[2025-11-08 00:29:37] Codes limited via output\bt30\NIGHTLY_20251108\RUN_coarse_AM0930_j-only\_TOP_CANDIDATES.csv: 11 tickers (was 20)
[2025-11-08 00:29:40] Entry window marks set: 10462 rows flagged out of 129316
[2025-11-08 00:29:40] Liquidity filter q=0.50 kept 9 tickers and 68766 rows
[2025-11-08 00:29:40] Using 5 rolling slices (train=12, forward=4)
[2025-11-08 00:29:40] Parameter grid size: 9072 (mode=refine, signal=j-only)
[2025-11-08 03:31:31] [1/9] 6525.T: best train_pf_eff=0.000, forward_pf_eff=0.000, trades=0/0
[2025-11-08 04:42:06] [2/9] 6526.T: best train_pf_eff=34.774, forward_pf_eff=999.000, trades=62/16
[2025-11-08 05:41:17] [3/9] 285A.T: best train_pf_eff=999.000, forward_pf_eff=999.000, trades=59/31
[2025-11-08 05:56:03] [4/9] 8411.T: best train_pf_eff=999.000, forward_pf_eff=999.000, trades=63/21
[2025-11-08 06:03:53] [5/9] 7012.T: best train_pf_eff=2.896, forward_pf_eff=999.000, trades=84/16
[2025-11-08 06:27:38] [6/9] 6857.T: best train_pf_eff=1.005, forward_pf_eff=3.981, trades=19/8
[2025-11-08 06:29:55] [7/9] 5801.T: best train_pf_eff=999.000, forward_pf_eff=999.000, trades=42/18
[2025-11-08 06:30:00] [8/9] 8035.T: best train_pf_eff=10.803, forward_pf_eff=999.000, trades=114/33
[2025-11-08 06:30:03] [9/9] 5016.T: best train_pf_eff=3.435, forward_pf_eff=999.000, trades=187/51
[2025-11-08 06:30:03] Cache reuse: 0/81864 combos (0.0%) served from cache
[2025-11-08 06:30:03] Bayesian refine trials executed: 216
[2025-11-08 06:30:04] Refine candidates exported to output\excel\NIGHTLY_20251108\AM0930_j-only\candidates_20251108.csv
[2025-11-08 06:30:04] Run completed in 360.5 minutes
