[2025-11-09 05:08:34] Run started
[2025-11-09 05:08:34] Run type resolved to weekend
[2025-11-09 05:08:40] Entry window marks set: 27406 rows flagged out of 213231
[2025-11-09 05:08:41] Liquidity filter q=0.50 kept 15 tickers and 110879 rows
[2025-11-09 05:08:41] Using 5 rolling slices (train=12, forward=4)
[2025-11-09 05:08:41] Parameter grid size: 288 (mode=coarse, signal=j-cross)
[2025-11-09 05:09:55] [1/15] 5706.T: best train_pf_eff=2.629, forward_pf_eff=2.629, trades=9/3
[2025-11-09 05:10:51] [2/15] 1357.T: best train_pf_eff=999.000, forward_pf_eff=2.608, trades=4/10
[2025-11-09 05:11:20] [3/15] 285A.T: best train_pf_eff=2.053, forward_pf_eff=2.494, trades=31/18
[2025-11-09 05:11:32] [4/15] 6525.T: best train_pf_eff=999.000, forward_pf_eff=999.000, trades=6/2
[2025-11-09 05:12:15] [5/15] 5801.T: best train_pf_eff=8.169, forward_pf_eff=4.064, trades=17/9
[2025-11-09 05:12:22] [6/15] 6526.T: best train_pf_eff=5.792, forward_pf_eff=5.157, trades=23/7
[2025-11-09 05:12:24] [7/15] 6857.T: best train_pf_eff=1.951, forward_pf_eff=2.635, trades=46/18
[2025-11-09 05:12:28] [8/15] 5016.T: best train_pf_eff=6.256, forward_pf_eff=10.733, trades=28/8
[2025-11-09 05:12:33] [9/15] 7014.T: best train_pf_eff=0.000, forward_pf_eff=0.000, trades=0/0
[2025-11-09 05:13:02] [10/15] 7735.T: best train_pf_eff=2.068, forward_pf_eff=2.068, trades=4/2
[2025-11-09 05:13:22] [11/15] 7012.T: best train_pf_eff=2.564, forward_pf_eff=6.512, trades=37/10
[2025-11-09 05:13:23] [12/15] 9432.T: best train_pf_eff=0.000, forward_pf_eff=0.000, trades=0/0
[2025-11-09 05:14:10] [13/15] 8035.T: best train_pf_eff=7.012, forward_pf_eff=999.000, trades=18/5
[2025-11-09 05:14:22] [14/15] 8411.T: best train_pf_eff=52.003, forward_pf_eff=999.000, trades=19/6
[2025-11-09 05:14:22] [15/15] 8136.T: best train_pf_eff=0.876, forward_pf_eff=6.017, trades=48/17
[2025-11-09 05:14:22] Cache reuse: 0/1440 combos (0.0%) served from cache
[2025-11-09 05:14:22] ASHA pruned 2880 parameter combos prior to full evaluation
[2025-11-09 05:14:22] Run completed in 5.8 minutes
