[2025-11-08 21:44:53] Run started
[2025-11-08 21:44:53] Run type resolved to weekend
[2025-11-08 21:45:00] Entry window marks set: 28014 rows flagged out of 217955
[2025-11-08 21:45:00] Liquidity filter q=0.50 kept 15 tickers and 113451 rows
[2025-11-08 21:45:00] Using 5 rolling slices (train=12, forward=4)
[2025-11-08 21:45:00] Parameter grid size: 288 (mode=coarse, signal=j-cross)
[2025-11-08 21:46:06] [1/15] 5706.T: best train_pf_eff=2.629, forward_pf_eff=2.629, trades=6/3
[2025-11-08 21:46:45] [2/15] 1357.T: best train_pf_eff=999.000, forward_pf_eff=4.768, trades=7/8
[2025-11-08 21:47:10] [3/15] 285A.T: best train_pf_eff=999.000, forward_pf_eff=999.000, trades=6/3
[2025-11-08 21:47:19] [4/15] 6525.T: best train_pf_eff=7.653, forward_pf_eff=7.640, trades=12/4
[2025-11-08 21:47:53] [5/15] 5801.T: best train_pf_eff=3.339, forward_pf_eff=4.064, trades=16/9
[2025-11-08 21:48:06] [6/15] 6526.T: best train_pf_eff=0.000, forward_pf_eff=6.837, trades=14/4
[2025-11-08 21:48:10] [7/15] 6857.T: best train_pf_eff=2.637, forward_pf_eff=3.665, trades=37/18
[2025-11-08 21:48:11] [8/15] 5016.T: best train_pf_eff=4.223, forward_pf_eff=4.054, trades=43/13
[2025-11-08 21:48:18] [9/15] 7014.T: best train_pf_eff=0.000, forward_pf_eff=0.000, trades=0/0
[2025-11-08 21:48:46] [10/15] 7735.T: best train_pf_eff=2.068, forward_pf_eff=2.068, trades=2/2
[2025-11-08 21:48:57] [11/15] 7012.T: best train_pf_eff=1.878, forward_pf_eff=999.000, trades=21/5
[2025-11-08 21:49:07] [12/15] 9432.T: best train_pf_eff=0.000, forward_pf_eff=0.000, trades=0/0
[2025-11-08 21:49:48] [13/15] 8035.T: best train_pf_eff=4.639, forward_pf_eff=999.000, trades=27/8
[2025-11-08 21:49:53] [14/15] 8136.T: best train_pf_eff=0.858, forward_pf_eff=5.836, trades=50/15
[2025-11-08 21:49:56] [15/15] 8411.T: best train_pf_eff=7.663, forward_pf_eff=999.000, trades=24/6
[2025-11-08 21:49:56] Cache reuse: 0/1440 combos (0.0%) served from cache
[2025-11-08 21:49:56] ASHA pruned 2880 parameter combos prior to full evaluation
[2025-11-08 21:49:56] Run completed in 5.0 minutes
