[2025-11-09 19:37:24] Run started
[2025-11-09 19:37:24] Run type resolved to weekend
[2025-11-09 19:37:33] Entry window marks set: 50007 rows flagged out of 225031
[2025-11-09 19:37:33] Liquidity filter q=0.30 kept 20 tickers and 162977 rows
[2025-11-09 19:37:33] Using 5 rolling slices (train=12, forward=4)
[2025-11-09 19:37:33] Parameter grid size: 288 (mode=coarse, signal=j-only)
[2025-11-09 19:43:21] [1/20] 1579.T: best train_pf_eff=999.000, forward_pf_eff=0.995, trades=50/90
[2025-11-09 19:44:49] [2/20] 1357.T: best train_pf_eff=0.000, forward_pf_eff=2.315, trades=0/29
[2025-11-09 19:45:07] [3/20] 285A.T: best train_pf_eff=0.000, forward_pf_eff=999.000, trades=0/4
[2025-11-09 19:48:08] [4/20] 5706.T: best train_pf_eff=0.854, forward_pf_eff=1.019, trades=289/79
[2025-11-09 19:48:25] [5/20] 5801.T: best train_pf_eff=0.679, forward_pf_eff=0.573, trades=390/195
[2025-11-09 19:48:38] [6/20] 6525.T: best train_pf_eff=0.000, forward_pf_eff=3.002, trades=0/18
[2025-11-09 19:48:58] [7/20] 6526.T: best train_pf_eff=1.022, forward_pf_eff=6.215, trades=144/13
[2025-11-09 19:49:23] [8/20] 5016.T: best train_pf_eff=1.744, forward_pf_eff=5.484, trades=257/34
[2025-11-09 19:49:55] [9/20] 7014.T: best train_pf_eff=1.307, forward_pf_eff=1.773, trades=68/46
[2025-11-09 19:52:05] [10/20] 8053.T: best train_pf_eff=0.000, forward_pf_eff=0.000, trades=0/0
[2025-11-09 19:52:32] [11/20] 8105.T: best train_pf_eff=0.000, forward_pf_eff=0.000, trades=0/0
[2025-11-09 19:52:35] [12/20] 7269.T: best train_pf_eff=999.000, forward_pf_eff=999.000, trades=6/2
[2025-11-09 19:55:35] [13/20] 6857.T: best train_pf_eff=0.639, forward_pf_eff=0.865, trades=734/255
[2025-11-09 19:55:55] [14/20] 7012.T: best train_pf_eff=0.193, forward_pf_eff=999.000, trades=83/2
[2025-11-09 19:59:12] [15/20] 7735.T: best train_pf_eff=0.644, forward_pf_eff=0.265, trades=395/176
[2025-11-09 19:59:34] [16/20] 8035.T: best train_pf_eff=2.709, forward_pf_eff=999.000, trades=102/19
[2025-11-09 19:59:57] [17/20] 9107.T: best train_pf_eff=0.422, forward_pf_eff=0.422, trades=156/52
[2025-11-09 20:02:15] [18/20] 8136.T: best train_pf_eff=0.532, forward_pf_eff=0.438, trades=732/208
[2025-11-09 20:03:30] [19/20] 9432.T: best train_pf_eff=1.512, forward_pf_eff=0.483, trades=930/393
[2025-11-09 20:03:43] [20/20] 8411.T: best train_pf_eff=1.402, forward_pf_eff=1.273, trades=999/321
[2025-11-09 20:03:43] Cache reuse: 0/1920 combos (0.0%) served from cache
[2025-11-09 20:03:43] ASHA pruned 3840 parameter combos prior to full evaluation
[2025-11-09 20:03:43] Run completed in 26.3 minutes
