[2025-11-09 07:50:47] Run started
[2025-11-09 07:50:47] Run type resolved to weekday
[2025-11-09 07:50:47] Low-priority gating removed 11 tickers (remaining 9)
[2025-11-09 07:50:50] Entry window marks set: 3651 rows flagged out of 102608
[2025-11-09 07:50:50] Liquidity filter q=0.50 kept 9 tickers and 55350 rows
[2025-11-09 07:50:50] Using 5 rolling slices (train=12, forward=4)
[2025-11-09 07:50:50] Parameter grid size: 28 (mode=coarse, signal=j-cross)
[2025-11-09 07:50:50] Ineffective-band mask skipped (would remove all parameter combinations)
[2025-11-09 07:50:55] [1/9] 285A.T: best train_pf_eff=0.000, forward_pf_eff=0.000, trades=9/4
[2025-11-09 07:50:55] [2/9] 6526.T: best train_pf_eff=999.000, forward_pf_eff=0.000, trades=2/0
[2025-11-09 07:50:55] [3/9] 7012.T: best train_pf_eff=999.000, forward_pf_eff=0.000, trades=2/0
[2025-11-09 07:50:56] [4/9] 5801.T: best train_pf_eff=999.000, forward_pf_eff=0.000, trades=1/0
[2025-11-09 07:50:56] [5/9] 6857.T: best train_pf_eff=4.579, forward_pf_eff=0.000, trades=5/1
[2025-11-09 07:50:56] [6/9] 8136.T: best train_pf_eff=0.355, forward_pf_eff=2.528, trades=18/5
[2025-11-09 07:50:56] [7/9] 8035.T: best train_pf_eff=2.537, forward_pf_eff=0.595, trades=16/4
[2025-11-09 07:50:56] [8/9] 5016.T: best train_pf_eff=1.378, forward_pf_eff=3.320, trades=8/3
[2025-11-09 07:50:56] [9/9] 8411.T: best train_pf_eff=0.000, forward_pf_eff=0.000, trades=0/0
[2025-11-09 07:50:56] Cache reuse: 90/90 combos (100.0%) served from cache
[2025-11-09 07:50:56] ASHA pruned 162 parameter combos prior to full evaluation
[2025-11-09 07:50:57] Excel summary written to output\bt30\NIGHTLY_20251109\RUN_coarse_AM15_j-cross\summary_20251109_075056.xlsx
[2025-11-09 07:50:57] Run completed in 0.2 minutes
