[2025-11-08 20:20:21] Run started
[2025-11-08 20:20:21] Run type resolved to weekend
[2025-11-08 20:20:34] Entry window marks set: 7867 rows flagged out of 217955
[2025-11-08 20:20:34] Liquidity filter q=0.50 kept 15 tickers and 113451 rows
[2025-11-08 20:20:34] Using 5 rolling slices (train=12, forward=4)
[2025-11-08 20:20:34] Parameter grid size: 288 (mode=coarse, signal=j-only)
[2025-11-08 20:21:38] [1/15] 5706.T: best train_pf_eff=999.000, forward_pf_eff=999.000, trades=2/1
[2025-11-08 20:22:08] [2/15] 1357.T: best train_pf_eff=999.000, forward_pf_eff=999.000, trades=2/6
[2025-11-08 20:22:30] [3/15] 285A.T: best train_pf_eff=3.210, forward_pf_eff=3.210, trades=9/3
[2025-11-08 20:22:39] [4/15] 6525.T: best train_pf_eff=999.000, forward_pf_eff=999.000, trades=18/6
[2025-11-08 20:23:17] [5/15] 5801.T: best train_pf_eff=2.928, forward_pf_eff=4.030, trades=10/4
[2025-11-08 20:23:21] [6/15] 6857.T: best train_pf_eff=3.896, forward_pf_eff=0.705, trades=15/4
[2025-11-08 20:23:22] [7/15] 6526.T: best train_pf_eff=8.872, forward_pf_eff=999.000, trades=11/4
[2025-11-08 20:23:24] [8/15] 5016.T: best train_pf_eff=5.034, forward_pf_eff=4.184, trades=16/4
[2025-11-08 20:23:30] [9/15] 7014.T: best train_pf_eff=0.000, forward_pf_eff=0.000, trades=0/0
[2025-11-08 20:23:52] [10/15] 7735.T: best train_pf_eff=999.000, forward_pf_eff=999.000, trades=1/1
[2025-11-08 20:24:05] [11/15] 7012.T: best train_pf_eff=999.000, forward_pf_eff=999.000, trades=15/3
[2025-11-08 20:24:11] [12/15] 9432.T: best train_pf_eff=0.000, forward_pf_eff=0.000, trades=0/0
[2025-11-08 20:24:46] [13/15] 8035.T: best train_pf_eff=999.000, forward_pf_eff=999.000, trades=8/2
[2025-11-08 20:24:56] [14/15] 8136.T: best train_pf_eff=1.613, forward_pf_eff=2.901, trades=34/5
[2025-11-08 20:24:58] [15/15] 8411.T: best train_pf_eff=10.953, forward_pf_eff=11.405, trades=23/6
[2025-11-08 20:24:58] Cache reuse: 0/1440 combos (0.0%) served from cache
[2025-11-08 20:24:58] ASHA pruned 2880 parameter combos prior to full evaluation
[2025-11-08 20:24:58] Run completed in 4.6 minutes
