[2025-11-09 00:23:36] Run started
[2025-11-09 00:23:36] Run type resolved to weekday
[2025-11-09 00:23:36] Low-priority gating removed 10 tickers (remaining 10)
[2025-11-09 00:23:38] Entry window marks set: 3949 rows flagged out of 110965
[2025-11-09 00:23:39] Liquidity filter q=0.50 kept 9 tickers and 55350 rows
[2025-11-09 00:23:39] Using 5 rolling slices (train=12, forward=4)
[2025-11-09 00:23:39] Parameter grid size: 28 (mode=coarse, signal=j-cross)
[2025-11-09 00:23:39] Ineffective-band mask skipped (would remove all parameter combinations)
[2025-11-09 00:23:47] [1/9] 6526.T: best train_pf_eff=999.000, forward_pf_eff=0.000, trades=2/0
[2025-11-09 00:23:50] [2/9] 7012.T: best train_pf_eff=999.000, forward_pf_eff=0.000, trades=2/0
[2025-11-09 00:23:51] [3/9] 5801.T: best train_pf_eff=999.000, forward_pf_eff=0.000, trades=1/0
[2025-11-09 00:23:51] [4/9] 285A.T: best train_pf_eff=0.000, forward_pf_eff=0.000, trades=9/4
[2025-11-09 00:23:53] [5/9] 8411.T: best train_pf_eff=0.000, forward_pf_eff=0.000, trades=0/0
[2025-11-09 00:23:53] [6/9] 8136.T: best train_pf_eff=0.355, forward_pf_eff=2.528, trades=18/5
[2025-11-09 00:23:54] [7/9] 5016.T: best train_pf_eff=1.378, forward_pf_eff=3.320, trades=8/3
[2025-11-09 00:23:54] [8/9] 6857.T: best train_pf_eff=4.579, forward_pf_eff=0.000, trades=5/1
[2025-11-09 00:23:54] [9/9] 8035.T: best train_pf_eff=2.537, forward_pf_eff=0.595, trades=16/4
[2025-11-09 00:23:54] Cache reuse: 0/90 combos (0.0%) served from cache
[2025-11-09 00:23:54] ASHA pruned 162 parameter combos prior to full evaluation
[2025-11-09 00:23:54] Excel summary written to output\bt30\NIGHTLY_20251109\RUN_coarse_AM15_j-cross\summary_20251109_002354.xlsx
[2025-11-09 00:23:54] Run completed in 0.3 minutes
