[2025-11-10 14:48:13] Run started
[2025-11-10 14:48:13] Run type resolved to weekend
[2025-11-10 14:48:14] Codes loaded from output\bt30\NIGHTLY_20251110\RUN_coarse_AM15_j-only\_TOP_CANDIDATES.csv: 13 tickers
[2025-11-10 14:48:20] Entry window marks set: 5081 rows flagged out of 142481
[2025-11-10 14:48:20] Liquidity filter q=0.30 kept 12 tickers and 99729 rows
[2025-11-10 14:48:20] Using 5 rolling slices (train=12, forward=4)
[2025-11-10 14:48:20] Parameter grid size: 720 (mode=refine, signal=j-only)
[2025-11-10 14:56:15] [1/12] 5706.T: best train_pf_eff=2.044, forward_pf_eff=999.000, trades=6/1
[2025-11-10 15:00:04] [2/12] 1357.T: best train_pf_eff=999.000, forward_pf_eff=999.000, trades=3/7
[2025-11-10 15:02:53] [3/12] 6525.T: best train_pf_eff=999.000, forward_pf_eff=999.000, trades=18/6
[2025-11-10 15:04:57] [4/12] 285A.T: best train_pf_eff=999.000, forward_pf_eff=999.000, trades=14/5
[2025-11-10 15:07:26] [5/12] 6526.T: best train_pf_eff=11.397, forward_pf_eff=999.000, trades=13/2
[2025-11-10 15:07:35] [6/12] 5016.T: best train_pf_eff=6.464, forward_pf_eff=6.733, trades=14/4
[2025-11-10 15:07:39] [7/12] 6857.T: best train_pf_eff=4.368, forward_pf_eff=2.640, trades=16/4
[2025-11-10 15:08:06] [8/12] 5801.T: best train_pf_eff=3.998, forward_pf_eff=2.806, trades=12/3
[2025-11-10 15:08:30] [9/12] 7735.T: best train_pf_eff=999.000, forward_pf_eff=999.000, trades=2/1
[2025-11-10 15:11:43] [10/12] 7012.T: best train_pf_eff=999.000, forward_pf_eff=999.000, trades=9/3
[2025-11-10 15:13:24] [11/12] 8136.T: best train_pf_eff=1.744, forward_pf_eff=999.000, trades=70/8
[2025-11-10 15:13:30] [12/12] 8411.T: best train_pf_eff=4.352, forward_pf_eff=2.310, trades=30/4
[2025-11-10 15:13:30] Cache reuse: 0/9072 combos (0.0%) served from cache
[2025-11-10 15:13:30] Bayesian refine trials executed: 432
[2025-11-10 15:13:30] Refine candidates exported to output\excel\NIGHTLY_20251110\AM15_j-only\candidates_20251110.csv
[2025-11-10 15:13:30] Run completed in 25.3 minutes
