[2025-11-06 00:51:24] Run started
[2025-11-06 00:51:24] Run type resolved to weekend
[2025-11-06 00:51:29] Fetching Yahoo Finance 1m bars for 20 tickers (lookback=60, chunk=5)
[2025-11-06 00:51:58] Fetching Yahoo Finance 1m bars for 1 tickers (lookback=60, chunk=5)
[2025-11-06 00:52:19] Entry window marks set: 59743 rows flagged out of 222460
[2025-11-06 00:52:19] Liquidity filter q=0.50 kept 15 tickers and 115793 rows
[2025-11-06 00:52:19] Using 5 rolling slices (train=12, forward=4)
[2025-11-06 00:52:19] Parameter grid size: 240 (mode=coarse, signal=j-only)
[2025-11-06 00:55:36] [1/15] 5706.T: best train_pf_eff=0.749, forward_pf_eff=0.749, trades=130/65
[2025-11-06 00:56:19] [2/15] 1357.T: best train_pf_eff=999.000, forward_pf_eff=999.000, trades=48/26
[2025-11-06 00:57:51] [3/15] 285A.T: best train_pf_eff=2.903, forward_pf_eff=3.138, trades=53/60
[2025-11-06 00:59:23] [4/15] 6525.T: best train_pf_eff=999.000, forward_pf_eff=999.000, trades=86/29
[2025-11-06 01:03:00] [5/15] 5801.T: best train_pf_eff=0.676, forward_pf_eff=0.424, trades=456/249
[2025-11-06 01:03:12] [6/15] 5016.T: best train_pf_eff=2.634, forward_pf_eff=5.996, trades=408/90
[2025-11-06 01:03:47] [7/15] 7014.T: best train_pf_eff=0.000, forward_pf_eff=0.000, trades=0/0
[2025-11-06 01:09:01] [8/15] 7735.T: best train_pf_eff=0.454, forward_pf_eff=0.454, trades=64/64
[2025-11-06 01:10:41] [9/15] 6857.T: best train_pf_eff=0.641, forward_pf_eff=0.923, trades=742/347
[2025-11-06 01:10:44] [10/15] 6526.T: best train_pf_eff=0.579, forward_pf_eff=7.099, trades=260/39
[2025-11-06 01:12:11] [11/15] 7012.T: best train_pf_eff=0.547, forward_pf_eff=0.574, trades=695/173
[2025-11-06 01:14:03] [12/15] 9432.T: best train_pf_eff=0.000, forward_pf_eff=0.000, trades=0/0
[2025-11-06 01:16:30] [13/15] 8035.T: best train_pf_eff=0.685, forward_pf_eff=0.846, trades=707/206
[2025-11-06 01:17:24] [14/15] 8136.T: best train_pf_eff=0.433, forward_pf_eff=0.474, trades=1174/223
[2025-11-06 01:17:48] [15/15] 8411.T: best train_pf_eff=1.110, forward_pf_eff=1.464, trades=711/166
[2025-11-06 01:17:48] Cache reuse: 0/1200 combos (0.0%) served from cache
[2025-11-06 01:17:48] ASHA pruned 2400 parameter combos prior to full evaluation
[2025-11-06 01:17:48] Excel summary written to C:\AI\asagake\output\bt30\WEEKLY_\NIGHTLY_20251105\RUN_coarse_AM1030_j-only\summary_20251106_011748.xlsx
[2025-11-06 01:17:48] Run completed in 26.4 minutes
