[2025-11-07 16:45:26] Run started
[2025-11-07 16:45:26] Run type resolved to weekend
[2025-11-07 16:45:33] Entry window marks set: 18347 rows flagged out of 222707
[2025-11-07 16:45:33] Liquidity filter q=0.50 kept 15 tickers and 116050 rows
[2025-11-07 16:45:33] Using 5 rolling slices (train=12, forward=4)
[2025-11-07 16:45:33] Parameter grid size: 288 (mode=coarse, signal=j-only)
[2025-11-07 16:47:40] [1/15] 5706.T: best train_pf_eff=999.000, forward_pf_eff=999.000, trades=18/9
[2025-11-07 16:48:22] [2/15] 1357.T: best train_pf_eff=999.000, forward_pf_eff=999.000, trades=12/9
[2025-11-07 16:49:01] [3/15] 285A.T: best train_pf_eff=2.435, forward_pf_eff=2.434, trades=8/8
[2025-11-07 16:49:10] [4/15] 6525.T: best train_pf_eff=999.000, forward_pf_eff=999.000, trades=42/14
[2025-11-07 16:50:14] [5/15] 6526.T: best train_pf_eff=1.558, forward_pf_eff=999.000, trades=26/6
[2025-11-07 16:50:17] [6/15] 6857.T: best train_pf_eff=0.779, forward_pf_eff=1.099, trades=182/91
[2025-11-07 16:50:21] [7/15] 5801.T: best train_pf_eff=4.080, forward_pf_eff=999.000, trades=31/17
[2025-11-07 16:50:44] [8/15] 5016.T: best train_pf_eff=3.904, forward_pf_eff=999.000, trades=103/22
[2025-11-07 16:50:44] [9/15] 7014.T: best train_pf_eff=0.000, forward_pf_eff=0.000, trades=0/0
[2025-11-07 16:51:23] [10/15] 7735.T: best train_pf_eff=999.000, forward_pf_eff=999.000, trades=13/13
[2025-11-07 16:52:05] [11/15] 9432.T: best train_pf_eff=0.000, forward_pf_eff=0.000, trades=0/0
[2025-11-07 16:52:26] [12/15] 7012.T: best train_pf_eff=1.647, forward_pf_eff=999.000, trades=73/16
[2025-11-07 16:53:14] [13/15] 8035.T: best train_pf_eff=11.145, forward_pf_eff=999.000, trades=64/19
[2025-11-07 16:53:28] [14/15] 8411.T: best train_pf_eff=999.000, forward_pf_eff=999.000, trades=36/13
[2025-11-07 16:53:33] [15/15] 8136.T: best train_pf_eff=0.740, forward_pf_eff=0.819, trades=288/63
[2025-11-07 16:53:33] Cache reuse: 0/1440 combos (0.0%) served from cache
[2025-11-07 16:53:33] ASHA pruned 2880 parameter combos prior to full evaluation
[2025-11-07 16:53:33] Run completed in 8.1 minutes
