[2025-11-10 09:09:37] Run started
[2025-11-10 09:09:37] Run type resolved to weekday
[2025-11-10 09:09:37] Low-priority gating removed 4 tickers (remaining 17)
[2025-11-10 09:09:45] Entry window marks set: 6512 rows flagged out of 182130
[2025-11-10 09:09:45] Liquidity filter q=0.50 kept 15 tickers and 96845 rows
[2025-11-10 09:09:45] Using 5 rolling slices (train=12, forward=4)
[2025-11-10 09:09:45] Parameter grid size: 28 (mode=coarse, signal=j-cross)
[2025-11-10 09:09:45] Ineffective-band mask skipped (would remove all parameter combinations)
[2025-11-10 09:09:54] [1/15] 285A.T: best train_pf_eff=0.000, forward_pf_eff=0.000, trades=9/4
[2025-11-10 09:09:57] [2/15] 1357.T: best train_pf_eff=0.000, forward_pf_eff=0.000, trades=0/2
[2025-11-10 09:09:58] [3/15] 5706.T: best train_pf_eff=999.000, forward_pf_eff=999.000, trades=3/1
[2025-11-10 09:10:00] [4/15] 6525.T: best train_pf_eff=0.000, forward_pf_eff=0.000, trades=0/0
[2025-11-10 09:10:04] [5/15] 7014.T: best train_pf_eff=0.000, forward_pf_eff=0.000, trades=0/0
[2025-11-10 09:10:10] [6/15] 6526.T: best train_pf_eff=4.763, forward_pf_eff=2.148, trades=8/3
[2025-11-10 09:10:10] [7/15] 7735.T: best train_pf_eff=0.000, forward_pf_eff=0.000, trades=0/0
[2025-11-10 09:10:11] [8/15] 6857.T: best train_pf_eff=4.580, forward_pf_eff=0.000, trades=5/1
[2025-11-10 09:10:11] [9/15] 5016.T: best train_pf_eff=1.264, forward_pf_eff=3.307, trades=11/3
[2025-11-10 09:10:15] [10/15] 5801.T: best train_pf_eff=0.860, forward_pf_eff=0.551, trades=11/5
[2025-11-10 09:10:17] [11/15] 9432.T: best train_pf_eff=0.000, forward_pf_eff=0.000, trades=0/0
[2025-11-10 09:10:18] [12/15] 7012.T: best train_pf_eff=2.537, forward_pf_eff=5.742, trades=10/4
[2025-11-10 09:10:21] [13/15] 8035.T: best train_pf_eff=1.712, forward_pf_eff=0.430, trades=20/4
[2025-11-10 09:10:22] [14/15] 8136.T: best train_pf_eff=2.871, forward_pf_eff=999.000, trades=13/4
[2025-11-10 09:10:22] [15/15] 8411.T: best train_pf_eff=999.000, forward_pf_eff=0.000, trades=6/0
[2025-11-10 09:10:22] Cache reuse: 30/150 combos (20.0%) served from cache
[2025-11-10 09:10:22] ASHA pruned 270 parameter combos prior to full evaluation
[2025-11-10 09:10:23] Excel summary written to output\bt30\NIGHTLY_20251110\RUN_coarse_AM15_j-cross\summary_20251110_091022.xlsx
[2025-11-10 09:10:23] Run completed in 0.8 minutes
