[2025-11-05 23:26:36] Run started
[2025-11-05 23:26:36] Run type resolved to weekend
[2025-11-05 23:26:41] Fetching Yahoo Finance 1m bars for 20 tickers (lookback=60, chunk=5)
[2025-11-05 23:27:10] Fetching Yahoo Finance 1m bars for 1 tickers (lookback=60, chunk=5)
[2025-11-05 23:27:35] Entry window marks set: 17818 rows flagged out of 216205
[2025-11-05 23:27:35] Liquidity filter q=0.50 kept 20 tickers and 112618 rows
[2025-11-05 23:27:35] Using 5 rolling slices (train=12, forward=4)
[2025-11-05 23:27:35] Parameter grid size: 240 (mode=coarse, signal=j-cross)
[2025-11-05 23:28:08] [1/20] 1579.T: best train_pf_eff=0.000, forward_pf_eff=0.000, trades=0/0
[2025-11-05 23:28:22] [2/20] 5706.T: best train_pf_eff=2.310, forward_pf_eff=2.310, trades=6/3
[2025-11-05 23:28:26] [3/20] 1357.T: best train_pf_eff=999.000, forward_pf_eff=999.000, trades=6/4
[2025-11-05 23:28:41] [4/20] 285A.T: best train_pf_eff=3.488, forward_pf_eff=1.720, trades=14/8
[2025-11-05 23:29:12] [5/20] 6740.T: best train_pf_eff=0.000, forward_pf_eff=0.000, trades=0/0
[2025-11-05 23:29:36] [6/20] 5801.T: best train_pf_eff=1.141, forward_pf_eff=2.234, trades=14/8
[2025-11-05 23:29:37] [7/20] 5016.T: best train_pf_eff=0.863, forward_pf_eff=6.683, trades=42/9
[2025-11-05 23:29:51] [8/20] 6525.T: best train_pf_eff=999.000, forward_pf_eff=999.000, trades=15/5
[2025-11-05 23:30:12] [9/20] 7269.T: best train_pf_eff=0.000, forward_pf_eff=0.000, trades=0/0
[2025-11-05 23:30:21] [10/20] 7014.T: best train_pf_eff=0.000, forward_pf_eff=0.000, trades=0/0
[2025-11-05 23:30:35] [11/20] 6526.T: best train_pf_eff=3.014, forward_pf_eff=4.682, trades=36/10
[2025-11-05 23:30:35] [12/20] 6857.T: best train_pf_eff=2.387, forward_pf_eff=5.327, trades=25/15
[2025-11-05 23:30:42] [13/20] 7735.T: best train_pf_eff=999.000, forward_pf_eff=999.000, trades=5/5
[2025-11-05 23:31:07] [14/20] 7012.T: best train_pf_eff=1.322, forward_pf_eff=5.209, trades=36/7
[2025-11-05 23:31:09] [15/20] 8053.T: best train_pf_eff=0.000, forward_pf_eff=0.000, trades=0/0
[2025-11-05 23:31:19] [16/20] 8105.T: best train_pf_eff=0.000, forward_pf_eff=0.000, trades=0/0
[2025-11-05 23:31:38] [17/20] 9432.T: best train_pf_eff=0.000, forward_pf_eff=0.000, trades=0/0
[2025-11-05 23:31:53] [18/20] 8035.T: best train_pf_eff=1.408, forward_pf_eff=3.530, trades=23/8
[2025-11-05 23:32:08] [19/20] 8411.T: best train_pf_eff=999.000, forward_pf_eff=999.000, trades=27/9
[2025-11-05 23:32:08] [20/20] 8136.T: best train_pf_eff=1.298, forward_pf_eff=7.692, trades=57/10
[2025-11-05 23:32:08] Cache reuse: 96/1600 combos (6.0%) served from cache
[2025-11-05 23:32:08] ASHA pruned 3200 parameter combos prior to full evaluation
[2025-11-05 23:32:08] Excel summary written to C:\AI\asagake\output\bt30\WEEKLY_\NIGHTLY_20251105\RUN_coarse_AM0930_j-cross\summary_20251105_233208.xlsx
[2025-11-05 23:32:08] Run completed in 5.5 minutes
