[2025-11-07 21:52:35] Run started
[2025-11-07 21:52:35] Run type resolved to weekend
[2025-11-07 21:52:49] Entry window marks set: 18347 rows flagged out of 222707
[2025-11-07 21:52:50] Liquidity filter q=0.50 kept 15 tickers and 116050 rows
[2025-11-07 21:52:50] Using 5 rolling slices (train=12, forward=4)
[2025-11-07 21:52:50] Parameter grid size: 288 (mode=coarse, signal=j-cross)
[2025-11-07 21:54:17] [1/15] 5706.T: best train_pf_eff=999.000, forward_pf_eff=999.000, trades=4/2
[2025-11-07 21:54:51] [2/15] 1357.T: best train_pf_eff=999.000, forward_pf_eff=999.000, trades=5/5
[2025-11-07 21:55:13] [3/15] 285A.T: best train_pf_eff=999.000, forward_pf_eff=999.000, trades=2/2
[2025-11-07 21:55:19] [4/15] 6525.T: best train_pf_eff=999.000, forward_pf_eff=999.000, trades=15/5
[2025-11-07 21:55:53] [5/15] 5801.T: best train_pf_eff=5.457, forward_pf_eff=999.000, trades=15/7
[2025-11-07 21:55:55] [6/15] 6857.T: best train_pf_eff=2.387, forward_pf_eff=4.944, trades=25/14
[2025-11-07 21:56:03] [7/15] 6526.T: best train_pf_eff=2.839, forward_pf_eff=4.806, trades=31/8
[2025-11-07 21:56:22] [8/15] 5016.T: best train_pf_eff=2.157, forward_pf_eff=999.000, trades=32/6
[2025-11-07 21:56:25] [9/15] 7014.T: best train_pf_eff=0.000, forward_pf_eff=0.000, trades=0/0
[2025-11-07 21:56:51] [10/15] 7735.T: best train_pf_eff=999.000, forward_pf_eff=999.000, trades=5/5
[2025-11-07 21:57:10] [11/15] 9432.T: best train_pf_eff=0.000, forward_pf_eff=0.000, trades=0/0
[2025-11-07 21:57:31] [12/15] 7012.T: best train_pf_eff=0.524, forward_pf_eff=999.000, trades=10/3
[2025-11-07 21:57:58] [13/15] 8035.T: best train_pf_eff=2.004, forward_pf_eff=5.029, trades=23/8
[2025-11-07 21:58:04] [14/15] 8411.T: best train_pf_eff=28.443, forward_pf_eff=999.000, trades=37/9
[2025-11-07 21:58:05] [15/15] 8136.T: best train_pf_eff=1.687, forward_pf_eff=8.920, trades=47/9
[2025-11-07 21:58:05] Cache reuse: 0/1440 combos (0.0%) served from cache
[2025-11-07 21:58:05] ASHA pruned 2880 parameter combos prior to full evaluation
[2025-11-07 21:58:05] Run completed in 5.5 minutes
