[2025-11-10 07:34:40] Run started
[2025-11-10 07:34:40] Run type resolved to weekend
[2025-11-10 07:34:51] Entry window marks set: 59058 rows flagged out of 220095
[2025-11-10 07:34:51] Liquidity filter q=0.30 kept 20 tickers and 159455 rows
[2025-11-10 07:34:51] Using 5 rolling slices (train=12, forward=4)
[2025-11-10 07:34:51] Parameter grid size: 288 (mode=coarse, signal=j-cross)
[2025-11-10 07:37:36] [1/20] 1579.T: best train_pf_eff=999.000, forward_pf_eff=4.178, trades=11/16
[2025-11-10 07:38:41] [2/20] 1357.T: best train_pf_eff=4.803, forward_pf_eff=2.010, trades=33/23
[2025-11-10 07:38:45] [3/20] 285A.T: best train_pf_eff=999.000, forward_pf_eff=999.000, trades=26/14
[2025-11-10 07:39:20] [4/20] 5706.T: best train_pf_eff=2.922, forward_pf_eff=6.989, trades=31/12
[2025-11-10 07:39:32] [5/20] 5801.T: best train_pf_eff=1.512, forward_pf_eff=1.872, trades=47/18
[2025-11-10 07:39:34] [6/20] 6525.T: best train_pf_eff=5.537, forward_pf_eff=3.381, trades=57/30
[2025-11-10 07:39:38] [7/20] 6526.T: best train_pf_eff=2.534, forward_pf_eff=2.998, trades=60/17
[2025-11-10 07:39:39] [8/20] 5016.T: best train_pf_eff=2.694, forward_pf_eff=9.190, trades=52/11
[2025-11-10 07:40:40] [9/20] 7014.T: best train_pf_eff=999.000, forward_pf_eff=999.000, trades=14/9
[2025-11-10 07:40:55] [10/20] 8053.T: best train_pf_eff=0.000, forward_pf_eff=0.000, trades=0/0
[2025-11-10 07:41:00] [11/20] 8105.T: best train_pf_eff=0.000, forward_pf_eff=999.000, trades=0/9
[2025-11-10 07:41:21] [12/20] 7269.T: best train_pf_eff=999.000, forward_pf_eff=999.000, trades=6/2
[2025-11-10 07:42:45] [13/20] 6857.T: best train_pf_eff=2.224, forward_pf_eff=2.440, trades=70/28
[2025-11-10 07:43:15] [14/20] 7012.T: best train_pf_eff=0.625, forward_pf_eff=1.931, trades=48/20
[2025-11-10 07:44:01] [15/20] 7735.T: best train_pf_eff=1.073, forward_pf_eff=0.478, trades=64/11
[2025-11-10 07:44:12] [16/20] 8035.T: best train_pf_eff=1.132, forward_pf_eff=5.320, trades=64/24
[2025-11-10 07:44:16] [17/20] 9107.T: best train_pf_eff=2.386, forward_pf_eff=2.386, trades=27/9
[2025-11-10 07:45:23] [18/20] 8136.T: best train_pf_eff=1.293, forward_pf_eff=2.475, trades=79/23
[2025-11-10 07:45:28] [19/20] 8411.T: best train_pf_eff=1.548, forward_pf_eff=2.652, trades=103/30
[2025-11-10 07:45:38] [20/20] 9432.T: best train_pf_eff=0.346, forward_pf_eff=21.629, trades=36/8
[2025-11-10 07:45:38] Cache reuse: 0/1920 combos (0.0%) served from cache
[2025-11-10 07:45:38] ASHA pruned 3840 parameter combos prior to full evaluation
[2025-11-10 07:45:38] Run completed in 11.0 minutes
