[2025-11-09 20:25:41] Run started
[2025-11-09 20:25:41] Run type resolved to weekend
[2025-11-09 20:25:52] Entry window marks set: 50007 rows flagged out of 225031
[2025-11-09 20:25:53] Liquidity filter q=0.30 kept 20 tickers and 162977 rows
[2025-11-09 20:25:53] Using 5 rolling slices (train=12, forward=4)
[2025-11-09 20:25:53] Parameter grid size: 288 (mode=coarse, signal=j-cross)
[2025-11-09 20:28:25] [1/20] 1579.T: best train_pf_eff=999.000, forward_pf_eff=8.436, trades=8/11
[2025-11-09 20:28:51] [2/20] 1357.T: best train_pf_eff=999.000, forward_pf_eff=2.395, trades=30/20
[2025-11-09 20:28:58] [3/20] 285A.T: best train_pf_eff=999.000, forward_pf_eff=999.000, trades=25/13
[2025-11-09 20:30:00] [4/20] 5706.T: best train_pf_eff=2.102, forward_pf_eff=3.686, trades=37/16
[2025-11-09 20:30:15] [5/20] 6525.T: best train_pf_eff=6.026, forward_pf_eff=3.965, trades=40/26
[2025-11-09 20:30:18] [6/20] 5801.T: best train_pf_eff=1.583, forward_pf_eff=1.846, trades=29/17
[2025-11-09 20:30:19] [7/20] 6526.T: best train_pf_eff=0.452, forward_pf_eff=3.744, trades=19/3
[2025-11-09 20:30:26] [8/20] 5016.T: best train_pf_eff=1.352, forward_pf_eff=3.473, trades=74/23
[2025-11-09 20:30:54] [9/20] 7014.T: best train_pf_eff=999.000, forward_pf_eff=999.000, trades=8/8
[2025-11-09 20:31:34] [10/20] 8053.T: best train_pf_eff=0.000, forward_pf_eff=0.000, trades=0/0
[2025-11-09 20:31:44] [11/20] 7269.T: best train_pf_eff=999.000, forward_pf_eff=999.000, trades=6/2
[2025-11-09 20:31:45] [12/20] 8105.T: best train_pf_eff=0.000, forward_pf_eff=0.000, trades=0/0
[2025-11-09 20:33:02] [13/20] 7012.T: best train_pf_eff=0.646, forward_pf_eff=4.454, trades=39/14
[2025-11-09 20:33:11] [14/20] 6857.T: best train_pf_eff=1.970, forward_pf_eff=2.688, trades=60/25
[2025-11-09 20:34:14] [15/20] 7735.T: best train_pf_eff=1.785, forward_pf_eff=1.325, trades=48/12
[2025-11-09 20:34:19] [16/20] 9107.T: best train_pf_eff=2.387, forward_pf_eff=2.387, trades=27/9
[2025-11-09 20:34:20] [17/20] 8035.T: best train_pf_eff=4.562, forward_pf_eff=8.020, trades=34/12
[2025-11-09 20:35:03] [18/20] 8136.T: best train_pf_eff=1.355, forward_pf_eff=1.681, trades=72/27
[2025-11-09 20:35:22] [19/20] 9432.T: best train_pf_eff=1.674, forward_pf_eff=0.878, trades=162/58
[2025-11-09 20:35:25] [20/20] 8411.T: best train_pf_eff=1.967, forward_pf_eff=3.041, trades=77/25
[2025-11-09 20:35:25] Cache reuse: 0/1920 combos (0.0%) served from cache
[2025-11-09 20:35:25] ASHA pruned 3840 parameter combos prior to full evaluation
[2025-11-09 20:35:25] Run completed in 9.7 minutes
