[2025-11-10 16:35:49] Run started
[2025-11-10 16:35:49] Run type resolved to weekday
[2025-11-10 16:35:50] Low-priority gating removed 7 tickers (remaining 13)
[2025-11-10 16:36:01] Entry window marks set: 11682 rows flagged out of 143136
[2025-11-10 16:36:01] Liquidity filter q=0.50 kept 11 tickers and 77395 rows
[2025-11-10 16:36:01] Using 5 rolling slices (train=12, forward=4)
[2025-11-10 16:36:01] Parameter grid size: 28 (mode=coarse, signal=j-cross)
[2025-11-10 16:36:01] Ineffective-band mask removed 4 combos for J_th values [0.8]
[2025-11-10 16:36:06] [1/11] 1357.T: best train_pf_eff=0.000, forward_pf_eff=0.000, trades=0/3
[2025-11-10 16:36:09] [2/11] 5016.T: best train_pf_eff=1.796, forward_pf_eff=7.780, trades=27/8
[2025-11-10 16:36:10] [3/11] 6525.T: best train_pf_eff=0.000, forward_pf_eff=0.000, trades=0/0
[2025-11-10 16:36:15] [4/11] 5801.T: best train_pf_eff=11.274, forward_pf_eff=3.565, trades=14/5
[2025-11-10 16:36:17] [5/11] 6857.T: best train_pf_eff=2.346, forward_pf_eff=2.186, trades=27/9
[2025-11-10 16:36:18] [6/11] 6526.T: best train_pf_eff=2.148, forward_pf_eff=3.151, trades=19/5
[2025-11-10 16:36:23] [7/11] 7012.T: best train_pf_eff=3.227, forward_pf_eff=4.038, trades=11/7
[2025-11-10 16:36:24] [8/11] 8035.T: best train_pf_eff=3.625, forward_pf_eff=3.010, trades=12/4
[2025-11-10 16:36:24] [9/11] 8411.T: best train_pf_eff=999.000, forward_pf_eff=0.000, trades=15/0
[2025-11-10 16:36:24] [10/11] 8136.T: best train_pf_eff=1.521, forward_pf_eff=999.000, trades=41/9
[2025-11-10 16:36:24] [11/11] 9432.T: best train_pf_eff=0.000, forward_pf_eff=0.000, trades=0/0
[2025-11-10 16:36:25] Cache reuse: 26/88 combos (29.5%) served from cache
[2025-11-10 16:36:25] ASHA pruned 176 parameter combos prior to full evaluation
[2025-11-10 16:36:26] Excel summary written to output\bt30\NIGHTLY_20251110\RUN_coarse_AM0930_j-cross\summary_20251110_163625.xlsx
[2025-11-10 16:36:26] Run completed in 0.6 minutes
