[2025-11-03 16:31:52] Run started
[2025-11-03 16:31:52] Run type resolved to weekend
[2025-11-03 16:31:57] Entry window marks set: 18041 rows flagged out of 219404
[2025-11-03 16:31:58] Liquidity filter q=0.50 kept 14 tickers and 114628 rows
[2025-11-03 16:31:58] Using 5 rolling slices (train=12, forward=4)
[2025-11-03 16:31:58] Parameter grid size: 240 (mode=coarse, signal=j-cross)
[2025-11-03 16:32:59] [1/14] 5706.T: best train_pf_eff=999.000, forward_pf_eff=999.000, trades=4/2
[2025-11-03 16:33:23] [2/14] 1357.T: best train_pf_eff=999.000, forward_pf_eff=999.000, trades=4/4
[2025-11-03 16:33:38] [3/14] 285A.T: best train_pf_eff=999.000, forward_pf_eff=999.000, trades=3/4
[2025-11-03 16:33:43] [4/14] 6525.T: best train_pf_eff=999.000, forward_pf_eff=999.000, trades=15/5
[2025-11-03 16:34:12] [5/14] 5801.T: best train_pf_eff=999.000, forward_pf_eff=999.000, trades=11/4
[2025-11-03 16:34:28] [6/14] 5016.T: best train_pf_eff=1.724, forward_pf_eff=999.000, trades=27/7
[2025-11-03 16:34:42] [7/14] 6526.T: best train_pf_eff=2.240, forward_pf_eff=8.706, trades=42/8
[2025-11-03 16:34:44] [8/14] 6857.T: best train_pf_eff=2.937, forward_pf_eff=3.296, trades=23/14
[2025-11-03 16:34:45] [9/14] 7014.T: best train_pf_eff=0.000, forward_pf_eff=0.000, trades=0/0
[2025-11-03 16:34:59] [10/14] 7735.T: best train_pf_eff=999.000, forward_pf_eff=999.000, trades=5/5
[2025-11-03 16:35:37] [11/14] 7012.T: best train_pf_eff=3.146, forward_pf_eff=999.000, trades=12/2
[2025-11-03 16:35:43] [12/14] 8035.T: best train_pf_eff=1.781, forward_pf_eff=4.409, trades=18/6
[2025-11-03 16:35:50] [13/14] 8136.T: best train_pf_eff=1.571, forward_pf_eff=14.634, trades=65/9
[2025-11-03 16:35:58] [14/14] 8411.T: best train_pf_eff=999.000, forward_pf_eff=999.000, trades=31/9
[2025-11-03 16:35:58] Cache reuse: 0/1120 combos (0.0%) served from cache
[2025-11-03 16:35:58] ASHA pruned 2240 parameter combos prior to full evaluation
[2025-11-03 16:35:58] Run completed in 4.1 minutes
