[2025-11-03 13:06:22] Run started
[2025-11-03 13:06:22] Run type resolved to weekend
[2025-11-03 13:06:22] Codes limited via C:\AI\asagake\output\bt30\TIMEPLAN_TEST_20251102\D_FULLDAY_WINDOWS\RUN_coarse_MID_1030_1100_j-only\_TOP50_codes.csv: 36 tickers (was 20)
[2025-11-03 13:06:32] Entry window marks set: 41204 rows flagged out of 426243
[2025-11-03 13:06:33] Liquidity filter q=0.50 kept 36 tickers and 213938 rows
[2025-11-03 13:06:33] Using 1 rolling slices (train=12, forward=20)
[2025-11-03 13:06:33] Parameter grid size: 24 (mode=refine, signal=j-only)
[2025-11-03 13:06:45] [1/36] 3064.T: best train_pf_eff=0.000, forward_pf_eff=1.841, trades=0/23
[2025-11-03 13:06:45] [2/36] 2432.T: best train_pf_eff=0.000, forward_pf_eff=0.940, trades=0/48
[2025-11-03 13:06:46] [3/36] 1911.T: best train_pf_eff=1427.705, forward_pf_eff=0.000, trades=18/0
[2025-11-03 13:06:54] [4/36] 2802.T: best train_pf_eff=0.259, forward_pf_eff=0.538, trades=99/164
[2025-11-03 13:06:55] [5/36] 4528.T: best train_pf_eff=0.000, forward_pf_eff=0.000, trades=0/0
[2025-11-03 13:06:55] [6/36] 4188.T: best train_pf_eff=0.000, forward_pf_eff=0.000, trades=0/0
[2025-11-03 13:07:04] [7/36] 4005.T: best train_pf_eff=0.088, forward_pf_eff=0.880, trades=54/49
[2025-11-03 13:07:18] [8/36] 5411.T: best train_pf_eff=0.693, forward_pf_eff=0.000, trades=40/0
[2025-11-03 13:07:21] [9/36] 4689.T: best train_pf_eff=1.400, forward_pf_eff=0.246, trades=26/106
[2025-11-03 13:07:21] [10/36] 6178.T: best train_pf_eff=0.183, forward_pf_eff=1.877, trades=119/70
[2025-11-03 13:07:28] [11/36] 6326.T: best train_pf_eff=1.180, forward_pf_eff=0.215, trades=30/49
[2025-11-03 13:07:34] [12/36] 6330.T: best train_pf_eff=0.000, forward_pf_eff=0.000, trades=0/0
[2025-11-03 13:07:47] [13/36] 6963.T: best train_pf_eff=0.326, forward_pf_eff=3.702, trades=59/44
[2025-11-03 13:07:47] [14/36] 6971.T: best train_pf_eff=0.203, forward_pf_eff=52.989, trades=31/27
[2025-11-03 13:07:53] [15/36] 6902.T: best train_pf_eff=0.338, forward_pf_eff=0.114, trades=147/190
[2025-11-03 13:07:55] [16/36] 6976.T: best train_pf_eff=0.000, forward_pf_eff=0.000, trades=0/0
[2025-11-03 13:08:08] [17/36] 7014.T: best train_pf_eff=0.000, forward_pf_eff=0.393, trades=0/142
[2025-11-03 13:08:13] [18/36] 7259.T: best train_pf_eff=999.000, forward_pf_eff=0.000, trades=8/0
[2025-11-03 13:08:14] [19/36] 6988.T: best train_pf_eff=0.011, forward_pf_eff=0.347, trades=30/76
[2025-11-03 13:08:30] [20/36] 7182.T: best train_pf_eff=0.247, forward_pf_eff=0.040, trades=222/56
[2025-11-03 13:08:38] [21/36] 7261.T: best train_pf_eff=1.296, forward_pf_eff=0.119, trades=39/31
[2025-11-03 13:08:46] [22/36] 7746.T: best train_pf_eff=0.000, forward_pf_eff=0.560, trades=0/27
[2025-11-03 13:08:49] [23/36] 7270.T: best train_pf_eff=3.614, forward_pf_eff=0.285, trades=42/163
[2025-11-03 13:08:53] [24/36] 7532.T: best train_pf_eff=0.113, forward_pf_eff=0.953, trades=94/130
[2025-11-03 13:09:15] [25/36] 7832.T: best train_pf_eff=0.681, forward_pf_eff=0.315, trades=102/154
[2025-11-03 13:09:21] [26/36] 8697.T: best train_pf_eff=0.000, forward_pf_eff=0.000, trades=0/0
[2025-11-03 13:09:32] [27/36] 8591.T: best train_pf_eff=0.078, forward_pf_eff=0.046, trades=115/176
[2025-11-03 13:09:37] [28/36] 8604.T: best train_pf_eff=0.103, forward_pf_eff=0.356, trades=163/159
[2025-11-03 13:09:58] [29/36] 8750.T: best train_pf_eff=0.388, forward_pf_eff=0.033, trades=85/89
[2025-11-03 13:10:03] [30/36] 8801.T: best train_pf_eff=0.505, forward_pf_eff=0.209, trades=115/108
[2025-11-03 13:10:08] [31/36] 9020.T: best train_pf_eff=0.226, forward_pf_eff=0.067, trades=112/60
[2025-11-03 13:10:17] [32/36] 9022.T: best train_pf_eff=0.152, forward_pf_eff=0.933, trades=216/144
[2025-11-03 13:10:17] [33/36] 9201.T: best train_pf_eff=0.071, forward_pf_eff=0.000, trades=49/0
[2025-11-03 13:10:35] [34/36] 9503.T: best train_pf_eff=999.000, forward_pf_eff=0.268, trades=49/207
[2025-11-03 13:10:36] [35/36] 9509.T: best train_pf_eff=0.892, forward_pf_eff=0.000, trades=123/0
[2025-11-03 13:10:37] [36/36] 9697.T: best train_pf_eff=3.458, forward_pf_eff=0.475, trades=33/133
[2025-11-03 13:10:37] Bayesian refine trials executed: 484
[2025-11-03 13:10:37] Refine candidates exported to output\excel\candidates_20251103.csv
[2025-11-03 13:10:37] Run completed in 4.3 minutes
