[2025-11-06 16:30:11] Run started
[2025-11-06 16:30:11] Run type resolved to weekday
[2025-11-06 16:30:11] Low-priority gating removed 11 tickers (remaining 9)
[2025-11-06 16:30:16] Fetching Yahoo Finance 1m bars for 9 tickers (lookback=60, chunk=5)
[2025-11-06 16:30:42] Fetching Yahoo Finance 1m bars for 1 tickers (lookback=60, chunk=5)
[2025-11-06 16:31:04] Entry window marks set: 8432 rows flagged out of 103691
[2025-11-06 16:31:04] Liquidity filter q=0.50 kept 9 tickers and 57958 rows
[2025-11-06 16:31:04] Using 5 rolling slices (train=12, forward=4)
[2025-11-06 16:31:04] Parameter grid size: 240 (mode=coarse, signal=j-only)
[2025-11-06 16:31:04] Ineffective-band mask removed 48 combos for J_th values [0.3, 0.4, 0.6, 0.7, 1.0]
[2025-11-06 16:31:27] [1/9] 1357.T: best train_pf_eff=0.000, forward_pf_eff=0.000, trades=0/0
[2025-11-06 16:32:00] [2/9] 285A.T: best train_pf_eff=2.435, forward_pf_eff=2.434, trades=8/8
[2025-11-06 16:32:13] [3/9] 6525.T: best train_pf_eff=0.000, forward_pf_eff=0.000, trades=0/0
[2025-11-06 16:32:35] [4/9] 5801.T: best train_pf_eff=3.851, forward_pf_eff=999.000, trades=28/16
[2025-11-06 16:32:38] [5/9] 5016.T: best train_pf_eff=9.737, forward_pf_eff=999.000, trades=53/8
[2025-11-06 16:33:31] [6/9] 8411.T: best train_pf_eff=999.000, forward_pf_eff=999.000, trades=54/18
[2025-11-06 16:33:32] [7/9] 6526.T: best train_pf_eff=0.228, forward_pf_eff=4.646, trades=20/10
[2025-11-06 16:33:57] [8/9] 6857.T: best train_pf_eff=0.838, forward_pf_eff=1.160, trades=155/78
[2025-11-06 16:34:06] [9/9] 8035.T: best train_pf_eff=11.145, forward_pf_eff=999.000, trades=64/19
[2025-11-06 16:34:06] Cache reuse: 0/576 combos (0.0%) served from cache
[2025-11-06 16:34:06] ASHA pruned 1152 parameter combos prior to full evaluation
[2025-11-06 16:34:07] Excel summary written to output\bt30\NIGHTLY_20251106\RUN_coarse_AM0930_j-only\summary_20251106_163406.xlsx
[2025-11-06 16:34:07] Run completed in 3.9 minutes
