[2025-11-08 21:17:19] Run started
[2025-11-08 21:17:19] Run type resolved to weekend
[2025-11-08 21:17:25] Entry window marks set: 28014 rows flagged out of 217955
[2025-11-08 21:17:25] Liquidity filter q=0.50 kept 15 tickers and 113451 rows
[2025-11-08 21:17:25] Using 5 rolling slices (train=12, forward=4)
[2025-11-08 21:17:25] Parameter grid size: 288 (mode=coarse, signal=j-only)
[2025-11-08 21:19:10] [1/15] 5706.T: best train_pf_eff=0.637, forward_pf_eff=0.637, trades=42/21
[2025-11-08 21:20:14] [2/15] 1357.T: best train_pf_eff=2.078, forward_pf_eff=0.854, trades=45/50
[2025-11-08 21:20:55] [3/15] 285A.T: best train_pf_eff=3.579, forward_pf_eff=3.579, trades=10/5
[2025-11-08 21:21:21] [4/15] 6525.T: best train_pf_eff=5.326, forward_pf_eff=5.326, trades=15/5
[2025-11-08 21:22:32] [5/15] 5801.T: best train_pf_eff=0.237, forward_pf_eff=2.107, trades=23/16
[2025-11-08 21:22:53] [6/15] 6526.T: best train_pf_eff=0.403, forward_pf_eff=26.939, trades=64/19
[2025-11-08 21:23:14] [7/15] 5016.T: best train_pf_eff=6.570, forward_pf_eff=7.750, trades=121/32
[2025-11-08 21:23:16] [8/15] 6857.T: best train_pf_eff=0.872, forward_pf_eff=1.523, trades=282/121
[2025-11-08 21:23:18] [9/15] 7014.T: best train_pf_eff=0.000, forward_pf_eff=0.000, trades=0/0
[2025-11-08 21:24:01] [10/15] 7735.T: best train_pf_eff=0.589, forward_pf_eff=0.589, trades=21/21
[2025-11-08 21:24:34] [11/15] 7012.T: best train_pf_eff=0.892, forward_pf_eff=999.000, trades=98/12
[2025-11-08 21:24:54] [12/15] 9432.T: best train_pf_eff=0.000, forward_pf_eff=0.000, trades=0/0
[2025-11-08 21:26:03] [13/15] 8035.T: best train_pf_eff=3.708, forward_pf_eff=999.000, trades=86/22
[2025-11-08 21:26:17] [14/15] 8136.T: best train_pf_eff=0.643, forward_pf_eff=0.687, trades=395/86
[2025-11-08 21:26:17] [15/15] 8411.T: best train_pf_eff=5.734, forward_pf_eff=999.000, trades=60/13
[2025-11-08 21:26:17] Cache reuse: 0/1440 combos (0.0%) served from cache
[2025-11-08 21:26:17] ASHA pruned 2880 parameter combos prior to full evaluation
[2025-11-08 21:26:17] Run completed in 9.0 minutes
