[2025-11-08 21:03:06] Run started
[2025-11-08 21:03:06] Run type resolved to weekend
[2025-11-08 21:03:13] Entry window marks set: 17894 rows flagged out of 217955
[2025-11-08 21:03:13] Liquidity filter q=0.50 kept 15 tickers and 113451 rows
[2025-11-08 21:03:13] Using 5 rolling slices (train=12, forward=4)
[2025-11-08 21:03:13] Parameter grid size: 288 (mode=coarse, signal=j-cross)
[2025-11-08 21:04:19] [1/15] 5706.T: best train_pf_eff=999.000, forward_pf_eff=999.000, trades=4/2
[2025-11-08 21:04:52] [2/15] 1357.T: best train_pf_eff=0.000, forward_pf_eff=999.000, trades=0/4
[2025-11-08 21:05:16] [3/15] 285A.T: best train_pf_eff=999.000, forward_pf_eff=999.000, trades=4/2
[2025-11-08 21:05:26] [4/15] 6525.T: best train_pf_eff=7.653, forward_pf_eff=7.640, trades=12/4
[2025-11-08 21:06:01] [5/15] 5801.T: best train_pf_eff=999.000, forward_pf_eff=999.000, trades=12/5
[2025-11-08 21:06:13] [6/15] 6526.T: best train_pf_eff=999.000, forward_pf_eff=999.000, trades=9/2
[2025-11-08 21:06:16] [7/15] 5016.T: best train_pf_eff=19.970, forward_pf_eff=999.000, trades=22/5
[2025-11-08 21:06:16] [8/15] 6857.T: best train_pf_eff=4.970, forward_pf_eff=5.512, trades=26/13
[2025-11-08 21:06:20] [9/15] 7014.T: best train_pf_eff=0.000, forward_pf_eff=0.000, trades=0/0
[2025-11-08 21:06:46] [10/15] 7735.T: best train_pf_eff=999.000, forward_pf_eff=999.000, trades=3/3
[2025-11-08 21:07:02] [11/15] 7012.T: best train_pf_eff=6.799, forward_pf_eff=999.000, trades=13/2
[2025-11-08 21:07:09] [12/15] 9432.T: best train_pf_eff=0.000, forward_pf_eff=0.000, trades=0/0
[2025-11-08 21:07:45] [13/15] 8035.T: best train_pf_eff=1.389, forward_pf_eff=3.522, trades=23/8
[2025-11-08 21:07:53] [14/15] 8136.T: best train_pf_eff=1.465, forward_pf_eff=6.422, trades=43/11
[2025-11-08 21:07:55] [15/15] 8411.T: best train_pf_eff=999.000, forward_pf_eff=999.000, trades=17/5
[2025-11-08 21:07:55] Cache reuse: 0/1440 combos (0.0%) served from cache
[2025-11-08 21:07:55] ASHA pruned 2880 parameter combos prior to full evaluation
[2025-11-08 21:07:55] Run completed in 4.8 minutes
