[2025-11-03 11:32:15] Run started
[2025-11-03 11:32:15] Run type resolved to weekend
[2025-11-03 11:32:16] Codes limited via output\\bt30\\NIGHTLY_20251101\\universe_amt_top_150_2025-10-31.csv: 150 tickers (was 20)
[2025-11-03 11:32:51] Fetching Yahoo Finance 1m bars for 1 tickers (lookback=60, chunk=5)
[2025-11-03 11:33:18] Entry window marks set: 170205 rows flagged out of 1760681
[2025-11-03 11:33:20] Liquidity filter q=0.50 kept 135 tickers and 884678 rows
[2025-11-03 11:33:20] Using 1 rolling slices (train=12, forward=20)
[2025-11-03 11:33:20] Parameter grid size: 24 (mode=coarse, signal=j-only)
[2025-11-03 11:33:35] [1/135] 1306.T: best train_pf_eff=0.000, forward_pf_eff=0.002, trades=0/24
[2025-11-03 11:33:41] [2/135] 1570.T: best train_pf_eff=0.000, forward_pf_eff=0.256, trades=0/124
[2025-11-03 11:33:42] [3/135] 1360.T: best train_pf_eff=0.000, forward_pf_eff=0.291, trades=0/124
[2025-11-03 11:33:43] [4/135] 1357.T: best train_pf_eff=0.000, forward_pf_eff=0.333, trades=0/127
[2025-11-03 11:33:43] [5/135] 1579.T: best train_pf_eff=0.000, forward_pf_eff=0.281, trades=0/28
[2025-11-03 11:33:45] [6/135] 1605.T: best train_pf_eff=0.031, forward_pf_eff=1.015, trades=88/31
[2025-11-03 11:33:48] [7/135] 1911.T: best train_pf_eff=8.754, forward_pf_eff=0.000, trades=31/0
[2025-11-03 11:33:49] [8/135] 2432.T: best train_pf_eff=0.000, forward_pf_eff=0.000, trades=0/0
[2025-11-03 11:33:53] [9/135] 247A.T: best train_pf_eff=0.000, forward_pf_eff=0.018, trades=0/31
[2025-11-03 11:33:57] [10/135] 2802.T: best train_pf_eff=0.316, forward_pf_eff=0.000, trades=23/0
[2025-11-03 11:34:00] [11/135] 2502.T: best train_pf_eff=1.976, forward_pf_eff=328.708, trades=10/53
[2025-11-03 11:34:07] [12/135] 3064.T: best train_pf_eff=0.000, forward_pf_eff=0.000, trades=0/0
[2025-11-03 11:34:08] [13/135] 285A.T: best train_pf_eff=0.000, forward_pf_eff=999.000, trades=0/24
[2025-11-03 11:34:21] [14/135] 3350.T: best train_pf_eff=0.000, forward_pf_eff=2.818, trades=0/31
[2025-11-03 11:34:26] [15/135] 2914.T: best train_pf_eff=0.345, forward_pf_eff=0.362, trades=56/170
[2025-11-03 11:34:33] [16/135] 3697.T: best train_pf_eff=0.000, forward_pf_eff=999.000, trades=0/14
[2025-11-03 11:34:35] [17/135] 3905.T: best train_pf_eff=0.000, forward_pf_eff=0.124, trades=0/31
[2025-11-03 11:34:38] [18/135] 3436.T: best train_pf_eff=0.000, forward_pf_eff=1.195, trades=0/120
[2025-11-03 11:34:40] [19/135] 3382.T: best train_pf_eff=0.225, forward_pf_eff=1.437, trades=139/151
[2025-11-03 11:34:46] [20/135] 4005.T: best train_pf_eff=0.000, forward_pf_eff=0.000, trades=0/0
[2025-11-03 11:34:56] [21/135] 4004.T: best train_pf_eff=0.000, forward_pf_eff=0.641, trades=0/30
[2025-11-03 11:35:03] [22/135] 4188.T: best train_pf_eff=0.000, forward_pf_eff=0.000, trades=0/0
[2025-11-03 11:35:24] [23/135] 4503.T: best train_pf_eff=0.000, forward_pf_eff=0.112, trades=0/62
[2025-11-03 11:35:31] [24/135] 4062.T: best train_pf_eff=0.471, forward_pf_eff=0.302, trades=142/185
[2025-11-03 11:35:42] [25/135] 4502.T: best train_pf_eff=0.084, forward_pf_eff=0.059, trades=132/167
[2025-11-03 11:35:42] [26/135] 4063.T: best train_pf_eff=0.318, forward_pf_eff=0.547, trades=185/152
[2025-11-03 11:35:48] [27/135] 4528.T: best train_pf_eff=0.000, forward_pf_eff=0.000, trades=0/0
[2025-11-03 11:35:48] [28/135] 4506.T: best train_pf_eff=0.613, forward_pf_eff=999.000, trades=117/48
[2025-11-03 11:35:54] [29/135] 4543.T: best train_pf_eff=0.000, forward_pf_eff=999.000, trades=0/23
[2025-11-03 11:35:58] [30/135] 4519.T: best train_pf_eff=0.592, forward_pf_eff=0.008, trades=150/62
[2025-11-03 11:36:10] [31/135] 4689.T: best train_pf_eff=0.000, forward_pf_eff=0.000, trades=0/0
[2025-11-03 11:36:24] [32/135] 4901.T: best train_pf_eff=0.000, forward_pf_eff=0.113, trades=0/62
[2025-11-03 11:36:26] [33/135] 4568.T: best train_pf_eff=0.276, forward_pf_eff=0.118, trades=100/59
[2025-11-03 11:36:28] [34/135] 4661.T: best train_pf_eff=0.386, forward_pf_eff=0.202, trades=147/62
[2025-11-03 11:36:44] [35/135] 4755.T: best train_pf_eff=0.174, forward_pf_eff=1.261, trades=193/216
[2025-11-03 11:36:50] [36/135] 5016.T: best train_pf_eff=1.229, forward_pf_eff=0.454, trades=86/109
[2025-11-03 11:36:50] [37/135] 5411.T: best train_pf_eff=0.000, forward_pf_eff=0.000, trades=0/0
[2025-11-03 11:36:56] [38/135] 5108.T: best train_pf_eff=0.031, forward_pf_eff=0.085, trades=63/178
[2025-11-03 11:37:07] [39/135] 5401.T: best train_pf_eff=0.032, forward_pf_eff=0.252, trades=91/144
[2025-11-03 11:37:20] [40/135] 5706.T: best train_pf_eff=0.585, forward_pf_eff=0.194, trades=112/31
[2025-11-03 11:37:22] [41/135] 5713.T: best train_pf_eff=0.573, forward_pf_eff=1.099, trades=31/62
[2025-11-03 11:37:32] [42/135] 5802.T: best train_pf_eff=0.271, forward_pf_eff=1.281, trades=93/56
[2025-11-03 11:37:34] [43/135] 5801.T: best train_pf_eff=0.345, forward_pf_eff=0.469, trades=92/84
[2025-11-03 11:37:35] [44/135] 5803.T: best train_pf_eff=0.606, forward_pf_eff=0.969, trades=18/138
[2025-11-03 11:37:38] [45/135] 6178.T: best train_pf_eff=0.000, forward_pf_eff=0.000, trades=0/0
[2025-11-03 11:37:41] [46/135] 6098.T: best train_pf_eff=0.188, forward_pf_eff=0.947, trades=42/106
[2025-11-03 11:37:48] [47/135] 6326.T: best train_pf_eff=0.000, forward_pf_eff=0.000, trades=0/0
[2025-11-03 11:37:49] [48/135] 6146.T: best train_pf_eff=1.729, forward_pf_eff=8847.380, trades=45/42
[2025-11-03 11:37:50] [49/135] 6323.T: best train_pf_eff=0.000, forward_pf_eff=5.463, trades=0/31
[2025-11-03 11:37:52] [50/135] 6330.T: best train_pf_eff=0.000, forward_pf_eff=0.000, trades=0/0
[2025-11-03 11:37:55] [51/135] 6301.T: best train_pf_eff=4.273, forward_pf_eff=0.026, trades=59/62
[2025-11-03 11:37:55] [52/135] 6315.T: best train_pf_eff=0.000, forward_pf_eff=0.315, trades=0/32
[2025-11-03 11:38:14] [53/135] 6361.T: best train_pf_eff=0.000, forward_pf_eff=0.000, trades=0/31
[2025-11-03 11:38:20] [54/135] 6506.T: best train_pf_eff=0.000, forward_pf_eff=999.000, trades=0/31
[2025-11-03 11:38:43] [55/135] 6503.T: best train_pf_eff=0.359, forward_pf_eff=0.247, trades=164/123
[2025-11-03 11:38:43] [56/135] 6501.T: best train_pf_eff=0.561, forward_pf_eff=0.495, trades=70/54
[2025-11-03 11:38:53] [57/135] 6525.T: best train_pf_eff=0.000, forward_pf_eff=0.312, trades=0/93
[2025-11-03 11:39:02] [58/135] 6526.T: best train_pf_eff=0.846, forward_pf_eff=1.211, trades=128/122
[2025-11-03 11:39:27] [59/135] 6594.T: best train_pf_eff=0.372, forward_pf_eff=1.186, trades=155/155
[2025-11-03 11:39:32] [60/135] 6701.T: best train_pf_eff=0.359, forward_pf_eff=0.476, trades=163/181
[2025-11-03 11:39:42] [61/135] 6702.T: best train_pf_eff=3.927, forward_pf_eff=0.198, trades=104/62
[2025-11-03 11:39:43] [62/135] 6752.T: best train_pf_eff=0.000, forward_pf_eff=1.058, trades=0/110
[2025-11-03 11:39:49] [63/135] 6723.T: best train_pf_eff=0.259, forward_pf_eff=0.183, trades=46/190
[2025-11-03 11:40:02] [64/135] 6814.T: best train_pf_eff=0.000, forward_pf_eff=4.853, trades=0/31
[2025-11-03 11:40:07] [65/135] 6758.T: best train_pf_eff=0.577, forward_pf_eff=0.554, trades=147/192
[2025-11-03 11:40:21] [66/135] 6762.T: best train_pf_eff=0.124, forward_pf_eff=0.017, trades=145/62
[2025-11-03 11:40:24] [67/135] 6902.T: best train_pf_eff=0.056, forward_pf_eff=0.000, trades=53/0
[2025-11-03 11:40:26] [68/135] 6857.T: best train_pf_eff=0.054, forward_pf_eff=1.545, trades=93/90
[2025-11-03 11:40:30] [69/135] 6963.T: best train_pf_eff=0.485, forward_pf_eff=0.000, trades=62/0
[2025-11-03 11:40:33] [70/135] 6954.T: best train_pf_eff=1.323, forward_pf_eff=0.930, trades=31/83
[2025-11-03 11:40:35] [71/135] 6971.T: best train_pf_eff=0.000, forward_pf_eff=0.000, trades=0/0
[2025-11-03 11:40:35] [72/135] 6920.T: best train_pf_eff=1.032, forward_pf_eff=0.101, trades=128/140
[2025-11-03 11:40:42] [73/135] 6976.T: best train_pf_eff=0.000, forward_pf_eff=0.000, trades=0/0
[2025-11-03 11:40:49] [74/135] 6988.T: best train_pf_eff=0.000, forward_pf_eff=0.000, trades=0/0
[2025-11-03 11:41:09] [75/135] 6981.T: best train_pf_eff=14.766, forward_pf_eff=0.170, trades=31/93
[2025-11-03 11:41:22] [76/135] 7003.T: best train_pf_eff=0.366, forward_pf_eff=1.262, trades=181/80
[2025-11-03 11:41:22] [77/135] 7014.T: best train_pf_eff=0.000, forward_pf_eff=0.000, trades=0/0
[2025-11-03 11:41:31] [78/135] 7012.T: best train_pf_eff=0.408, forward_pf_eff=0.100, trades=156/31
[2025-11-03 11:41:33] [79/135] 7011.T: best train_pf_eff=0.172, forward_pf_eff=0.151, trades=168/62
[2025-11-03 11:41:37] [80/135] 7013.T: best train_pf_eff=1.936, forward_pf_eff=0.409, trades=93/129
[2025-11-03 11:41:43] [81/135] 7182.T: best train_pf_eff=5.220, forward_pf_eff=0.000, trades=62/0
[2025-11-03 11:41:50] [82/135] 7259.T: best train_pf_eff=0.000, forward_pf_eff=0.000, trades=0/0
[2025-11-03 11:41:54] [83/135] 7201.T: best train_pf_eff=0.357, forward_pf_eff=0.053, trades=48/31
[2025-11-03 11:41:56] [84/135] 7261.T: best train_pf_eff=0.000, forward_pf_eff=0.000, trades=0/0
[2025-11-03 11:42:07] [85/135] 7203.T: best train_pf_eff=0.189, forward_pf_eff=0.218, trades=121/120
[2025-11-03 11:42:16] [86/135] 7269.T: best train_pf_eff=0.000, forward_pf_eff=10.804, trades=0/50
[2025-11-03 11:42:20] [87/135] 7270.T: best train_pf_eff=0.102, forward_pf_eff=0.000, trades=36/0
[2025-11-03 11:42:24] [88/135] 7532.T: best train_pf_eff=0.000, forward_pf_eff=0.000, trades=0/0
[2025-11-03 11:42:31] [89/135] 7267.T: best train_pf_eff=0.268, forward_pf_eff=0.077, trades=133/134
[2025-11-03 11:42:43] [90/135] 7746.T: best train_pf_eff=0.000, forward_pf_eff=0.000, trades=0/0
[2025-11-03 11:42:49] [91/135] 7453.T: best train_pf_eff=0.270, forward_pf_eff=1.398, trades=147/188
[2025-11-03 11:42:55] [92/135] 7832.T: best train_pf_eff=0.174, forward_pf_eff=0.000, trades=60/0
[2025-11-03 11:42:58] [93/135] 7735.T: best train_pf_eff=0.360, forward_pf_eff=0.602, trades=61/119
[2025-11-03 11:43:15] [94/135] 7751.T: best train_pf_eff=0.003, forward_pf_eff=0.375, trades=59/133
[2025-11-03 11:43:25] [95/135] 7936.T: best train_pf_eff=0.851, forward_pf_eff=0.031, trades=78/31
[2025-11-03 11:43:48] [96/135] 8001.T: best train_pf_eff=0.083, forward_pf_eff=0.190, trades=140/194
[2025-11-03 11:43:49] [97/135] 7974.T: best train_pf_eff=0.734, forward_pf_eff=1.460, trades=93/160
[2025-11-03 11:43:49] [98/135] 8002.T: best train_pf_eff=4.775, forward_pf_eff=0.122, trades=22/167
[2025-11-03 11:44:04] [99/135] 8031.T: best train_pf_eff=0.079, forward_pf_eff=0.228, trades=126/228
[2025-11-03 11:44:10] [100/135] 8053.T: best train_pf_eff=0.472, forward_pf_eff=0.041, trades=54/31
[2025-11-03 11:44:15] [101/135] 8035.T: best train_pf_eff=0.715, forward_pf_eff=1.586, trades=91/66
[2025-11-03 11:44:29] [102/135] 8267.T: best train_pf_eff=999.000, forward_pf_eff=1.175, trades=53/24
[2025-11-03 11:44:51] [103/135] 8058.T: best train_pf_eff=0.512, forward_pf_eff=1.276, trades=144/168
[2025-11-03 11:44:57] [104/135] 8136.T: best train_pf_eff=0.520, forward_pf_eff=0.309, trades=207/83
[2025-11-03 11:45:10] [105/135] 8308.T: best train_pf_eff=0.368, forward_pf_eff=3.056, trades=50/44
[2025-11-03 11:45:12] [106/135] 8306.T: best train_pf_eff=0.161, forward_pf_eff=0.631, trades=149/154
[2025-11-03 11:45:29] [107/135] 8316.T: best train_pf_eff=0.092, forward_pf_eff=0.286, trades=205/205
[2025-11-03 11:45:29] [108/135] 8591.T: best train_pf_eff=0.039, forward_pf_eff=0.000, trades=24/0
[2025-11-03 11:45:33] [109/135] 8411.T: best train_pf_eff=0.248, forward_pf_eff=0.406, trades=203/209
[2025-11-03 11:45:41] [110/135] 8604.T: best train_pf_eff=0.000, forward_pf_eff=0.000, trades=0/0
[2025-11-03 11:45:43] [111/135] 8630.T: best train_pf_eff=0.000, forward_pf_eff=0.234, trades=0/62
[2025-11-03 11:45:43] [112/135] 8473.T: best train_pf_eff=0.094, forward_pf_eff=0.113, trades=210/164
[2025-11-03 11:45:51] [113/135] 8697.T: best train_pf_eff=0.000, forward_pf_eff=0.000, trades=0/0
[2025-11-03 11:46:00] [114/135] 8725.T: best train_pf_eff=0.109, forward_pf_eff=0.120, trades=62/148
[2025-11-03 11:46:01] [115/135] 8750.T: best train_pf_eff=999.000, forward_pf_eff=0.000, trades=3/0
[2025-11-03 11:46:04] [116/135] 8729.T: best train_pf_eff=0.281, forward_pf_eff=1.417, trades=31/57
[2025-11-03 11:46:04] [117/135] 8801.T: best train_pf_eff=1.354, forward_pf_eff=0.000, trades=10/0
[2025-11-03 11:46:15] [118/135] 8802.T: best train_pf_eff=0.000, forward_pf_eff=1.062, trades=0/31
[2025-11-03 11:46:26] [119/135] 9020.T: best train_pf_eff=0.636, forward_pf_eff=0.000, trades=22/0
[2025-11-03 11:46:35] [120/135] 8766.T: best train_pf_eff=0.165, forward_pf_eff=0.042, trades=207/173
[2025-11-03 11:46:35] [121/135] 9022.T: best train_pf_eff=0.139, forward_pf_eff=0.000, trades=31/0
[2025-11-03 11:47:01] [122/135] 9201.T: best train_pf_eff=0.000, forward_pf_eff=0.000, trades=0/0
[2025-11-03 11:47:09] [123/135] 9104.T: best train_pf_eff=0.060, forward_pf_eff=0.165, trades=136/232
[2025-11-03 11:47:14] [124/135] 9107.T: best train_pf_eff=0.000, forward_pf_eff=0.113, trades=0/133
[2025-11-03 11:47:16] [125/135] 9101.T: best train_pf_eff=0.044, forward_pf_eff=0.147, trades=192/190
[2025-11-03 11:47:56] [126/135] 9509.T: best train_pf_eff=0.000, forward_pf_eff=0.000, trades=0/0
[2025-11-03 11:48:00] [127/135] 9503.T: best train_pf_eff=0.000, forward_pf_eff=0.000, trades=31/0
[2025-11-03 11:48:06] [128/135] 9433.T: best train_pf_eff=0.176, forward_pf_eff=0.084, trades=243/219
[2025-11-03 11:48:06] [129/135] 9434.T: best train_pf_eff=0.015, forward_pf_eff=0.116, trades=63/98
[2025-11-03 11:48:14] [130/135] 9501.T: best train_pf_eff=0.413, forward_pf_eff=1.627, trades=127/49
[2025-11-03 11:48:23] [131/135] 9432.T: best train_pf_eff=0.082, forward_pf_eff=0.939, trades=181/261
[2025-11-03 11:48:25] [132/135] 9697.T: best train_pf_eff=0.000, forward_pf_eff=0.000, trades=0/0
[2025-11-03 11:48:36] [133/135] 9843.T: best train_pf_eff=0.223, forward_pf_eff=999.000, trades=106/10
[2025-11-03 11:48:37] [134/135] 9983.T: best train_pf_eff=0.000, forward_pf_eff=0.300, trades=0/181
[2025-11-03 11:48:42] [135/135] 9984.T: best train_pf_eff=0.345, forward_pf_eff=0.681, trades=103/185
[2025-11-03 11:48:42] Run completed in 16.4 minutes
