[2025-11-05 07:28:04] Run started
[2025-11-05 07:28:04] Run type resolved to weekday
[2025-11-05 07:28:04] Codes limited via C:\AI\asagake\output\bt30\NIGHTLY_20251101\universe_amt_top_300_2025-10-31.csv: 300 tickers (was 20)
[2025-11-05 07:30:03] Fetching Yahoo Finance 1m bars for 1 tickers (lookback=60, chunk=5)
[2025-11-05 07:30:33] Entry window marks set: 250203 rows flagged out of 2923404
[2025-11-05 07:30:35] Liquidity filter q=0.50 kept 222 tickers and 1582229 rows
[2025-11-05 07:30:35] Using 5 rolling slices (train=12, forward=4)
[2025-11-05 07:30:35] Parameter grid size: 240 (mode=coarse, signal=j-cross)
[2025-11-05 07:30:35] Ineffective-band mask removed 48 combos for J_th values [0.3, 0.4, 0.6, 0.7, 0.8]
[2025-11-05 07:31:20] [1/222] 1568.T: best train_pf_eff=999.000, forward_pf_eff=999.000, trades=4/2
[2025-11-05 07:31:30] [2/222] 1459.T: best train_pf_eff=999.000, forward_pf_eff=999.000, trades=14/5
[2025-11-05 07:31:41] [3/222] 1306.T: best train_pf_eff=0.477, forward_pf_eff=0.343, trades=48/22
[2025-11-05 07:31:42] [4/222] 1357.T: best train_pf_eff=999.000, forward_pf_eff=999.000, trades=23/12
[2025-11-05 07:31:45] [5/222] 1570.T: best train_pf_eff=15.720, forward_pf_eff=7.460, trades=26/13
[2025-11-05 07:31:46] [6/222] 1579.T: best train_pf_eff=5.708, forward_pf_eff=6.010, trades=21/11
[2025-11-05 07:31:46] [7/222] 1360.T: best train_pf_eff=1005.164, forward_pf_eff=1247.286, trades=6/6
[2025-11-05 07:32:02] [8/222] 1662.T: best train_pf_eff=0.000, forward_pf_eff=0.000, trades=0/3
[2025-11-05 07:32:11] [9/222] 1802.T: best train_pf_eff=0.000, forward_pf_eff=999.000, trades=0/1
[2025-11-05 07:32:24] [10/222] 1893.T: best train_pf_eff=0.000, forward_pf_eff=0.000, trades=0/0
[2025-11-05 07:32:26] [11/222] 1605.T: best train_pf_eff=1.429, forward_pf_eff=2.549, trades=69/9
[2025-11-05 07:32:29] [12/222] 1803.T: best train_pf_eff=999.000, forward_pf_eff=999.000, trades=12/5
[2025-11-05 07:32:30] [13/222] 186A.T: best train_pf_eff=0.000, forward_pf_eff=0.000, trades=0/0
[2025-11-05 07:32:41] [14/222] 2127.T: best train_pf_eff=0.000, forward_pf_eff=0.000, trades=0/0
[2025-11-05 07:32:44] [15/222] 1928.T: best train_pf_eff=999.000, forward_pf_eff=999.000, trades=12/6
[2025-11-05 07:32:56] [16/222] 1911.T: best train_pf_eff=0.948, forward_pf_eff=999.000, trades=14/3
[2025-11-05 07:33:05] [17/222] 218A.T: best train_pf_eff=5.316, forward_pf_eff=5.316, trades=4/4
[2025-11-05 07:33:08] [18/222] 2269.T: best train_pf_eff=7.317, forward_pf_eff=12.726, trades=3/5
[2025-11-05 07:33:15] [19/222] 215A.T: best train_pf_eff=1.459, forward_pf_eff=7.201, trades=23/10
[2025-11-05 07:33:18] [20/222] 2267.T: best train_pf_eff=0.213, forward_pf_eff=0.213, trades=10/5
[2025-11-05 07:33:33] [21/222] 2413.T: best train_pf_eff=999.000, forward_pf_eff=999.000, trades=1/3
[2025-11-05 07:33:34] [22/222] 2432.T: best train_pf_eff=0.932, forward_pf_eff=0.391, trades=15/20
[2025-11-05 07:33:43] [23/222] 2586.T: best train_pf_eff=0.000, forward_pf_eff=0.000, trades=0/0
[2025-11-05 07:33:45] [24/222] 247A.T: best train_pf_eff=999.000, forward_pf_eff=999.000, trades=12/4
[2025-11-05 07:33:55] [25/222] 2503.T: best train_pf_eff=999.000, forward_pf_eff=999.000, trades=5/8
[2025-11-05 07:34:03] [26/222] 2644.T: best train_pf_eff=0.000, forward_pf_eff=0.060, trades=10/9
[2025-11-05 07:34:04] [27/222] 2726.T: best train_pf_eff=0.000, forward_pf_eff=999.000, trades=0/3
[2025-11-05 07:34:10] [28/222] 2801.T: best train_pf_eff=0.000, forward_pf_eff=0.000, trades=0/0
[2025-11-05 07:34:25] [29/222] 2502.T: best train_pf_eff=7.822, forward_pf_eff=999.000, trades=14/10
[2025-11-05 07:34:38] [30/222] 290A.T: best train_pf_eff=0.000, forward_pf_eff=0.000, trades=0/0
[2025-11-05 07:34:46] [31/222] 3003.T: best train_pf_eff=0.000, forward_pf_eff=0.000, trades=0/0
[2025-11-05 07:34:49] [32/222] 285A.T: best train_pf_eff=999.000, forward_pf_eff=999.000, trades=3/4
[2025-11-05 07:34:59] [33/222] 2897.T: best train_pf_eff=0.741, forward_pf_eff=0.270, trades=18/18
[2025-11-05 07:35:09] [34/222] 2802.T: best train_pf_eff=3.615, forward_pf_eff=6.307, trades=18/8
[2025-11-05 07:35:27] [35/222] 3092.T: best train_pf_eff=0.000, forward_pf_eff=0.000, trades=0/0
[2025-11-05 07:35:28] [36/222] 3086.T: best train_pf_eff=999.000, forward_pf_eff=999.000, trades=3/3
[2025-11-05 07:35:31] [37/222] 3064.T: best train_pf_eff=999.000, forward_pf_eff=999.000, trades=6/3
[2025-11-05 07:35:43] [38/222] 3038.T: best train_pf_eff=1.028, forward_pf_eff=0.059, trades=22/20
[2025-11-05 07:35:48] [39/222] 314A.T: best train_pf_eff=0.000, forward_pf_eff=999.000, trades=0/3
[2025-11-05 07:35:53] [40/222] 318A.T: best train_pf_eff=0.000, forward_pf_eff=0.000, trades=0/0
[2025-11-05 07:36:02] [41/222] 2914.T: best train_pf_eff=0.600, forward_pf_eff=1.378, trades=69/21
[2025-11-05 07:36:09] [42/222] 3231.T: best train_pf_eff=0.000, forward_pf_eff=0.000, trades=0/0
[2025-11-05 07:36:13] [43/222] 3323.T: best train_pf_eff=999.000, forward_pf_eff=999.000, trades=12/4
[2025-11-05 07:36:17] [44/222] 3099.T: best train_pf_eff=1.059, forward_pf_eff=2.528, trades=27/12
[2025-11-05 07:36:34] [45/222] 3405.T: best train_pf_eff=0.000, forward_pf_eff=0.000, trades=0/0
[2025-11-05 07:36:37] [46/222] 3402.T: best train_pf_eff=999.000, forward_pf_eff=999.000, trades=4/2
[2025-11-05 07:36:41] [47/222] 3407.T: best train_pf_eff=0.000, forward_pf_eff=0.000, trades=0/0
[2025-11-05 07:36:46] [48/222] 3350.T: best train_pf_eff=999.000, forward_pf_eff=999.000, trades=10/4
[2025-11-05 07:36:55] [49/222] 3659.T: best train_pf_eff=0.000, forward_pf_eff=0.000, trades=0/0
[2025-11-05 07:37:20] [50/222] 3656.T: best train_pf_eff=999.000, forward_pf_eff=0.000, trades=2/0
[2025-11-05 07:37:49] [51/222] 3382.T: best train_pf_eff=0.485, forward_pf_eff=0.219, trades=116/34
[2025-11-05 07:37:53] [52/222] 402A.T: best train_pf_eff=0.000, forward_pf_eff=0.000, trades=0/0
[2025-11-05 07:38:04] [53/222] 3905.T: best train_pf_eff=13.598, forward_pf_eff=1.110, trades=13/10
[2025-11-05 07:38:15] [54/222] 3436.T: best train_pf_eff=0.762, forward_pf_eff=0.975, trades=14/8
[2025-11-05 07:38:25] [55/222] 4005.T: best train_pf_eff=1.209, forward_pf_eff=1.254, trades=17/6
[2025-11-05 07:38:26] [56/222] 3697.T: best train_pf_eff=0.757, forward_pf_eff=999.000, trades=8/3
[2025-11-05 07:38:41] [57/222] 4088.T: best train_pf_eff=0.000, forward_pf_eff=0.000, trades=0/0
[2025-11-05 07:38:49] [58/222] 4004.T: best train_pf_eff=0.542, forward_pf_eff=2.011, trades=12/2
[2025-11-05 07:38:56] [59/222] 4188.T: best train_pf_eff=1.542, forward_pf_eff=1.542, trades=6/2
[2025-11-05 07:39:31] [60/222] 4446.T: best train_pf_eff=0.000, forward_pf_eff=0.000, trades=0/0
[2025-11-05 07:39:51] [61/222] 4062.T: best train_pf_eff=0.668, forward_pf_eff=4.167, trades=32/8
[2025-11-05 07:40:24] [62/222] 4063.T: best train_pf_eff=0.226, forward_pf_eff=0.251, trades=60/23
[2025-11-05 07:40:47] [63/222] 4452.T: best train_pf_eff=1.824, forward_pf_eff=1.618, trades=47/22
[2025-11-05 07:40:51] [64/222] 4385.T: best train_pf_eff=2.460, forward_pf_eff=1.689, trades=24/8
[2025-11-05 07:41:00] [65/222] 4507.T: best train_pf_eff=0.506, forward_pf_eff=0.506, trades=12/6
[2025-11-05 07:41:20] [66/222] 4528.T: best train_pf_eff=0.000, forward_pf_eff=0.000, trades=0/0
[2025-11-05 07:41:28] [67/222] 4503.T: best train_pf_eff=999.000, forward_pf_eff=999.000, trades=32/12
[2025-11-05 07:41:29] [68/222] 4502.T: best train_pf_eff=0.417, forward_pf_eff=1.053, trades=30/9
[2025-11-05 07:41:45] [69/222] 4506.T: best train_pf_eff=1.866, forward_pf_eff=6.036, trades=10/6
[2025-11-05 07:41:50] [70/222] 4571.T: best train_pf_eff=0.000, forward_pf_eff=0.000, trades=0/0
[2025-11-05 07:42:20] [71/222] 4586.T: best train_pf_eff=999.000, forward_pf_eff=999.000, trades=9/3
[2025-11-05 07:42:29] [72/222] 4612.T: best train_pf_eff=3.052, forward_pf_eff=3.045, trades=8/4
[2025-11-05 07:42:34] [73/222] 4519.T: best train_pf_eff=0.480, forward_pf_eff=0.280, trades=43/8
[2025-11-05 07:42:42] [74/222] 4680.T: best train_pf_eff=0.000, forward_pf_eff=0.000, trades=0/0
[2025-11-05 07:42:46] [75/222] 4592.T: best train_pf_eff=999.000, forward_pf_eff=999.000, trades=9/5
[2025-11-05 07:42:47] [76/222] 4543.T: best train_pf_eff=999.000, forward_pf_eff=2.416, trades=4/6
[2025-11-05 07:43:16] [77/222] 4568.T: best train_pf_eff=1.327, forward_pf_eff=999.000, trades=39/8
[2025-11-05 07:44:17] [78/222] 4751.T: best train_pf_eff=3.162, forward_pf_eff=2.962, trades=9/4
[2025-11-05 07:44:36] [79/222] 4661.T: best train_pf_eff=0.636, forward_pf_eff=1.819, trades=45/18
[2025-11-05 07:44:51] [80/222] 4689.T: best train_pf_eff=1.371, forward_pf_eff=3.627, trades=12/6
[2025-11-05 07:44:52] [81/222] 4911.T: best train_pf_eff=5.917, forward_pf_eff=999.000, trades=16/8
[2025-11-05 07:45:04] [82/222] 4901.T: best train_pf_eff=2.795, forward_pf_eff=2.010, trades=17/7
[2025-11-05 07:45:28] [83/222] 4755.T: best train_pf_eff=1.548, forward_pf_eff=2.382, trades=17/5
[2025-11-05 07:45:31] [84/222] 5076.T: best train_pf_eff=999.000, forward_pf_eff=999.000, trades=4/2
[2025-11-05 07:45:38] [85/222] 5016.T: best train_pf_eff=1.398, forward_pf_eff=999.000, trades=25/7
[2025-11-05 07:45:44] [86/222] 5406.T: best train_pf_eff=999.000, forward_pf_eff=999.000, trades=5/5
[2025-11-05 07:45:54] [87/222] 5020.T: best train_pf_eff=2.477, forward_pf_eff=4.268, trades=16/5
[2025-11-05 07:46:37] [88/222] 5595.T: best train_pf_eff=999.000, forward_pf_eff=999.000, trades=2/2
[2025-11-05 07:46:53] [89/222] 5411.T: best train_pf_eff=999.000, forward_pf_eff=999.000, trades=12/5
[2025-11-05 07:46:55] [90/222] 5711.T: best train_pf_eff=999.000, forward_pf_eff=999.000, trades=1/5
[2025-11-05 07:46:57] [91/222] 5401.T: best train_pf_eff=1.660, forward_pf_eff=2.631, trades=48/13
[2025-11-05 07:47:05] [92/222] 5108.T: best train_pf_eff=2.100, forward_pf_eff=1.470, trades=18/7
[2025-11-05 07:48:02] [93/222] 5726.T: best train_pf_eff=0.890, forward_pf_eff=0.518, trades=12/5
[2025-11-05 07:48:09] [94/222] 5706.T: best train_pf_eff=1.365, forward_pf_eff=999.000, trades=13/5
[2025-11-05 07:48:21] [95/222] 5713.T: best train_pf_eff=0.838, forward_pf_eff=1.430, trades=19/2
[2025-11-05 07:48:59] [96/222] 6177.T: best train_pf_eff=0.000, forward_pf_eff=0.000, trades=0/0
[2025-11-05 07:49:32] [97/222] 5801.T: best train_pf_eff=1.856, forward_pf_eff=999.000, trades=13/7
[2025-11-05 07:49:35] [98/222] 6268.T: best train_pf_eff=0.751, forward_pf_eff=1.114, trades=4/8
[2025-11-05 07:49:44] [99/222] 6098.T: best train_pf_eff=0.667, forward_pf_eff=0.262, trades=15/9
[2025-11-05 07:49:49] [100/222] 5802.T: best train_pf_eff=999.000, forward_pf_eff=999.000, trades=1/2
[2025-11-05 07:49:50] [101/222] 5803.T: best train_pf_eff=1.124, forward_pf_eff=1.077, trades=33/15
[2025-11-05 07:49:53] [102/222] 6178.T: best train_pf_eff=999.000, forward_pf_eff=3.515, trades=23/12
[2025-11-05 07:50:01] [103/222] 6146.T: best train_pf_eff=999.000, forward_pf_eff=999.000, trades=21/9
[2025-11-05 07:50:39] [104/222] 6324.T: best train_pf_eff=0.000, forward_pf_eff=0.000, trades=0/0
[2025-11-05 07:50:41] [105/222] 6330.T: best train_pf_eff=0.000, forward_pf_eff=0.000, trades=0/0
[2025-11-05 07:50:53] [106/222] 6479.T: best train_pf_eff=0.000, forward_pf_eff=0.000, trades=0/0
[2025-11-05 07:51:39] [107/222] 6301.T: best train_pf_eff=2.041, forward_pf_eff=5.294, trades=44/15
[2025-11-05 07:51:41] [108/222] 6326.T: best train_pf_eff=3.189, forward_pf_eff=4.393, trades=19/10
[2025-11-05 07:51:46] [109/222] 6361.T: best train_pf_eff=1.796, forward_pf_eff=0.928, trades=12/5
[2025-11-05 07:51:51] [110/222] 6323.T: best train_pf_eff=3.377, forward_pf_eff=2.597, trades=31/12
[2025-11-05 07:52:05] [111/222] 6315.T: best train_pf_eff=999.000, forward_pf_eff=999.000, trades=10/4
[2025-11-05 07:53:28] [112/222] 6501.T: best train_pf_eff=999.000, forward_pf_eff=999.000, trades=26/3
[2025-11-05 07:53:37] [113/222] 6503.T: best train_pf_eff=0.667, forward_pf_eff=1.296, trades=40/11
[2025-11-05 07:53:48] [114/222] 6506.T: best train_pf_eff=6.543, forward_pf_eff=999.000, trades=27/7
[2025-11-05 07:54:34] [115/222] 6525.T: best train_pf_eff=999.000, forward_pf_eff=999.000, trades=13/16
[2025-11-05 07:54:42] [116/222] 6594.T: best train_pf_eff=2.053, forward_pf_eff=2.011, trades=56/21
[2025-11-05 07:54:43] [117/222] 6526.T: best train_pf_eff=2.286, forward_pf_eff=8.324, trades=41/8
[2025-11-05 07:54:43] [118/222] 6701.T: best train_pf_eff=0.912, forward_pf_eff=2.009, trades=16/7
[2025-11-05 07:54:49] [119/222] 6740.T: best train_pf_eff=999.000, forward_pf_eff=999.000, trades=1/1
[2025-11-05 07:55:08] [120/222] 6702.T: best train_pf_eff=0.486, forward_pf_eff=2.862, trades=26/5
[2025-11-05 07:55:59] [121/222] 6814.T: best train_pf_eff=999.000, forward_pf_eff=999.000, trades=1/2
[2025-11-05 07:56:07] [122/222] 6869.T: best train_pf_eff=3.892, forward_pf_eff=3.892, trades=6/3
[2025-11-05 07:56:31] [123/222] 6723.T: best train_pf_eff=1.068, forward_pf_eff=1.924, trades=57/19
[2025-11-05 07:57:01] [124/222] 6752.T: best train_pf_eff=0.635, forward_pf_eff=3.024, trades=16/4
[2025-11-05 07:57:39] [125/222] 6758.T: best train_pf_eff=11.183, forward_pf_eff=4.926, trades=40/6
[2025-11-05 07:57:39] [126/222] 6857.T: best train_pf_eff=2.111, forward_pf_eff=3.437, trades=22/14
[2025-11-05 07:57:40] [127/222] 6762.T: best train_pf_eff=999.000, forward_pf_eff=999.000, trades=27/6
[2025-11-05 07:58:12] [128/222] 6902.T: best train_pf_eff=2.123, forward_pf_eff=999.000, trades=18/8
[2025-11-05 07:58:14] [129/222] 6965.T: best train_pf_eff=2.931, forward_pf_eff=2.931, trades=4/4
[2025-11-05 07:59:00] [130/222] 6920.T: best train_pf_eff=0.583, forward_pf_eff=2.935, trades=29/16
[2025-11-05 07:59:02] [131/222] 6954.T: best train_pf_eff=0.578, forward_pf_eff=0.925, trades=40/11
[2025-11-05 07:59:04] [132/222] 6971.T: best train_pf_eff=999.000, forward_pf_eff=999.000, trades=7/4
[2025-11-05 07:59:04] [133/222] 6963.T: best train_pf_eff=0.461, forward_pf_eff=1.926, trades=28/4
[2025-11-05 07:59:31] [134/222] 6976.T: best train_pf_eff=999.000, forward_pf_eff=2.000, trades=5/3
[2025-11-05 08:00:17] [135/222] 6981.T: best train_pf_eff=1.883, forward_pf_eff=2.227, trades=25/4
[2025-11-05 08:00:24] [136/222] 6988.T: best train_pf_eff=0.348, forward_pf_eff=0.348, trades=8/8
[2025-11-05 08:00:38] [137/222] 7014.T: best train_pf_eff=999.000, forward_pf_eff=999.000, trades=4/4
[2025-11-05 08:01:07] [138/222] 7003.T: best train_pf_eff=1.060, forward_pf_eff=2.117, trades=62/21
[2025-11-05 08:01:14] [139/222] 7186.T: best train_pf_eff=1.976, forward_pf_eff=1.976, trades=2/2
[2025-11-05 08:01:47] [140/222] 7013.T: best train_pf_eff=1.865, forward_pf_eff=3.401, trades=17/7
[2025-11-05 08:01:48] [141/222] 7011.T: best train_pf_eff=2.362, forward_pf_eff=1.706, trades=30/6
[2025-11-05 08:01:48] [142/222] 7012.T: best train_pf_eff=2.248, forward_pf_eff=999.000, trades=10/2
[2025-11-05 08:01:58] [143/222] 7202.T: best train_pf_eff=0.000, forward_pf_eff=0.000, trades=0/0
[2025-11-05 08:02:03] [144/222] 7211.T: best train_pf_eff=0.000, forward_pf_eff=0.000, trades=0/0
[2025-11-05 08:02:13] [145/222] 7182.T: best train_pf_eff=999.000, forward_pf_eff=999.000, trades=18/6
[2025-11-05 08:03:19] [146/222] 7259.T: best train_pf_eff=2.311, forward_pf_eff=2.218, trades=9/4
[2025-11-05 08:03:19] [147/222] 7201.T: best train_pf_eff=0.342, forward_pf_eff=0.198, trades=70/15
[2025-11-05 08:03:51] [148/222] 7272.T: best train_pf_eff=999.000, forward_pf_eff=999.000, trades=7/3
[2025-11-05 08:04:02] [149/222] 7261.T: best train_pf_eff=0.429, forward_pf_eff=0.000, trades=16/4
[2025-11-05 08:04:06] [150/222] 7203.T: best train_pf_eff=0.969, forward_pf_eff=1.775, trades=53/12
[2025-11-05 08:04:14] [151/222] 7270.T: best train_pf_eff=0.942, forward_pf_eff=1.234, trades=39/17
[2025-11-05 08:04:33] [152/222] 7267.T: best train_pf_eff=1.762, forward_pf_eff=3.413, trades=15/4
[2025-11-05 08:04:35] [153/222] 7269.T: best train_pf_eff=5.028, forward_pf_eff=999.000, trades=45/9
[2025-11-05 08:04:41] [154/222] 7599.T: best train_pf_eff=999.000, forward_pf_eff=999.000, trades=9/3
[2025-11-05 08:05:12] [155/222] 7731.T: best train_pf_eff=0.000, forward_pf_eff=0.000, trades=0/0
[2025-11-05 08:05:18] [156/222] 7711.T: best train_pf_eff=4.509, forward_pf_eff=4.509, trades=6/2
[2025-11-05 08:05:24] [157/222] 7746.T: best train_pf_eff=1.805, forward_pf_eff=1.805, trades=2/2
[2025-11-05 08:05:29] [158/222] 7532.T: best train_pf_eff=13.172, forward_pf_eff=9.404, trades=19/10
[2025-11-05 08:05:48] [159/222] 7453.T: best train_pf_eff=0.814, forward_pf_eff=1.235, trades=26/5
[2025-11-05 08:05:56] [160/222] 7733.T: best train_pf_eff=999.000, forward_pf_eff=999.000, trades=7/4
[2025-11-05 08:06:34] [161/222] 7762.T: best train_pf_eff=0.228, forward_pf_eff=0.228, trades=15/5
[2025-11-05 08:07:35] [162/222] 7735.T: best train_pf_eff=2.514, forward_pf_eff=999.000, trades=25/9
[2025-11-05 08:07:40] [163/222] 7751.T: best train_pf_eff=0.240, forward_pf_eff=0.224, trades=96/29
[2025-11-05 08:07:56] [164/222] 7832.T: best train_pf_eff=999.000, forward_pf_eff=999.000, trades=14/8
[2025-11-05 08:08:20] [165/222] 8015.T: best train_pf_eff=999.000, forward_pf_eff=999.000, trades=14/7
[2025-11-05 08:08:35] [166/222] 7936.T: best train_pf_eff=1.513, forward_pf_eff=3.972, trades=33/11
[2025-11-05 08:08:45] [167/222] 7974.T: best train_pf_eff=3.271, forward_pf_eff=3.566, trades=36/13
[2025-11-05 08:09:07] [168/222] 8001.T: best train_pf_eff=999.000, forward_pf_eff=999.000, trades=18/4
[2025-11-05 08:09:07] [169/222] 8002.T: best train_pf_eff=999.000, forward_pf_eff=999.000, trades=18/4
[2025-11-05 08:09:36] [170/222] 8105.T: best train_pf_eff=1.696, forward_pf_eff=1.696, trades=6/2
[2025-11-05 08:10:08] [171/222] 8113.T: best train_pf_eff=999.000, forward_pf_eff=0.000, trades=2/0
[2025-11-05 08:10:52] [172/222] 8035.T: best train_pf_eff=2.098, forward_pf_eff=999.000, trades=19/5
[2025-11-05 08:10:55] [173/222] 8031.T: best train_pf_eff=2.169, forward_pf_eff=2.148, trades=67/25
[2025-11-05 08:11:12] [174/222] 8053.T: best train_pf_eff=999.000, forward_pf_eff=999.000, trades=52/14
[2025-11-05 08:11:44] [175/222] 8233.T: best train_pf_eff=0.332, forward_pf_eff=0.308, trades=23/10
[2025-11-05 08:11:55] [176/222] 8058.T: best train_pf_eff=2.427, forward_pf_eff=999.000, trades=48/10
[2025-11-05 08:12:35] [177/222] 8136.T: best train_pf_eff=0.738, forward_pf_eff=1.797, trades=39/6
[2025-11-05 08:12:55] [178/222] 8331.T: best train_pf_eff=0.000, forward_pf_eff=0.000, trades=0/0
[2025-11-05 08:13:03] [179/222] 8267.T: best train_pf_eff=0.267, forward_pf_eff=3.493, trades=14/6
[2025-11-05 08:13:25] [180/222] 8410.T: best train_pf_eff=0.000, forward_pf_eff=0.000, trades=0/0
[2025-11-05 08:13:49] [181/222] 8306.T: best train_pf_eff=2.631, forward_pf_eff=2.789, trades=52/17
[2025-11-05 08:14:10] [182/222] 8309.T: best train_pf_eff=20.582, forward_pf_eff=7.417, trades=18/7
[2025-11-05 08:14:23] [183/222] 8308.T: best train_pf_eff=5.597, forward_pf_eff=999.000, trades=67/16
[2025-11-05 08:14:36] [184/222] 8593.T: best train_pf_eff=0.000, forward_pf_eff=0.000, trades=0/0
[2025-11-05 08:14:48] [185/222] 8316.T: best train_pf_eff=2.261, forward_pf_eff=4.343, trades=54/18
[2025-11-05 08:15:53] [186/222] 8411.T: best train_pf_eff=0.355, forward_pf_eff=999.000, trades=6/2
[2025-11-05 08:15:53] [187/222] 8601.T: best train_pf_eff=7.086, forward_pf_eff=1.205, trades=20/10
[2025-11-05 08:16:07] [188/222] 8473.T: best train_pf_eff=999.000, forward_pf_eff=3.846, trades=34/12
[2025-11-05 08:16:12] [189/222] 8591.T: best train_pf_eff=1.803, forward_pf_eff=2.017, trades=22/9
[2025-11-05 08:17:11] [190/222] 8697.T: best train_pf_eff=999.000, forward_pf_eff=999.000, trades=12/4
[2025-11-05 08:17:25] [191/222] 8604.T: best train_pf_eff=0.880, forward_pf_eff=999.000, trades=10/2
[2025-11-05 08:17:44] [192/222] 8630.T: best train_pf_eff=2.950, forward_pf_eff=999.000, trades=23/8
[2025-11-05 08:18:12] [193/222] 8725.T: best train_pf_eff=1.660, forward_pf_eff=3.024, trades=40/15
[2025-11-05 08:18:34] [194/222] 8750.T: best train_pf_eff=1.090, forward_pf_eff=2.269, trades=21/10
[2025-11-05 08:18:47] [195/222] 8801.T: best train_pf_eff=4.543, forward_pf_eff=999.000, trades=19/5
[2025-11-05 08:18:53] [196/222] 8729.T: best train_pf_eff=0.173, forward_pf_eff=0.942, trades=12/3
[2025-11-05 08:18:55] [197/222] 9021.T: best train_pf_eff=0.000, forward_pf_eff=999.000, trades=0/2
[2025-11-05 08:19:21] [198/222] 8766.T: best train_pf_eff=2.016, forward_pf_eff=1.593, trades=42/10
[2025-11-05 08:19:57] [199/222] 9023.T: best train_pf_eff=999.000, forward_pf_eff=999.000, trades=3/3
[2025-11-05 08:19:58] [200/222] 9020.T: best train_pf_eff=999.000, forward_pf_eff=999.000, trades=20/6
[2025-11-05 08:20:04] [201/222] 8802.T: best train_pf_eff=2.373, forward_pf_eff=999.000, trades=9/3
[2025-11-05 08:20:52] [202/222] 9022.T: best train_pf_eff=0.763, forward_pf_eff=2.882, trades=42/5
[2025-11-05 08:20:59] [203/222] 9348.T: best train_pf_eff=0.000, forward_pf_eff=0.000, trades=0/0
[2025-11-05 08:21:31] [204/222] 9202.T: best train_pf_eff=0.213, forward_pf_eff=0.176, trades=24/11
[2025-11-05 08:21:45] [205/222] 9201.T: best train_pf_eff=3.056, forward_pf_eff=999.000, trades=21/16
[2025-11-05 08:22:09] [206/222] 9101.T: best train_pf_eff=0.792, forward_pf_eff=0.926, trades=60/17
[2025-11-05 08:22:17] [207/222] 9107.T: best train_pf_eff=1.283, forward_pf_eff=3589.813, trades=44/15
[2025-11-05 08:22:18] [208/222] 9104.T: best train_pf_eff=4.823, forward_pf_eff=4.528, trades=32/11
[2025-11-05 08:23:01] [209/222] 9502.T: best train_pf_eff=999.000, forward_pf_eff=999.000, trades=6/3
[2025-11-05 08:23:17] [210/222] 9506.T: best train_pf_eff=0.000, forward_pf_eff=0.000, trades=0/0
[2025-11-05 08:23:18] [211/222] 9504.T: best train_pf_eff=0.000, forward_pf_eff=0.000, trades=0/0
[2025-11-05 08:23:32] [212/222] 9432.T: best train_pf_eff=1.947, forward_pf_eff=999.000, trades=76/22
[2025-11-05 08:24:19] [213/222] 9433.T: best train_pf_eff=0.674, forward_pf_eff=1.186, trades=84/27
[2025-11-05 08:24:23] [214/222] 9434.T: best train_pf_eff=1.722, forward_pf_eff=4.896, trades=47/9
[2025-11-05 08:24:24] [215/222] 9831.T: best train_pf_eff=3.744, forward_pf_eff=3.744, trades=12/4
[2025-11-05 08:24:46] [216/222] 9501.T: best train_pf_eff=0.411, forward_pf_eff=1.315, trades=9/4
[2025-11-05 08:24:56] [217/222] 9503.T: best train_pf_eff=0.923, forward_pf_eff=1.759, trades=40/14
[2025-11-05 08:25:10] [218/222] 9509.T: best train_pf_eff=0.747, forward_pf_eff=999.000, trades=19/2
[2025-11-05 08:25:17] [219/222] 9697.T: best train_pf_eff=1.058, forward_pf_eff=1.274, trades=18/8
[2025-11-05 08:25:27] [220/222] 9983.T: best train_pf_eff=999.000, forward_pf_eff=999.000, trades=17/7
[2025-11-05 08:25:29] [221/222] 9843.T: best train_pf_eff=1.986, forward_pf_eff=999.000, trades=20/6
[2025-11-05 08:25:38] [222/222] 9984.T: best train_pf_eff=1.433, forward_pf_eff=3.037, trades=58/13
[2025-11-05 08:25:38] Cache reuse: 0/14208 combos (0.0%) served from cache
[2025-11-05 08:25:38] ASHA pruned 28416 parameter combos prior to full evaluation
[2025-11-05 08:25:41] Excel summary written to C:\AI\asagake\output\bt30\NIGHTLY_20251105_FAST\RUN_coarse_AM0930_j-cross\summary_20251105_082539.xlsx
[2025-11-05 08:25:41] Run completed in 57.6 minutes
