[2025-11-06 05:12:07] Run started
[2025-11-06 05:12:07] Run type resolved to weekend
[2025-11-06 05:12:08] Codes limited via C:\AI\asagake\output\bt30\WEEKLY_\NIGHTLY_20251106\RUN_coarse_AM1000_j-cross\_TOP_CANDIDATES.csv: 8 tickers (was 20)
[2025-11-06 05:12:10] Fetching Yahoo Finance 1m bars for 8 tickers (lookback=60, chunk=5)
[2025-11-06 05:12:35] Fetching Yahoo Finance 1m bars for 1 tickers (lookback=60, chunk=5)
[2025-11-06 05:13:01] Entry window marks set: 15858 rows flagged out of 90954
[2025-11-06 05:13:01] Liquidity filter q=0.50 kept 7 tickers and 45215 rows
[2025-11-06 05:13:01] Using 5 rolling slices (train=12, forward=4)
[2025-11-06 05:13:01] Parameter grid size: 24 (mode=refine, signal=j-cross)
[2025-11-06 05:13:08] [1/7] 6525.T: best train_pf_eff=0.000, forward_pf_eff=0.000, trades=0/0
[2025-11-06 05:13:16] [2/7] 6526.T: best train_pf_eff=3.271, forward_pf_eff=4.169, trades=22/8
[2025-11-06 05:13:18] [3/7] 6857.T: best train_pf_eff=1.317, forward_pf_eff=2.445, trades=40/23
[2025-11-06 05:13:18] [4/7] 8411.T: best train_pf_eff=999.000, forward_pf_eff=999.000, trades=18/6
[2025-11-06 05:13:18] [5/7] 285A.T: best train_pf_eff=999.000, forward_pf_eff=999.000, trades=20/17
[2025-11-06 05:13:19] [6/7] 5801.T: best train_pf_eff=0.730, forward_pf_eff=0.443, trades=18/13
[2025-11-06 05:13:20] [7/7] 8035.T: best train_pf_eff=0.999, forward_pf_eff=1.664, trades=31/11
[2025-11-06 05:13:20] Cache reuse: 217/319 combos (68.0%) served from cache
[2025-11-06 05:13:20] Bayesian refine trials executed: 151
[2025-11-06 05:13:20] Refine candidates exported to output\excel\NIGHTLY_20251106\AM1000_j-cross\candidates_20251106.csv
[2025-11-06 05:13:20] Excel summary written to C:\AI\asagake\output\bt30\WEEKLY_\NIGHTLY_20251106\RUN_refine_AM1000_j-cross\summary_20251106_051320.xlsx
[2025-11-06 05:13:20] Run completed in 1.2 minutes
