[2025-11-10 09:10:26] Run started
[2025-11-10 09:10:26] Run type resolved to weekday
[2025-11-10 09:10:26] Low-priority gating removed 5 tickers (remaining 16)
[2025-11-10 09:10:33] Entry window marks set: 14157 rows flagged out of 174072
[2025-11-10 09:10:33] Liquidity filter q=0.50 kept 13 tickers and 88533 rows
[2025-11-10 09:10:33] Using 5 rolling slices (train=12, forward=4)
[2025-11-10 09:10:33] Parameter grid size: 28 (mode=coarse, signal=j-only)
[2025-11-10 09:10:46] [1/13] 1357.T: best train_pf_eff=0.000, forward_pf_eff=999.000, trades=0/4
[2025-11-10 09:11:02] [2/13] 7735.T: best train_pf_eff=0.000, forward_pf_eff=0.000, trades=0/0
[2025-11-10 09:11:04] [3/13] 6525.T: best train_pf_eff=0.000, forward_pf_eff=0.000, trades=0/0
[2025-11-10 09:11:06] [4/13] 285A.T: best train_pf_eff=0.793, forward_pf_eff=0.762, trades=112/50
[2025-11-10 09:11:12] [5/13] 6526.T: best train_pf_eff=0.978, forward_pf_eff=999.000, trades=38/7
[2025-11-10 09:11:15] [6/13] 7012.T: best train_pf_eff=1.593, forward_pf_eff=3.231, trades=38/14
[2025-11-10 09:11:16] [7/13] 6857.T: best train_pf_eff=0.869, forward_pf_eff=1.065, trades=207/74
[2025-11-10 09:11:16] [8/13] 5016.T: best train_pf_eff=5.637, forward_pf_eff=18.741, trades=62/14
[2025-11-10 09:11:21] [9/13] 5801.T: best train_pf_eff=16.979, forward_pf_eff=6.438, trades=30/12
[2025-11-10 09:11:21] [10/13] 9432.T: best train_pf_eff=0.000, forward_pf_eff=0.000, trades=0/0
[2025-11-10 09:11:23] [11/13] 8411.T: best train_pf_eff=999.000, forward_pf_eff=0.000, trades=48/0
[2025-11-10 09:11:28] [12/13] 8035.T: best train_pf_eff=1.619, forward_pf_eff=4.011, trades=42/9
[2025-11-10 09:11:30] [13/13] 8136.T: best train_pf_eff=0.857, forward_pf_eff=13.403, trades=182/20
[2025-11-10 09:11:30] Cache reuse: 0/130 combos (0.0%) served from cache
[2025-11-10 09:11:30] ASHA pruned 234 parameter combos prior to full evaluation
[2025-11-10 09:11:31] Excel summary written to output\bt30\NIGHTLY_20251110\RUN_coarse_AM0930_j-only\summary_20251110_091130.xlsx
[2025-11-10 09:11:31] Run completed in 1.1 minutes
