[2025-11-08 22:36:53] Run started
[2025-11-08 22:36:53] Run type resolved to weekend
[2025-11-08 22:36:59] Entry window marks set: 48441 rows flagged out of 217955
[2025-11-08 22:36:59] Liquidity filter q=0.50 kept 15 tickers and 113451 rows
[2025-11-08 22:36:59] Using 5 rolling slices (train=12, forward=4)
[2025-11-08 22:36:59] Parameter grid size: 288 (mode=coarse, signal=j-cross)
[2025-11-08 22:38:16] [1/15] 5706.T: best train_pf_eff=2.629, forward_pf_eff=2.629, trades=6/3
[2025-11-08 22:38:56] [2/15] 1357.T: best train_pf_eff=6.180, forward_pf_eff=2.676, trades=14/11
[2025-11-08 22:39:25] [3/15] 285A.T: best train_pf_eff=11.776, forward_pf_eff=12.780, trades=27/15
[2025-11-08 22:39:33] [4/15] 6525.T: best train_pf_eff=9.067, forward_pf_eff=9.058, trades=21/7
[2025-11-08 22:40:16] [5/15] 5801.T: best train_pf_eff=1.514, forward_pf_eff=1.846, trades=29/17
[2025-11-08 22:40:24] [6/15] 6526.T: best train_pf_eff=0.346, forward_pf_eff=9.950, trades=14/5
[2025-11-08 22:40:34] [7/15] 6857.T: best train_pf_eff=2.378, forward_pf_eff=2.681, trades=50/25
[2025-11-08 22:40:36] [8/15] 5016.T: best train_pf_eff=5.194, forward_pf_eff=999.000, trades=39/8
[2025-11-08 22:40:39] [9/15] 7014.T: best train_pf_eff=0.000, forward_pf_eff=0.000, trades=0/0
[2025-11-08 22:41:12] [10/15] 7735.T: best train_pf_eff=2.068, forward_pf_eff=2.068, trades=2/2
[2025-11-08 22:41:31] [11/15] 7012.T: best train_pf_eff=1.488, forward_pf_eff=4.080, trades=40/14
[2025-11-08 22:41:40] [12/15] 9432.T: best train_pf_eff=0.000, forward_pf_eff=0.000, trades=0/0
[2025-11-08 22:42:24] [13/15] 8035.T: best train_pf_eff=6.498, forward_pf_eff=999.000, trades=39/12
[2025-11-08 22:42:35] [14/15] 8136.T: best train_pf_eff=1.290, forward_pf_eff=2.432, trades=74/23
[2025-11-08 22:42:36] [15/15] 8411.T: best train_pf_eff=2.937, forward_pf_eff=6.491, trades=48/11
[2025-11-08 22:42:36] Cache reuse: 0/1440 combos (0.0%) served from cache
[2025-11-08 22:42:36] ASHA pruned 2880 parameter combos prior to full evaluation
[2025-11-08 22:42:36] Run completed in 5.7 minutes
