[2025-11-08 06:35:26] Run started
[2025-11-08 06:35:26] Run type resolved to weekend
[2025-11-08 06:35:27] Codes limited via output\bt30\NIGHTLY_20251108\RUN_coarse_AM0930_j-cross\_TOP_CANDIDATES.csv: 9 tickers (was 20)
[2025-11-08 06:35:30] Entry window marks set: 8901 rows flagged out of 109284
[2025-11-08 06:35:30] Liquidity filter q=0.50 kept 9 tickers and 60748 rows
[2025-11-08 06:35:30] Using 5 rolling slices (train=12, forward=4)
[2025-11-08 06:35:30] Parameter grid size: 9072 (mode=refine, signal=j-cross)
[2025-11-08 07:45:09] [1/9] 6525.T: best train_pf_eff=0.000, forward_pf_eff=0.000, trades=0/0
[2025-11-08 08:30:50] [2/9] 6526.T: best train_pf_eff=999.000, forward_pf_eff=999.000, trades=19/7
[2025-11-08 08:38:42] [3/9] 8411.T: best train_pf_eff=0.000, forward_pf_eff=0.000, trades=0/0
[2025-11-08 08:51:28] [4/9] 7012.T: best train_pf_eff=999.000, forward_pf_eff=0.000, trades=5/0
[2025-11-08 09:22:28] [5/9] 6857.T: best train_pf_eff=4.397, forward_pf_eff=14.164, trades=24/10
[2025-11-08 09:22:36] [6/9] 5801.T: best train_pf_eff=999.000, forward_pf_eff=999.000, trades=16/7
[2025-11-08 09:24:48] [7/9] 5016.T: best train_pf_eff=11.834, forward_pf_eff=999.000, trades=21/13
[2025-11-08 09:26:34] [8/9] 8035.T: best train_pf_eff=110.277, forward_pf_eff=999.000, trades=27/11
[2025-11-08 09:26:53] [9/9] 8136.T: best train_pf_eff=1.189, forward_pf_eff=999.000, trades=51/11
[2025-11-08 09:26:53] Cache reuse: 0/81864 combos (0.0%) served from cache
[2025-11-08 09:26:53] Bayesian refine trials executed: 216
[2025-11-08 09:26:53] Refine candidates exported to output\excel\NIGHTLY_20251108\AM0930_j-cross\candidates_20251108.csv
[2025-11-08 09:26:53] Run completed in 171.4 minutes
