[2025-11-08 22:00:44] Run started
[2025-11-08 22:00:44] Run type resolved to weekend
[2025-11-08 22:00:54] Entry window marks set: 48441 rows flagged out of 217955
[2025-11-08 22:00:54] Liquidity filter q=0.50 kept 15 tickers and 113451 rows
[2025-11-08 22:00:54] Using 5 rolling slices (train=12, forward=4)
[2025-11-08 22:00:54] Parameter grid size: 288 (mode=coarse, signal=j-only)
[2025-11-08 22:03:36] [1/15] 5706.T: best train_pf_eff=0.746, forward_pf_eff=0.746, trades=102/51
[2025-11-08 22:05:35] [2/15] 1357.T: best train_pf_eff=2.497, forward_pf_eff=0.832, trades=121/118
[2025-11-08 22:06:54] [3/15] 285A.T: best train_pf_eff=3.642, forward_pf_eff=3.939, trades=43/24
[2025-11-08 22:07:20] [4/15] 6525.T: best train_pf_eff=6.547, forward_pf_eff=6.547, trades=30/10
[2025-11-08 22:09:28] [5/15] 5801.T: best train_pf_eff=0.585, forward_pf_eff=0.501, trades=396/195
[2025-11-08 22:09:49] [6/15] 6526.T: best train_pf_eff=0.482, forward_pf_eff=11.054, trades=115/23
[2025-11-08 22:10:16] [7/15] 7014.T: best train_pf_eff=0.000, forward_pf_eff=0.000, trades=0/0
[2025-11-08 22:10:18] [8/15] 6857.T: best train_pf_eff=0.872, forward_pf_eff=1.122, trades=615/255
[2025-11-08 22:10:23] [9/15] 5016.T: best train_pf_eff=2.007, forward_pf_eff=999.000, trades=146/28
[2025-11-08 22:11:38] [10/15] 7735.T: best train_pf_eff=0.201, forward_pf_eff=0.201, trades=51/51
[2025-11-08 22:12:56] [11/15] 7012.T: best train_pf_eff=0.533, forward_pf_eff=2.790, trades=150/18
[2025-11-08 22:13:11] [12/15] 9432.T: best train_pf_eff=0.000, forward_pf_eff=0.000, trades=0/0
[2025-11-08 22:15:19] [13/15] 8035.T: best train_pf_eff=3.778, forward_pf_eff=999.000, trades=190/48
[2025-11-08 22:16:04] [14/15] 8411.T: best train_pf_eff=2.010, forward_pf_eff=2.076, trades=571/134
[2025-11-08 22:16:22] [15/15] 8136.T: best train_pf_eff=0.504, forward_pf_eff=0.481, trades=783/174
[2025-11-08 22:16:22] Cache reuse: 0/1440 combos (0.0%) served from cache
[2025-11-08 22:16:22] ASHA pruned 2880 parameter combos prior to full evaluation
[2025-11-08 22:16:22] Run completed in 15.6 minutes
