[2025-11-03 14:57:52] Run started
[2025-11-03 14:57:52] Run type resolved to weekend
[2025-11-03 14:57:58] Entry window marks set: 18041 rows flagged out of 219404
[2025-11-03 14:57:58] Liquidity filter q=0.50 kept 14 tickers and 114628 rows
[2025-11-03 14:57:58] Using 5 rolling slices (train=12, forward=4)
[2025-11-03 14:57:58] Parameter grid size: 240 (mode=coarse, signal=j-only)
[2025-11-03 14:59:25] [1/14] 5706.T: best train_pf_eff=999.000, forward_pf_eff=999.000, trades=18/9
[2025-11-03 14:59:57] [2/14] 1357.T: best train_pf_eff=999.000, forward_pf_eff=999.000, trades=6/5
[2025-11-03 15:00:26] [3/14] 285A.T: best train_pf_eff=2.435, forward_pf_eff=2.435, trades=8/8
[2025-11-03 15:00:50] [4/14] 6525.T: best train_pf_eff=999.000, forward_pf_eff=999.000, trades=33/11
[2025-11-03 15:01:31] [5/14] 5801.T: best train_pf_eff=999.000, forward_pf_eff=999.000, trades=23/9
[2025-11-03 15:01:49] [6/14] 5016.T: best train_pf_eff=1.246, forward_pf_eff=12.527, trades=133/36
[2025-11-03 15:01:53] [7/14] 6857.T: best train_pf_eff=0.708, forward_pf_eff=0.644, trades=112/66
[2025-11-03 15:01:54] [8/14] 7014.T: best train_pf_eff=0.000, forward_pf_eff=0.000, trades=0/0
[2025-11-03 15:01:56] [9/14] 6526.T: best train_pf_eff=3.245, forward_pf_eff=999.000, trades=25/2
[2025-11-03 15:02:20] [10/14] 7735.T: best train_pf_eff=999.000, forward_pf_eff=999.000, trades=8/8
[2025-11-03 15:03:06] [11/14] 7012.T: best train_pf_eff=1.812, forward_pf_eff=999.000, trades=90/17
[2025-11-03 15:03:49] [12/14] 8136.T: best train_pf_eff=0.990, forward_pf_eff=0.910, trades=291/48
[2025-11-03 15:03:49] [13/14] 8035.T: best train_pf_eff=7.003, forward_pf_eff=999.000, trades=40/18
[2025-11-03 15:03:59] [14/14] 8411.T: best train_pf_eff=999.000, forward_pf_eff=999.000, trades=50/14
[2025-11-03 15:03:59] Cache reuse: 0/1120 combos (0.0%) served from cache
[2025-11-03 15:03:59] ASHA pruned 2240 parameter combos prior to full evaluation
[2025-11-03 15:03:59] Run completed in 6.1 minutes
