[2025-11-08 20:33:51] Run started
[2025-11-08 20:33:51] Run type resolved to weekend
[2025-11-08 20:33:57] Entry window marks set: 7867 rows flagged out of 217955
[2025-11-08 20:33:57] Liquidity filter q=0.50 kept 15 tickers and 113451 rows
[2025-11-08 20:33:57] Using 5 rolling slices (train=12, forward=4)
[2025-11-08 20:33:57] Parameter grid size: 288 (mode=coarse, signal=j-cross)
[2025-11-08 20:34:54] [1/15] 5706.T: best train_pf_eff=999.000, forward_pf_eff=999.000, trades=2/1
[2025-11-08 20:35:28] [2/15] 1357.T: best train_pf_eff=999.000, forward_pf_eff=999.000, trades=2/2
[2025-11-08 20:35:43] [3/15] 285A.T: best train_pf_eff=1.729, forward_pf_eff=1.729, trades=6/2
[2025-11-08 20:35:57] [4/15] 6525.T: best train_pf_eff=999.000, forward_pf_eff=999.000, trades=9/3
[2025-11-08 20:36:22] [5/15] 5801.T: best train_pf_eff=1.167, forward_pf_eff=3.501, trades=4/2
[2025-11-08 20:36:31] [6/15] 6526.T: best train_pf_eff=999.000, forward_pf_eff=999.000, trades=4/2
[2025-11-08 20:36:33] [7/15] 6857.T: best train_pf_eff=3.319, forward_pf_eff=1.392, trades=6/3
[2025-11-08 20:36:34] [8/15] 5016.T: best train_pf_eff=1.071, forward_pf_eff=5.085, trades=12/3
[2025-11-08 20:36:43] [9/15] 7014.T: best train_pf_eff=0.000, forward_pf_eff=0.000, trades=0/0
[2025-11-08 20:37:01] [10/15] 7735.T: best train_pf_eff=999.000, forward_pf_eff=999.000, trades=1/1
[2025-11-08 20:37:12] [11/15] 7012.T: best train_pf_eff=5.120, forward_pf_eff=999.000, trades=12/4
[2025-11-08 20:37:19] [12/15] 9432.T: best train_pf_eff=0.000, forward_pf_eff=0.000, trades=0/0
[2025-11-08 20:37:54] [13/15] 8035.T: best train_pf_eff=999.000, forward_pf_eff=999.000, trades=8/2
[2025-11-08 20:37:55] [14/15] 8136.T: best train_pf_eff=999.000, forward_pf_eff=999.000, trades=15/4
[2025-11-08 20:37:57] [15/15] 8411.T: best train_pf_eff=9.637, forward_pf_eff=8.208, trades=15/4
[2025-11-08 20:37:57] Cache reuse: 0/1440 combos (0.0%) served from cache
[2025-11-08 20:37:57] ASHA pruned 2880 parameter combos prior to full evaluation
[2025-11-08 20:37:57] Run completed in 4.1 minutes
