[2025-11-08 06:30:08] Run started
[2025-11-08 06:30:08] Run type resolved to weekend
[2025-11-08 06:30:21] Entry window marks set: 17894 rows flagged out of 217955
[2025-11-08 06:30:21] Liquidity filter q=0.50 kept 15 tickers and 113451 rows
[2025-11-08 06:30:21] Using 5 rolling slices (train=12, forward=4)
[2025-11-08 06:30:21] Parameter grid size: 288 (mode=coarse, signal=j-cross)
[2025-11-08 06:31:44] [1/15] 5706.T: best train_pf_eff=999.000, forward_pf_eff=999.000, trades=4/2
[2025-11-08 06:32:09] [2/15] 1357.T: best train_pf_eff=999.000, forward_pf_eff=999.000, trades=5/7
[2025-11-08 06:32:34] [3/15] 285A.T: best train_pf_eff=999.000, forward_pf_eff=999.000, trades=3/2
[2025-11-08 06:32:35] [4/15] 6525.T: best train_pf_eff=999.000, forward_pf_eff=999.000, trades=15/5
[2025-11-08 06:33:19] [5/15] 5801.T: best train_pf_eff=2.667, forward_pf_eff=999.000, trades=16/7
[2025-11-08 06:33:29] [6/15] 6857.T: best train_pf_eff=1.590, forward_pf_eff=5.431, trades=21/7
[2025-11-08 06:33:31] [7/15] 6526.T: best train_pf_eff=4.362, forward_pf_eff=4.989, trades=29/9
[2025-11-08 06:33:43] [8/15] 7014.T: best train_pf_eff=0.000, forward_pf_eff=0.000, trades=0/0
[2025-11-08 06:33:48] [9/15] 5016.T: best train_pf_eff=4.069, forward_pf_eff=999.000, trades=27/6
[2025-11-08 06:34:11] [10/15] 7735.T: best train_pf_eff=999.000, forward_pf_eff=999.000, trades=5/5
[2025-11-08 06:34:34] [11/15] 9432.T: best train_pf_eff=0.000, forward_pf_eff=0.000, trades=0/0
[2025-11-08 06:34:53] [12/15] 7012.T: best train_pf_eff=4.688, forward_pf_eff=999.000, trades=12/2
[2025-11-08 06:35:08] [13/15] 8035.T: best train_pf_eff=3.595, forward_pf_eff=5.693, trades=24/9
[2025-11-08 06:35:22] [14/15] 8136.T: best train_pf_eff=1.807, forward_pf_eff=8.920, trades=46/9
[2025-11-08 06:35:24] [15/15] 8411.T: best train_pf_eff=27.411, forward_pf_eff=999.000, trades=36/9
[2025-11-08 06:35:24] Cache reuse: 0/1440 combos (0.0%) served from cache
[2025-11-08 06:35:24] ASHA pruned 2880 parameter combos prior to full evaluation
[2025-11-08 06:35:24] Run completed in 5.3 minutes
