[2025-11-09 07:50:26] Run started
[2025-11-09 07:50:26] Run type resolved to weekday
[2025-11-09 07:50:27] Low-priority gating removed 11 tickers (remaining 9)
[2025-11-09 07:50:30] Entry window marks set: 3651 rows flagged out of 102608
[2025-11-09 07:50:30] Liquidity filter q=0.50 kept 9 tickers and 55350 rows
[2025-11-09 07:50:30] Using 5 rolling slices (train=12, forward=4)
[2025-11-09 07:50:30] Parameter grid size: 28 (mode=coarse, signal=j-only)
[2025-11-09 07:50:30] Ineffective-band mask removed 4 combos for J_th values [0.3, 0.4, 0.6, 0.7, 0.8]
[2025-11-09 07:50:35] [1/9] 285A.T: best train_pf_eff=3.210, forward_pf_eff=3.210, trades=9/3
[2025-11-09 07:50:35] [2/9] 6526.T: best train_pf_eff=0.000, forward_pf_eff=0.000, trades=0/0
[2025-11-09 07:50:36] [3/9] 7012.T: best train_pf_eff=999.000, forward_pf_eff=0.000, trades=4/0
[2025-11-09 07:50:36] [4/9] 5801.T: best train_pf_eff=999.000, forward_pf_eff=0.000, trades=1/0
[2025-11-09 07:50:36] [5/9] 8136.T: best train_pf_eff=1.228, forward_pf_eff=1.562, trades=42/7
[2025-11-09 07:50:36] [6/9] 6857.T: best train_pf_eff=8.994, forward_pf_eff=0.000, trades=9/1
[2025-11-09 07:50:36] [7/9] 5016.T: best train_pf_eff=1.252, forward_pf_eff=1.817, trades=20/7
[2025-11-09 07:50:36] [8/9] 8035.T: best train_pf_eff=1.657, forward_pf_eff=0.000, trades=15/2
[2025-11-09 07:50:36] [9/9] 8411.T: best train_pf_eff=0.000, forward_pf_eff=0.000, trades=0/0
[2025-11-09 07:50:36] Cache reuse: 72/72 combos (100.0%) served from cache
[2025-11-09 07:50:36] ASHA pruned 144 parameter combos prior to full evaluation
[2025-11-09 07:50:37] Excel summary written to output\bt30\NIGHTLY_20251109\RUN_coarse_AM15_j-only\summary_20251109_075036.xlsx
[2025-11-09 07:50:37] Run completed in 0.2 minutes
