[2025-11-08 17:13:42] Run started
[2025-11-08 17:13:42] Run type resolved to weekend
[2025-11-08 17:13:55] Entry window marks set: 28014 rows flagged out of 217955
[2025-11-08 17:13:55] Liquidity filter q=0.50 kept 15 tickers and 113451 rows
[2025-11-08 17:13:55] Using 5 rolling slices (train=12, forward=4)
[2025-11-08 17:13:55] Parameter grid size: 288 (mode=coarse, signal=j-cross)
[2025-11-08 17:15:20] [1/15] 5706.T: best train_pf_eff=1.617, forward_pf_eff=1.617, trades=8/4
[2025-11-08 17:15:55] [2/15] 1357.T: best train_pf_eff=999.000, forward_pf_eff=2.838, trades=13/12
[2025-11-08 17:16:21] [3/15] 285A.T: best train_pf_eff=999.000, forward_pf_eff=999.000, trades=12/8
[2025-11-08 17:16:36] [4/15] 6525.T: best train_pf_eff=999.000, forward_pf_eff=999.000, trades=21/7
[2025-11-08 17:17:04] [5/15] 5801.T: best train_pf_eff=3.549, forward_pf_eff=5.164, trades=14/6
[2025-11-08 17:17:25] [6/15] 6526.T: best train_pf_eff=3.763, forward_pf_eff=4.342, trades=44/16
[2025-11-08 17:17:30] [7/15] 6857.T: best train_pf_eff=0.868, forward_pf_eff=3.772, trades=32/10
[2025-11-08 17:17:37] [8/15] 5016.T: best train_pf_eff=1.406, forward_pf_eff=4.034, trades=52/13
[2025-11-08 17:17:38] [9/15] 7014.T: best train_pf_eff=0.000, forward_pf_eff=0.000, trades=0/0
[2025-11-08 17:18:09] [10/15] 7735.T: best train_pf_eff=3.120, forward_pf_eff=3.120, trades=5/5
[2025-11-08 17:18:40] [11/15] 9432.T: best train_pf_eff=0.000, forward_pf_eff=0.000, trades=0/0
[2025-11-08 17:18:45] [12/15] 7012.T: best train_pf_eff=1.574, forward_pf_eff=999.000, trades=17/5
[2025-11-08 17:19:28] [13/15] 8035.T: best train_pf_eff=2.851, forward_pf_eff=999.000, trades=28/9
[2025-11-08 17:19:29] [14/15] 8136.T: best train_pf_eff=0.982, forward_pf_eff=6.847, trades=59/14
[2025-11-08 17:19:33] [15/15] 8411.T: best train_pf_eff=12.499, forward_pf_eff=999.000, trades=15/4
[2025-11-08 17:19:33] Cache reuse: 0/1440 combos (0.0%) served from cache
[2025-11-08 17:19:33] ASHA pruned 2880 parameter combos prior to full evaluation
[2025-11-08 17:19:33] Run completed in 5.9 minutes
