[2025-11-06 04:40:31] Run started
[2025-11-06 04:40:31] Run type resolved to weekend
[2025-11-06 04:40:37] Fetching Yahoo Finance 1m bars for 20 tickers (lookback=60, chunk=5)
[2025-11-06 04:41:06] Fetching Yahoo Finance 1m bars for 1 tickers (lookback=60, chunk=5)
[2025-11-06 04:41:31] Entry window marks set: 28647 rows flagged out of 222460
[2025-11-06 04:41:31] Liquidity filter q=0.50 kept 15 tickers and 115793 rows
[2025-11-06 04:41:31] Using 5 rolling slices (train=12, forward=4)
[2025-11-06 04:41:31] Parameter grid size: 240 (mode=coarse, signal=j-cross)
[2025-11-06 04:42:28] [1/15] 5706.T: best train_pf_eff=1.617, forward_pf_eff=1.617, trades=8/4
[2025-11-06 04:42:38] [2/15] 1357.T: best train_pf_eff=999.000, forward_pf_eff=999.000, trades=13/7
[2025-11-06 04:42:55] [3/15] 285A.T: best train_pf_eff=999.000, forward_pf_eff=999.000, trades=9/10
[2025-11-06 04:43:27] [4/15] 6525.T: best train_pf_eff=999.000, forward_pf_eff=999.000, trades=21/7
[2025-11-06 04:44:04] [5/15] 5016.T: best train_pf_eff=0.758, forward_pf_eff=4.661, trades=72/17
[2025-11-06 04:44:08] [6/15] 5801.T: best train_pf_eff=8.918, forward_pf_eff=1.352, trades=17/9
[2025-11-06 04:44:29] [7/15] 7014.T: best train_pf_eff=0.000, forward_pf_eff=0.000, trades=0/0
[2025-11-06 04:45:11] [8/15] 7735.T: best train_pf_eff=3.120, forward_pf_eff=3.120, trades=5/5
[2025-11-06 04:45:25] [9/15] 6526.T: best train_pf_eff=3.312, forward_pf_eff=4.653, trades=50/16
[2025-11-06 04:45:27] [10/15] 6857.T: best train_pf_eff=1.069, forward_pf_eff=3.362, trades=37/19
[2025-11-06 04:45:46] [11/15] 7012.T: best train_pf_eff=0.597, forward_pf_eff=999.000, trades=24/5
[2025-11-06 04:46:08] [12/15] 9432.T: best train_pf_eff=0.000, forward_pf_eff=0.000, trades=0/0
[2025-11-06 04:46:34] [13/15] 8035.T: best train_pf_eff=1.500, forward_pf_eff=3.323, trades=34/13
[2025-11-06 04:46:46] [14/15] 8136.T: best train_pf_eff=0.757, forward_pf_eff=6.847, trades=65/14
[2025-11-06 04:46:50] [15/15] 8411.T: best train_pf_eff=2.067, forward_pf_eff=43.527, trades=42/11
[2025-11-06 04:46:50] Cache reuse: 0/1200 combos (0.0%) served from cache
[2025-11-06 04:46:50] ASHA pruned 2400 parameter combos prior to full evaluation
[2025-11-06 04:46:50] Excel summary written to C:\AI\asagake\output\bt30\WEEKLY_\NIGHTLY_20251106\RUN_coarse_AM0945_j-cross\summary_20251106_044650.xlsx
[2025-11-06 04:46:50] Run completed in 6.3 minutes
