[2025-11-08 00:09:25] Run started
[2025-11-08 00:09:25] Run type resolved to weekend
[2025-11-08 00:09:37] Entry window marks set: 28014 rows flagged out of 217955
[2025-11-08 00:09:37] Liquidity filter q=0.50 kept 15 tickers and 113451 rows
[2025-11-08 00:09:37] Using 5 rolling slices (train=12, forward=4)
[2025-11-08 00:09:37] Parameter grid size: 288 (mode=coarse, signal=j-only)
[2025-11-08 00:12:06] [1/15] 5706.T: best train_pf_eff=0.682, forward_pf_eff=0.682, trades=46/23
[2025-11-08 00:13:12] [2/15] 1357.T: best train_pf_eff=2.519, forward_pf_eff=0.639, trades=58/62
[2025-11-08 00:14:09] [3/15] 285A.T: best train_pf_eff=3.845, forward_pf_eff=3.918, trades=27/14
[2025-11-08 00:14:28] [4/15] 6525.T: best train_pf_eff=999.000, forward_pf_eff=999.000, trades=66/22
[2025-11-08 00:16:08] [5/15] 5801.T: best train_pf_eff=0.215, forward_pf_eff=1.721, trades=22/12
[2025-11-08 00:16:16] [6/15] 6526.T: best train_pf_eff=999.000, forward_pf_eff=999.000, trades=50/25
[2025-11-08 00:16:33] [7/15] 7014.T: best train_pf_eff=0.000, forward_pf_eff=0.000, trades=0/0
[2025-11-08 00:16:37] [8/15] 6857.T: best train_pf_eff=0.670, forward_pf_eff=1.063, trades=324/144
[2025-11-08 00:16:54] [9/15] 5016.T: best train_pf_eff=2.530, forward_pf_eff=4.186, trades=171/47
[2025-11-08 00:17:38] [10/15] 7735.T: best train_pf_eff=0.877, forward_pf_eff=0.877, trades=26/26
[2025-11-08 00:18:47] [11/15] 9432.T: best train_pf_eff=0.000, forward_pf_eff=0.000, trades=0/0
[2025-11-08 00:19:06] [12/15] 7012.T: best train_pf_eff=0.935, forward_pf_eff=999.000, trades=93/10
[2025-11-08 00:20:21] [13/15] 8035.T: best train_pf_eff=3.105, forward_pf_eff=999.000, trades=104/30
[2025-11-08 00:20:41] [14/15] 8411.T: best train_pf_eff=13.939, forward_pf_eff=999.000, trades=36/8
[2025-11-08 00:20:47] [15/15] 8136.T: best train_pf_eff=0.563, forward_pf_eff=0.631, trades=441/106
