[2025-11-09 04:26:39] Run started
[2025-11-09 04:26:39] Run type resolved to weekend
[2025-11-09 04:26:46] Entry window marks set: 17509 rows flagged out of 213231
[2025-11-09 04:26:46] Liquidity filter q=0.50 kept 15 tickers and 110879 rows
[2025-11-09 04:26:46] Using 5 rolling slices (train=12, forward=4)
[2025-11-09 04:26:46] Parameter grid size: 288 (mode=coarse, signal=j-cross)
[2025-11-09 04:27:58] [1/15] 5706.T: best train_pf_eff=999.000, forward_pf_eff=999.000, trades=6/2
[2025-11-09 04:28:47] [2/15] 1357.T: best train_pf_eff=0.000, forward_pf_eff=999.000, trades=0/6
[2025-11-09 04:29:11] [3/15] 285A.T: best train_pf_eff=1.352, forward_pf_eff=2.048, trades=17/9
[2025-11-09 04:29:18] [4/15] 6525.T: best train_pf_eff=11.761, forward_pf_eff=11.722, trades=12/4
[2025-11-09 04:29:56] [5/15] 5801.T: best train_pf_eff=999.000, forward_pf_eff=999.000, trades=13/5
[2025-11-09 04:30:04] [6/15] 6526.T: best train_pf_eff=2.585, forward_pf_eff=5.034, trades=15/4
[2025-11-09 04:30:05] [7/15] 6857.T: best train_pf_eff=2.309, forward_pf_eff=1.923, trades=26/8
[2025-11-09 04:30:07] [8/15] 5016.T: best train_pf_eff=12.683, forward_pf_eff=999.000, trades=19/5
[2025-11-09 04:30:16] [9/15] 7014.T: best train_pf_eff=0.000, forward_pf_eff=0.000, trades=0/0
[2025-11-09 04:30:42] [10/15] 7735.T: best train_pf_eff=999.000, forward_pf_eff=999.000, trades=6/3
[2025-11-09 04:30:57] [11/15] 7012.T: best train_pf_eff=3.067, forward_pf_eff=12.003, trades=27/7
[2025-11-09 04:31:01] [12/15] 9432.T: best train_pf_eff=0.000, forward_pf_eff=0.000, trades=0/0
[2025-11-09 04:31:37] [13/15] 8035.T: best train_pf_eff=15.886, forward_pf_eff=999.000, trades=13/4
[2025-11-09 04:31:46] [14/15] 8136.T: best train_pf_eff=1.417, forward_pf_eff=6.949, trades=38/11
[2025-11-09 04:31:47] [15/15] 8411.T: best train_pf_eff=999.000, forward_pf_eff=999.000, trades=15/5
[2025-11-09 04:31:47] Cache reuse: 0/1440 combos (0.0%) served from cache
[2025-11-09 04:31:47] ASHA pruned 2880 parameter combos prior to full evaluation
[2025-11-09 04:31:47] Run completed in 5.1 minutes
