[2025-11-01 16:30:09] Run started
[2025-11-01 16:30:09] Run type resolved to weekday
[2025-11-01 16:30:10] Codes limited via C:\\AI\\asagake\\output\\bt30\\NIGHTLY_20251030\\universe_amt_top_300_2025-10-30.csv: 300 tickers (was 20)
[2025-11-01 16:32:38] Fetching Yahoo Finance 1m bars for 300 tickers (lookback=60, chunk=5)
[2025-11-01 16:34:11] Fetching Yahoo Finance 1m bars for 1 tickers (lookback=60, chunk=5)
[2025-11-01 16:34:38] Entry window marks set: 251314 rows flagged out of 2955447
[2025-11-01 16:34:40] Liquidity filter q=0.50 kept 222 tickers and 1595369 rows
[2025-11-01 16:34:40] Using 5 rolling slices (train=12, forward=4)
[2025-11-01 16:34:40] Parameter grid size: 240 (mode=coarse, signal=j-only)
[2025-11-01 16:34:40] Ineffective-band mask removed 96 combos for J_th values [0.3, 0.4, 0.6, 0.8, 1.0]
[2025-11-01 16:34:57] [1/222] 1360.T: best train_pf_eff=999.000, forward_pf_eff=999.000, trades=8/12
[2025-11-01 16:34:59] [2/222] 1357.T: best train_pf_eff=999.000, forward_pf_eff=999.000, trades=9/8
[2025-11-01 16:34:59] [3/222] 1306.T: best train_pf_eff=0.297, forward_pf_eff=0.105, trades=52/47
[2025-11-01 16:35:00] [4/222] 1459.T: best train_pf_eff=999.000, forward_pf_eff=999.000, trades=7/4
[2025-11-01 16:35:01] [5/222] 1568.T: best train_pf_eff=1.048, forward_pf_eff=1.048, trades=6/6
[2025-11-01 16:35:02] [6/222] 1570.T: best train_pf_eff=999.000, forward_pf_eff=0.296, trades=7/23
[2025-11-01 16:35:04] [7/222] 1579.T: best train_pf_eff=0.843, forward_pf_eff=1.098, trades=27/25
[2025-11-01 16:35:17] [8/222] 1662.T: best train_pf_eff=0.000, forward_pf_eff=0.000, trades=0/0
[2025-11-01 16:35:19] [9/222] 1802.T: best train_pf_eff=0.000, forward_pf_eff=0.000, trades=0/0
[2025-11-01 16:35:22] [10/222] 1803.T: best train_pf_eff=7.351, forward_pf_eff=3.113, trades=53/5
[2025-11-01 16:35:23] [11/222] 186A.T: best train_pf_eff=0.000, forward_pf_eff=0.000, trades=0/0
[2025-11-01 16:35:25] [12/222] 1893.T: best train_pf_eff=0.000, forward_pf_eff=0.000, trades=0/0
[2025-11-01 16:35:31] [13/222] 1928.T: best train_pf_eff=999.000, forward_pf_eff=111.507, trades=12/11
[2025-11-01 16:35:38] [14/222] 2127.T: best train_pf_eff=0.000, forward_pf_eff=0.000, trades=0/0
[2025-11-01 16:35:42] [15/222] 215A.T: best train_pf_eff=1.642, forward_pf_eff=1.642, trades=12/12
[2025-11-01 16:35:46] [16/222] 218A.T: best train_pf_eff=0.000, forward_pf_eff=1.582, trades=0/8
[2025-11-01 16:35:49] [17/222] 1911.T: best train_pf_eff=0.764, forward_pf_eff=999.000, trades=15/4
[2025-11-01 16:35:51] [18/222] 2267.T: best train_pf_eff=0.121, forward_pf_eff=0.108, trades=50/30
[2025-11-01 16:35:52] [19/222] 2269.T: best train_pf_eff=0.000, forward_pf_eff=999.000, trades=0/4
[2025-11-01 16:36:02] [20/222] 1605.T: best train_pf_eff=0.759, forward_pf_eff=0.800, trades=197/55
[2025-11-01 16:36:02] [21/222] 2413.T: best train_pf_eff=0.000, forward_pf_eff=0.167, trades=0/13
[2025-11-01 16:36:02] [22/222] 2432.T: best train_pf_eff=2.130, forward_pf_eff=1.395, trades=16/29
[2025-11-01 16:36:06] [23/222] 247A.T: best train_pf_eff=999.000, forward_pf_eff=999.000, trades=10/5
[2025-11-01 16:36:13] [24/222] 2586.T: best train_pf_eff=0.000, forward_pf_eff=0.000, trades=0/0
[2025-11-01 16:36:14] [25/222] 2503.T: best train_pf_eff=0.000, forward_pf_eff=999.000, trades=0/3
[2025-11-01 16:36:14] [26/222] 2644.T: best train_pf_eff=0.002, forward_pf_eff=0.002, trades=15/15
[2025-11-01 16:36:18] [27/222] 2502.T: best train_pf_eff=0.369, forward_pf_eff=1374.029, trades=64/29
[2025-11-01 16:36:24] [28/222] 2726.T: best train_pf_eff=0.000, forward_pf_eff=0.000, trades=0/0
[2025-11-01 16:36:25] [29/222] 285A.T: best train_pf_eff=0.000, forward_pf_eff=2.435, trades=0/8
[2025-11-01 16:36:25] [30/222] 2801.T: best train_pf_eff=0.000, forward_pf_eff=0.000, trades=0/0
[2025-11-01 16:36:37] [31/222] 2897.T: best train_pf_eff=1.156, forward_pf_eff=0.279, trades=43/45
[2025-11-01 16:36:41] [32/222] 290A.T: best train_pf_eff=0.000, forward_pf_eff=0.000, trades=0/0
[2025-11-01 16:36:43] [33/222] 3003.T: best train_pf_eff=0.000, forward_pf_eff=0.000, trades=0/0
[2025-11-01 16:36:53] [34/222] 3064.T: best train_pf_eff=999.000, forward_pf_eff=999.000, trades=7/7
[2025-11-01 16:36:58] [35/222] 3086.T: best train_pf_eff=0.000, forward_pf_eff=999.000, trades=0/6
[2025-11-01 16:37:08] [36/222] 2802.T: best train_pf_eff=0.530, forward_pf_eff=1.437, trades=61/59
[2025-11-01 16:37:09] [37/222] 3092.T: best train_pf_eff=0.000, forward_pf_eff=0.000, trades=0/0
[2025-11-01 16:37:10] [38/222] 3038.T: best train_pf_eff=12.259, forward_pf_eff=0.557, trades=90/51
[2025-11-01 16:37:15] [39/222] 314A.T: best train_pf_eff=0.000, forward_pf_eff=2.673, trades=0/21
[2025-11-01 16:37:25] [40/222] 318A.T: best train_pf_eff=0.000, forward_pf_eff=0.000, trades=0/0
[2025-11-01 16:37:26] [41/222] 3099.T: best train_pf_eff=999.000, forward_pf_eff=3.691, trades=10/9
[2025-11-01 16:37:36] [42/222] 3231.T: best train_pf_eff=0.000, forward_pf_eff=0.000, trades=0/0
[2025-11-01 16:37:38] [43/222] 3323.T: best train_pf_eff=999.000, forward_pf_eff=999.000, trades=4/2
[2025-11-01 16:37:41] [44/222] 3350.T: best train_pf_eff=999.000, forward_pf_eff=999.000, trades=10/9
[2025-11-01 16:37:47] [45/222] 3402.T: best train_pf_eff=999.000, forward_pf_eff=999.000, trades=3/3
[2025-11-01 16:37:54] [46/222] 2914.T: best train_pf_eff=0.354, forward_pf_eff=0.280, trades=344/94
[2025-11-01 16:37:56] [47/222] 3405.T: best train_pf_eff=0.000, forward_pf_eff=0.000, trades=0/0
[2025-11-01 16:38:00] [48/222] 3407.T: best train_pf_eff=0.000, forward_pf_eff=0.000, trades=0/0
[2025-11-01 16:38:14] [49/222] 3659.T: best train_pf_eff=0.000, forward_pf_eff=0.000, trades=0/0
[2025-11-01 16:38:20] [50/222] 3656.T: best train_pf_eff=999.000, forward_pf_eff=0.000, trades=3/0
[2025-11-01 16:38:32] [51/222] 3905.T: best train_pf_eff=999.000, forward_pf_eff=1.481, trades=2/11
[2025-11-01 16:38:35] [52/222] 3697.T: best train_pf_eff=1.230, forward_pf_eff=999.000, trades=39/3
[2025-11-01 16:38:42] [53/222] 3382.T: best train_pf_eff=0.313, forward_pf_eff=0.187, trades=351/123
[2025-11-01 16:38:58] [54/222] 402A.T: best train_pf_eff=0.000, forward_pf_eff=0.000, trades=0/0
[2025-11-01 16:39:20] [55/222] 4004.T: best train_pf_eff=0.168, forward_pf_eff=0.157, trades=103/27
[2025-11-01 16:39:21] [56/222] 4088.T: best train_pf_eff=0.000, forward_pf_eff=0.000, trades=0/0
[2025-11-01 16:39:31] [57/222] 4062.T: best train_pf_eff=0.128, forward_pf_eff=6.177, trades=64/9
[2025-11-01 16:39:32] [58/222] 4188.T: best train_pf_eff=0.310, forward_pf_eff=0.310, trades=12/6
[2025-11-01 16:39:55] [59/222] 4005.T: best train_pf_eff=999.000, forward_pf_eff=999.000, trades=27/9
[2025-11-01 16:39:57] [60/222] 3436.T: best train_pf_eff=0.185, forward_pf_eff=0.200, trades=162/74
[2025-11-01 16:40:04] [61/222] 4446.T: best train_pf_eff=0.000, forward_pf_eff=0.000, trades=0/0
[2025-11-01 16:40:45] [62/222] 4452.T: best train_pf_eff=0.000, forward_pf_eff=1.224, trades=0/6
[2025-11-01 16:40:48] [63/222] 4507.T: best train_pf_eff=0.063, forward_pf_eff=0.063, trades=36/25
[2025-11-01 16:40:50] [64/222] 4385.T: best train_pf_eff=3.358, forward_pf_eff=0.941, trades=58/13
[2025-11-01 16:41:05] [65/222] 4063.T: best train_pf_eff=0.271, forward_pf_eff=0.332, trades=178/56
[2025-11-01 16:41:20] [66/222] 4502.T: best train_pf_eff=0.224, forward_pf_eff=0.196, trades=179/49
[2025-11-01 16:41:23] [67/222] 4519.T: best train_pf_eff=0.303, forward_pf_eff=0.032, trades=128/21
[2025-11-01 16:41:25] [68/222] 4528.T: best train_pf_eff=0.000, forward_pf_eff=0.000, trades=0/0
[2025-11-01 16:41:27] [69/222] 4503.T: best train_pf_eff=8.086, forward_pf_eff=10.089, trades=80/43
[2025-11-01 16:41:33] [70/222] 4543.T: best train_pf_eff=999.000, forward_pf_eff=999.000, trades=3/8
[2025-11-01 16:41:36] [71/222] 4506.T: best train_pf_eff=1.579, forward_pf_eff=1.504, trades=81/25
[2025-11-01 16:41:39] [72/222] 4571.T: best train_pf_eff=0.000, forward_pf_eff=0.000, trades=0/0
[2025-11-01 16:41:47] [73/222] 4586.T: best train_pf_eff=999.000, forward_pf_eff=999.000, trades=14/7
[2025-11-01 16:41:52] [74/222] 4592.T: best train_pf_eff=999.000, forward_pf_eff=999.000, trades=13/8
[2025-11-01 16:41:53] [75/222] 4612.T: best train_pf_eff=13.102, forward_pf_eff=6.551, trades=15/8
[2025-11-01 16:42:10] [76/222] 4680.T: best train_pf_eff=0.000, forward_pf_eff=0.000, trades=0/0
[2025-11-01 16:42:28] [77/222] 4751.T: best train_pf_eff=0.252, forward_pf_eff=0.252, trades=9/9
[2025-11-01 16:42:38] [78/222] 4661.T: best train_pf_eff=999.000, forward_pf_eff=1.633, trades=3/10
[2025-11-01 16:42:47] [79/222] 4689.T: best train_pf_eff=1.955, forward_pf_eff=1.249, trades=43/16
[2025-11-01 16:42:48] [80/222] 4911.T: best train_pf_eff=999.000, forward_pf_eff=14.837, trades=78/43
[2025-11-01 16:42:53] [81/222] 4568.T: best train_pf_eff=0.403, forward_pf_eff=999.000, trades=77/2
[2025-11-01 16:43:24] [82/222] 4755.T: best train_pf_eff=0.692, forward_pf_eff=0.675, trades=199/61
[2025-11-01 16:43:29] [83/222] 5076.T: best train_pf_eff=999.000, forward_pf_eff=999.000, trades=10/10
[2025-11-01 16:43:32] [84/222] 5020.T: best train_pf_eff=0.675, forward_pf_eff=999.000, trades=38/2
[2025-11-01 16:43:39] [85/222] 4901.T: best train_pf_eff=0.500, forward_pf_eff=0.294, trades=83/57
[2025-11-01 16:43:40] [86/222] 5016.T: best train_pf_eff=2.298, forward_pf_eff=999.000, trades=94/24
[2025-11-01 16:44:02] [87/222] 5406.T: best train_pf_eff=0.000, forward_pf_eff=999.000, trades=12/3
[2025-11-01 16:44:17] [88/222] 5595.T: best train_pf_eff=0.000, forward_pf_eff=999.000, trades=0/1
[2025-11-01 16:44:23] [89/222] 5711.T: best train_pf_eff=0.000, forward_pf_eff=999.000, trades=0/5
[2025-11-01 16:44:33] [90/222] 5411.T: best train_pf_eff=0.167, forward_pf_eff=3.477, trades=20/6
[2025-11-01 16:44:42] [91/222] 5108.T: best train_pf_eff=0.310, forward_pf_eff=999.000, trades=57/9
[2025-11-01 16:44:49] [92/222] 5401.T: best train_pf_eff=0.498, forward_pf_eff=2.967, trades=120/37
[2025-11-01 16:45:14] [93/222] 5706.T: best train_pf_eff=0.698, forward_pf_eff=999.000, trades=117/8
[2025-11-01 16:45:39] [94/222] 5726.T: best train_pf_eff=3.467, forward_pf_eff=5.343, trades=17/16
[2025-11-01 16:45:52] [95/222] 6098.T: best train_pf_eff=0.769, forward_pf_eff=999.000, trades=7/2
[2025-11-01 16:45:54] [96/222] 6177.T: best train_pf_eff=0.000, forward_pf_eff=0.000, trades=0/0
[2025-11-01 16:46:10] [97/222] 5713.T: best train_pf_eff=0.392, forward_pf_eff=0.346, trades=120/35
[2025-11-01 16:46:14] [98/222] 6146.T: best train_pf_eff=32.323, forward_pf_eff=3.677, trades=75/40
[2025-11-01 16:46:18] [99/222] 5802.T: best train_pf_eff=4.522, forward_pf_eff=1.941, trades=44/20
[2025-11-01 16:46:22] [100/222] 5803.T: best train_pf_eff=0.509, forward_pf_eff=0.181, trades=60/40
[2025-11-01 16:46:32] [101/222] 5801.T: best train_pf_eff=999.000, forward_pf_eff=999.000, trades=17/5
[2025-11-01 16:46:33] [102/222] 6178.T: best train_pf_eff=0.000, forward_pf_eff=28.687, trades=0/3
[2025-11-01 16:46:34] [103/222] 6268.T: best train_pf_eff=0.000, forward_pf_eff=1.063, trades=0/10
[2025-11-01 16:46:44] [104/222] 6324.T: best train_pf_eff=0.000, forward_pf_eff=0.000, trades=0/0
[2025-11-01 16:46:49] [105/222] 6323.T: best train_pf_eff=6.915, forward_pf_eff=7.725, trades=43/24
[2025-11-01 16:46:50] [106/222] 6301.T: best train_pf_eff=0.285, forward_pf_eff=999.000, trades=17/2
[2025-11-01 16:47:04] [107/222] 6479.T: best train_pf_eff=0.000, forward_pf_eff=0.000, trades=0/0
[2025-11-01 16:47:05] [108/222] 6330.T: best train_pf_eff=0.000, forward_pf_eff=0.000, trades=0/0
[2025-11-01 16:47:10] [109/222] 6326.T: best train_pf_eff=4.695, forward_pf_eff=3.311, trades=58/62
[2025-11-01 16:47:13] [110/222] 6315.T: best train_pf_eff=5.056, forward_pf_eff=999.000, trades=84/10
[2025-11-01 16:47:38] [111/222] 6361.T: best train_pf_eff=0.249, forward_pf_eff=0.416, trades=17/33
[2025-11-01 16:47:45] [112/222] 6501.T: best train_pf_eff=999.000, forward_pf_eff=999.000, trades=37/11
[2025-11-01 16:48:07] [113/222] 6503.T: best train_pf_eff=0.221, forward_pf_eff=3.038, trades=18/10
[2025-11-01 16:48:24] [114/222] 6526.T: best train_pf_eff=999.000, forward_pf_eff=999.000, trades=22/8
[2025-11-01 16:48:26] [115/222] 6525.T: best train_pf_eff=999.000, forward_pf_eff=999.000, trades=14/2
[2025-11-01 16:48:29] [116/222] 6506.T: best train_pf_eff=5.743, forward_pf_eff=6.704, trades=49/19
[2025-11-01 16:48:45] [117/222] 6701.T: best train_pf_eff=1.502, forward_pf_eff=1.211, trades=44/18
[2025-11-01 16:48:58] [118/222] 6740.T: best train_pf_eff=0.000, forward_pf_eff=999.000, trades=0/4
[2025-11-01 16:49:04] [119/222] 6723.T: best train_pf_eff=2.187, forward_pf_eff=2.278, trades=33/8
[2025-11-01 16:49:08] [120/222] 6594.T: best train_pf_eff=1.555, forward_pf_eff=0.723, trades=89/30
[2025-11-01 16:49:27] [121/222] 6702.T: best train_pf_eff=0.435, forward_pf_eff=1.124, trades=153/29
[2025-11-01 16:49:33] [122/222] 6814.T: best train_pf_eff=0.000, forward_pf_eff=999.000, trades=0/3
[2025-11-01 16:49:46] [123/222] 6869.T: best train_pf_eff=1.383, forward_pf_eff=1.383, trades=4/4
[2025-11-01 16:49:55] [124/222] 6758.T: best train_pf_eff=999.000, forward_pf_eff=999.000, trades=9/3
[2025-11-01 16:50:07] [125/222] 6762.T: best train_pf_eff=0.770, forward_pf_eff=3.270, trades=208/38
[2025-11-01 16:50:13] [126/222] 6857.T: best train_pf_eff=1.150, forward_pf_eff=0.557, trades=57/36
[2025-11-01 16:50:43] [127/222] 6965.T: best train_pf_eff=0.000, forward_pf_eff=0.000, trades=0/21
[2025-11-01 16:50:57] [128/222] 6971.T: best train_pf_eff=999.000, forward_pf_eff=999.000, trades=9/15
[2025-11-01 16:50:59] [129/222] 6752.T: best train_pf_eff=0.764, forward_pf_eff=0.544, trades=154/66
[2025-11-01 16:51:07] [130/222] 6976.T: best train_pf_eff=999.000, forward_pf_eff=999.000, trades=12/6
[2025-11-01 16:51:24] [131/222] 6920.T: best train_pf_eff=2.523, forward_pf_eff=999.000, trades=27/5
[2025-11-01 16:51:32] [132/222] 6902.T: best train_pf_eff=0.686, forward_pf_eff=1.303, trades=142/56
[2025-11-01 16:51:55] [133/222] 6963.T: best train_pf_eff=0.264, forward_pf_eff=0.138, trades=178/43
[2025-11-01 16:52:10] [134/222] 6988.T: best train_pf_eff=0.000, forward_pf_eff=0.329, trades=0/45
[2025-11-01 16:52:23] [135/222] 6954.T: best train_pf_eff=0.734, forward_pf_eff=2.010, trades=215/86
[2025-11-01 16:52:25] [136/222] 6981.T: best train_pf_eff=1.552, forward_pf_eff=999.000, trades=100/22
[2025-11-01 16:52:29] [137/222] 7011.T: best train_pf_eff=0.811, forward_pf_eff=999.000, trades=22/4
[2025-11-01 16:52:31] [138/222] 7003.T: best train_pf_eff=0.296, forward_pf_eff=999.000, trades=29/2
[2025-11-01 16:52:34] [139/222] 7014.T: best train_pf_eff=0.843, forward_pf_eff=1.588, trades=17/27
[2025-11-01 16:52:59] [140/222] 7186.T: best train_pf_eff=0.520, forward_pf_eff=0.520, trades=11/11
[2025-11-01 16:53:02] [141/222] 7202.T: best train_pf_eff=0.000, forward_pf_eff=0.000, trades=0/0
[2025-11-01 16:53:05] [142/222] 7013.T: best train_pf_eff=1.273, forward_pf_eff=3.415, trades=36/19
[2025-11-01 16:53:06] [143/222] 7211.T: best train_pf_eff=0.000, forward_pf_eff=0.000, trades=0/0
[2025-11-01 16:53:09] [144/222] 7182.T: best train_pf_eff=2.497, forward_pf_eff=999.000, trades=126/44
[2025-11-01 16:53:22] [145/222] 7012.T: best train_pf_eff=2.131, forward_pf_eff=3.185, trades=83/20
[2025-11-01 16:53:33] [146/222] 7203.T: best train_pf_eff=0.754, forward_pf_eff=8.012, trades=4/11
[2025-11-01 16:53:39] [147/222] 7259.T: best train_pf_eff=2.235, forward_pf_eff=2.051, trades=5/4
[2025-11-01 16:54:02] [148/222] 7272.T: best train_pf_eff=999.000, forward_pf_eff=999.000, trades=4/3
[2025-11-01 16:54:06] [149/222] 7261.T: best train_pf_eff=0.393, forward_pf_eff=0.000, trades=26/8
[2025-11-01 16:54:07] [150/222] 7270.T: best train_pf_eff=0.288, forward_pf_eff=0.052, trades=72/31
[2025-11-01 16:54:11] [151/222] 7269.T: best train_pf_eff=2.800, forward_pf_eff=999.000, trades=80/24
[2025-11-01 16:54:14] [152/222] 7267.T: best train_pf_eff=3.991, forward_pf_eff=2.394, trades=107/36
[2025-11-01 16:54:23] [153/222] 7201.T: best train_pf_eff=0.258, forward_pf_eff=0.277, trades=217/62
[2025-11-01 16:54:33] [154/222] 7599.T: best train_pf_eff=999.000, forward_pf_eff=999.000, trades=6/3
[2025-11-01 16:54:34] [155/222] 7711.T: best train_pf_eff=999.000, forward_pf_eff=999.000, trades=4/2
[2025-11-01 16:54:38] [156/222] 7731.T: best train_pf_eff=0.000, forward_pf_eff=0.000, trades=0/0
[2025-11-01 16:54:56] [157/222] 7746.T: best train_pf_eff=0.000, forward_pf_eff=2.639, trades=0/9
[2025-11-01 16:55:02] [158/222] 7733.T: best train_pf_eff=1.777, forward_pf_eff=1.229, trades=19/23
[2025-11-01 16:55:04] [159/222] 7735.T: best train_pf_eff=20.995, forward_pf_eff=999.000, trades=48/19
[2025-11-01 16:55:18] [160/222] 7762.T: best train_pf_eff=0.563, forward_pf_eff=0.563, trades=12/6
[2025-11-01 16:55:48] [161/222] 7532.T: best train_pf_eff=6.992, forward_pf_eff=1.212, trades=81/39
[2025-11-01 16:55:52] [162/222] 7453.T: best train_pf_eff=0.439, forward_pf_eff=0.415, trades=179/56
[2025-11-01 16:55:53] [163/222] 7832.T: best train_pf_eff=4.112, forward_pf_eff=999.000, trades=14/9
[2025-11-01 16:56:29] [164/222] 7974.T: best train_pf_eff=3.629, forward_pf_eff=2.513, trades=22/2
[2025-11-01 16:56:31] [165/222] 8001.T: best train_pf_eff=0.899, forward_pf_eff=1.217, trades=25/8
[2025-11-01 16:56:33] [166/222] 7936.T: best train_pf_eff=1.745, forward_pf_eff=999.000, trades=18/2
[2025-11-01 16:56:44] [167/222] 8002.T: best train_pf_eff=999.000, forward_pf_eff=999.000, trades=35/9
[2025-11-01 16:56:44] [168/222] 8015.T: best train_pf_eff=999.000, forward_pf_eff=999.000, trades=5/22
[2025-11-01 16:57:03] [169/222] 7751.T: best train_pf_eff=0.469, forward_pf_eff=0.346, trades=332/101
[2025-11-01 16:57:18] [170/222] 8105.T: best train_pf_eff=3.859, forward_pf_eff=3.859, trades=8/4
[2025-11-01 16:57:30] [171/222] 8113.T: best train_pf_eff=999.000, forward_pf_eff=0.000, trades=26/0
[2025-11-01 16:57:37] [172/222] 8053.T: best train_pf_eff=999.000, forward_pf_eff=999.000, trades=181/62
[2025-11-01 16:57:38] [173/222] 8058.T: best train_pf_eff=3.146, forward_pf_eff=999.000, trades=156/33
[2025-11-01 16:57:52] [174/222] 8035.T: best train_pf_eff=2.356, forward_pf_eff=6.240, trades=62/22
[2025-11-01 16:58:25] [175/222] 8031.T: best train_pf_eff=0.702, forward_pf_eff=1.152, trades=160/62
[2025-11-01 16:58:41] [176/222] 8233.T: best train_pf_eff=0.093, forward_pf_eff=0.151, trades=62/28
[2025-11-01 16:58:49] [177/222] 8309.T: best train_pf_eff=7.075, forward_pf_eff=999.000, trades=19/3
[2025-11-01 16:58:59] [178/222] 8306.T: best train_pf_eff=999.000, forward_pf_eff=1.949, trades=3/13
[2025-11-01 16:59:00] [179/222] 8308.T: best train_pf_eff=0.000, forward_pf_eff=4.681, trades=7/14
[2025-11-01 16:59:20] [180/222] 8331.T: best train_pf_eff=0.000, forward_pf_eff=0.000, trades=0/0
[2025-11-01 16:59:30] [181/222] 8136.T: best train_pf_eff=0.672, forward_pf_eff=0.274, trades=170/33
[2025-11-01 16:59:33] [182/222] 8410.T: best train_pf_eff=0.000, forward_pf_eff=0.000, trades=0/0
[2025-11-01 16:59:44] [183/222] 8316.T: best train_pf_eff=9.292, forward_pf_eff=1.432, trades=61/39
[2025-11-01 17:00:00] [184/222] 8267.T: best train_pf_eff=0.643, forward_pf_eff=0.345, trades=304/77
[2025-11-01 17:00:05] [185/222] 8411.T: best train_pf_eff=999.000, forward_pf_eff=999.000, trades=40/18
[2025-11-01 17:00:06] [186/222] 8593.T: best train_pf_eff=0.000, forward_pf_eff=0.000, trades=0/0
[2025-11-01 17:00:10] [187/222] 8591.T: best train_pf_eff=0.038, forward_pf_eff=2.749, trades=10/9
[2025-11-01 17:00:17] [188/222] 8601.T: best train_pf_eff=0.676, forward_pf_eff=0.153, trades=15/27
[2025-11-01 17:00:26] [189/222] 8473.T: best train_pf_eff=1.889, forward_pf_eff=1.439, trades=118/59
[2025-11-01 17:00:35] [190/222] 8604.T: best train_pf_eff=999.000, forward_pf_eff=999.000, trades=1/3
[2025-11-01 17:00:37] [191/222] 8697.T: best train_pf_eff=999.000, forward_pf_eff=999.000, trades=6/3
[2025-11-01 17:01:04] [192/222] 8725.T: best train_pf_eff=0.364, forward_pf_eff=1.467, trades=63/9
[2025-11-01 17:01:13] [193/222] 8630.T: best train_pf_eff=0.936, forward_pf_eff=1.805, trades=100/43
[2025-11-01 17:01:26] [194/222] 8801.T: best train_pf_eff=59.777, forward_pf_eff=999.000, trades=102/24
[2025-11-01 17:01:33] [195/222] 8766.T: best train_pf_eff=1.903, forward_pf_eff=999.000, trades=12/4
[2025-11-01 17:01:35] [196/222] 9020.T: best train_pf_eff=999.000, forward_pf_eff=999.000, trades=30/14
[2025-11-01 17:01:48] [197/222] 9021.T: best train_pf_eff=0.000, forward_pf_eff=0.000, trades=0/0
[2025-11-01 17:01:54] [198/222] 8750.T: best train_pf_eff=999.000, forward_pf_eff=999.000, trades=8/6
[2025-11-01 17:02:02] [199/222] 8802.T: best train_pf_eff=4.088, forward_pf_eff=13.590, trades=67/37
[2025-11-01 17:02:08] [200/222] 8729.T: best train_pf_eff=0.401, forward_pf_eff=0.401, trades=144/48
[2025-11-01 17:02:16] [201/222] 9023.T: best train_pf_eff=0.000, forward_pf_eff=0.000, trades=0/6
[2025-11-01 17:02:49] [202/222] 9201.T: best train_pf_eff=0.509, forward_pf_eff=999.000, trades=88/33
[2025-11-01 17:02:54] [203/222] 9202.T: best train_pf_eff=0.363, forward_pf_eff=0.400, trades=55/51
[2025-11-01 17:03:01] [204/222] 9348.T: best train_pf_eff=0.000, forward_pf_eff=0.000, trades=0/0
[2025-11-01 17:03:32] [205/222] 9101.T: best train_pf_eff=1.578, forward_pf_eff=1.874, trades=112/18
[2025-11-01 17:03:58] [206/222] 9432.T: best train_pf_eff=999.000, forward_pf_eff=999.000, trades=28/7
[2025-11-01 17:04:07] [207/222] 9022.T: best train_pf_eff=0.595, forward_pf_eff=2.413, trades=111/15
[2025-11-01 17:04:19] [208/222] 9107.T: best train_pf_eff=2.435, forward_pf_eff=32.355, trades=89/9
[2025-11-01 17:04:32] [209/222] 9104.T: best train_pf_eff=1.416, forward_pf_eff=8.961, trades=82/19
[2025-11-01 17:04:33] [210/222] 9434.T: best train_pf_eff=0.210, forward_pf_eff=3.274, trades=31/11
[2025-11-01 17:04:35] [211/222] 9502.T: best train_pf_eff=999.000, forward_pf_eff=999.000, trades=20/8
[2025-11-01 17:04:51] [212/222] 9504.T: best train_pf_eff=0.000, forward_pf_eff=0.000, trades=0/0
[2025-11-01 17:04:55] [213/222] 9506.T: best train_pf_eff=0.000, forward_pf_eff=0.000, trades=0/0
[2025-11-01 17:05:03] [214/222] 9503.T: best train_pf_eff=999.000, forward_pf_eff=999.000, trades=34/14
[2025-11-01 17:05:09] [215/222] 9433.T: best train_pf_eff=0.531, forward_pf_eff=1.503, trades=78/28
[2025-11-01 17:05:17] [216/222] 9831.T: best train_pf_eff=4.722, forward_pf_eff=4.722, trades=36/12
[2025-11-01 17:05:23] [217/222] 9697.T: best train_pf_eff=1.137, forward_pf_eff=0.255, trades=44/34
[2025-11-01 17:05:28] [218/222] 9983.T: best train_pf_eff=132.461, forward_pf_eff=338.844, trades=22/20
[2025-11-01 17:05:35] [219/222] 9509.T: best train_pf_eff=4.481, forward_pf_eff=6.703, trades=20/5
[2025-11-01 17:05:36] [220/222] 9501.T: best train_pf_eff=0.539, forward_pf_eff=0.435, trades=141/32
[2025-11-01 17:05:46] [221/222] 9984.T: best train_pf_eff=999.000, forward_pf_eff=999.000, trades=59/21
[2025-11-01 17:05:53] [222/222] 9843.T: best train_pf_eff=1.217, forward_pf_eff=21.365, trades=70/21
[2025-11-01 17:05:53] Cache reuse: 8253/10656 combos (77.4%) served from cache
[2025-11-01 17:05:53] ASHA pruned 21312 parameter combos prior to full evaluation
[2025-11-01 17:05:56] Excel summary written to C:\AI\asagake\output\bt30\NIGHTLY__FAST\RUN_coarse_AM0930_j-only\summary_20251101_170553.xlsx
[2025-11-01 17:05:56] Run completed in 35.8 minutes
