[2025-11-09 05:27:49] Run started
[2025-11-09 05:27:49] Run type resolved to weekend
[2025-11-09 05:27:56] Entry window marks set: 47387 rows flagged out of 213231
[2025-11-09 05:27:56] Liquidity filter q=0.50 kept 15 tickers and 110879 rows
[2025-11-09 05:27:56] Using 5 rolling slices (train=12, forward=4)
[2025-11-09 05:27:56] Parameter grid size: 288 (mode=coarse, signal=j-only)
[2025-11-09 05:31:29] [1/15] 5706.T: best train_pf_eff=0.746, forward_pf_eff=0.746, trades=153/51
[2025-11-09 05:33:51] [2/15] 1357.T: best train_pf_eff=2.614, forward_pf_eff=0.724, trades=124/167
[2025-11-09 05:35:26] [3/15] 285A.T: best train_pf_eff=0.000, forward_pf_eff=999.000, trades=0/4
[2025-11-09 05:35:59] [4/15] 6525.T: best train_pf_eff=999.000, forward_pf_eff=999.000, trades=9/3
[2025-11-09 05:38:32] [5/15] 7014.T: best train_pf_eff=0.000, forward_pf_eff=0.000, trades=0/0
[2025-11-09 05:38:40] [6/15] 6526.T: best train_pf_eff=1.022, forward_pf_eff=6.215, trades=144/13
[2025-11-09 05:38:40] [7/15] 5801.T: best train_pf_eff=0.679, forward_pf_eff=0.573, trades=390/195
[2025-11-09 05:38:43] [8/15] 6857.T: best train_pf_eff=0.639, forward_pf_eff=0.865, trades=734/255
[2025-11-09 05:39:17] [9/15] 5016.T: best train_pf_eff=1.744, forward_pf_eff=5.484, trades=257/34
[2025-11-09 05:40:19] [10/15] 7735.T: best train_pf_eff=0.201, forward_pf_eff=0.201, trades=102/51
[2025-11-09 05:41:04] [11/15] 7012.T: best train_pf_eff=0.193, forward_pf_eff=999.000, trades=83/2
[2025-11-09 05:41:08] [12/15] 9432.T: best train_pf_eff=0.000, forward_pf_eff=0.000, trades=0/0
[2025-11-09 05:43:37] [13/15] 8035.T: best train_pf_eff=2.709, forward_pf_eff=999.000, trades=102/19
[2025-11-09 05:44:15] [14/15] 8411.T: best train_pf_eff=2.162, forward_pf_eff=2.076, trades=516/134
[2025-11-09 05:44:41] [15/15] 8136.T: best train_pf_eff=0.532, forward_pf_eff=0.438, trades=732/208
[2025-11-09 05:44:41] Cache reuse: 0/1440 combos (0.0%) served from cache
[2025-11-09 05:44:41] ASHA pruned 2880 parameter combos prior to full evaluation
[2025-11-09 05:44:42] Run completed in 16.9 minutes
