[2025-11-06 17:29:15] Run started
[2025-11-06 17:29:15] Run type resolved to weekday
[2025-11-06 17:29:15] Low-priority gating removed 11 tickers (remaining 9)
[2025-11-06 17:29:21] Fetching Yahoo Finance 1m bars for 9 tickers (lookback=60, chunk=5)
[2025-11-06 17:29:52] Fetching Yahoo Finance 1m bars for 1 tickers (lookback=60, chunk=5)
[2025-11-06 17:30:19] Entry window marks set: 8432 rows flagged out of 103691
[2025-11-06 17:30:19] Liquidity filter q=0.50 kept 9 tickers and 57958 rows
[2025-11-06 17:30:19] Using 5 rolling slices (train=12, forward=4)
[2025-11-06 17:30:19] Parameter grid size: 240 (mode=coarse, signal=j-cross)
[2025-11-06 17:30:19] Ineffective-band mask removed 48 combos for J_th values [0.3, 0.4, 0.7, 0.8]
[2025-11-06 17:30:34] [1/9] 1357.T: best train_pf_eff=0.000, forward_pf_eff=0.000, trades=0/0
[2025-11-06 17:30:56] [2/9] 285A.T: best train_pf_eff=999.000, forward_pf_eff=999.000, trades=4/4
[2025-11-06 17:30:59] [3/9] 6525.T: best train_pf_eff=0.000, forward_pf_eff=0.000, trades=0/0
[2025-11-06 17:31:18] [4/9] 5016.T: best train_pf_eff=5.098, forward_pf_eff=999.000, trades=17/3
[2025-11-06 17:31:20] [5/9] 5801.T: best train_pf_eff=4.769, forward_pf_eff=999.000, trades=12/6
[2025-11-06 17:31:48] [6/9] 6526.T: best train_pf_eff=2.473, forward_pf_eff=6.009, trades=21/6
[2025-11-06 17:31:52] [7/9] 8411.T: best train_pf_eff=999.000, forward_pf_eff=999.000, trades=15/5
[2025-11-06 17:31:59] [8/9] 6857.T: best train_pf_eff=2.387, forward_pf_eff=5.327, trades=25/15
[2025-11-06 17:32:07] [9/9] 8035.T: best train_pf_eff=2.004, forward_pf_eff=5.029, trades=23/8
[2025-11-06 17:32:07] Cache reuse: 0/576 combos (0.0%) served from cache
[2025-11-06 17:32:07] ASHA pruned 1152 parameter combos prior to full evaluation
[2025-11-06 17:32:07] Excel summary written to output\bt30\NIGHTLY_20251106\RUN_coarse_AM0930_j-cross\summary_20251106_173207.xlsx
[2025-11-06 17:32:07] Run completed in 2.9 minutes
