[2025-11-10 05:08:43] Run started
[2025-11-10 05:08:43] Run type resolved to weekend
[2025-11-10 05:08:50] Entry window marks set: 48911 rows flagged out of 220095
[2025-11-10 05:08:50] Liquidity filter q=0.30 kept 20 tickers and 159455 rows
[2025-11-10 05:08:50] Using 5 rolling slices (train=12, forward=4)
[2025-11-10 05:08:50] Parameter grid size: 288 (mode=coarse, signal=j-only)
[2025-11-10 05:14:19] [1/20] 1579.T: best train_pf_eff=999.000, forward_pf_eff=0.995, trades=50/90
[2025-11-10 05:16:44] [2/20] 1357.T: best train_pf_eff=0.000, forward_pf_eff=1.951, trades=0/34
[2025-11-10 05:17:12] [3/20] 285A.T: best train_pf_eff=0.000, forward_pf_eff=999.000, trades=0/4
[2025-11-10 05:18:27] [4/20] 5706.T: best train_pf_eff=1.210, forward_pf_eff=2.163, trades=77/23
[2025-11-10 05:19:12] [5/20] 5801.T: best train_pf_eff=1.866, forward_pf_eff=1.658, trades=12/8
[2025-11-10 05:19:15] [6/20] 6525.T: best train_pf_eff=0.000, forward_pf_eff=3.002, trades=0/18
[2025-11-10 05:19:31] [7/20] 6526.T: best train_pf_eff=0.846, forward_pf_eff=6.179, trades=100/11
[2025-11-10 05:19:43] [8/20] 5016.T: best train_pf_eff=0.993, forward_pf_eff=5.484, trades=270/34
[2025-11-10 05:21:20] [9/20] 7014.T: best train_pf_eff=1.554, forward_pf_eff=1.773, trades=80/46
[2025-11-10 05:21:54] [10/20] 8053.T: best train_pf_eff=0.000, forward_pf_eff=0.000, trades=0/0
[2025-11-10 05:22:09] [11/20] 8105.T: best train_pf_eff=0.000, forward_pf_eff=999.000, trades=0/32
[2025-11-10 05:22:32] [12/20] 7269.T: best train_pf_eff=999.000, forward_pf_eff=999.000, trades=6/2
[2025-11-10 05:25:16] [13/20] 6857.T: best train_pf_eff=0.537, forward_pf_eff=0.676, trades=760/254
[2025-11-10 05:26:17] [14/20] 7012.T: best train_pf_eff=0.261, forward_pf_eff=999.000, trades=73/2
[2025-11-10 05:28:23] [15/20] 8035.T: best train_pf_eff=999.000, forward_pf_eff=999.000, trades=69/12
[2025-11-10 05:28:26] [16/20] 7735.T: best train_pf_eff=0.541, forward_pf_eff=0.293, trades=436/170
[2025-11-10 05:28:56] [17/20] 9107.T: best train_pf_eff=0.422, forward_pf_eff=0.422, trades=156/52
[2025-11-10 05:31:49] [18/20] 8136.T: best train_pf_eff=0.536, forward_pf_eff=1.603, trades=282/33
[2025-11-10 05:32:13] [19/20] 9432.T: best train_pf_eff=0.316, forward_pf_eff=999.000, trades=21/2
[2025-11-10 05:32:13] [20/20] 8411.T: best train_pf_eff=1.386, forward_pf_eff=1.092, trades=997/270
[2025-11-10 05:32:13] Cache reuse: 0/1920 combos (0.0%) served from cache
[2025-11-10 05:32:13] ASHA pruned 3840 parameter combos prior to full evaluation
[2025-11-10 05:32:13] Run completed in 23.5 minutes
