[2025-11-06 01:17:50] Run started
[2025-11-06 01:17:50] Run type resolved to weekend
[2025-11-06 01:17:55] Fetching Yahoo Finance 1m bars for 20 tickers (lookback=60, chunk=5)
[2025-11-06 01:18:23] Fetching Yahoo Finance 1m bars for 1 tickers (lookback=60, chunk=5)
[2025-11-06 01:18:47] Entry window marks set: 59743 rows flagged out of 222460
[2025-11-06 01:18:47] Liquidity filter q=0.50 kept 15 tickers and 115793 rows
[2025-11-06 01:18:47] Using 5 rolling slices (train=12, forward=4)
[2025-11-06 01:18:47] Parameter grid size: 240 (mode=coarse, signal=j-cross)
[2025-11-06 01:19:52] [1/15] 5706.T: best train_pf_eff=1.045, forward_pf_eff=1.045, trades=16/8
[2025-11-06 01:20:03] [2/15] 1357.T: best train_pf_eff=999.000, forward_pf_eff=999.000, trades=18/8
[2025-11-06 01:20:30] [3/15] 285A.T: best train_pf_eff=12.596, forward_pf_eff=10.596, trades=34/25
[2025-11-06 01:21:03] [4/15] 6525.T: best train_pf_eff=999.000, forward_pf_eff=999.000, trades=42/14
[2025-11-06 01:21:47] [5/15] 5016.T: best train_pf_eff=3.061, forward_pf_eff=5.505, trades=75/18
[2025-11-06 01:21:49] [6/15] 5801.T: best train_pf_eff=1.502, forward_pf_eff=2.051, trades=37/19
[2025-11-06 01:22:12] [7/15] 7014.T: best train_pf_eff=0.000, forward_pf_eff=0.000, trades=0/0
[2025-11-06 01:23:09] [8/15] 7735.T: best train_pf_eff=3.120, forward_pf_eff=3.120, trades=5/5
[2025-11-06 01:23:24] [9/15] 6857.T: best train_pf_eff=0.680, forward_pf_eff=1.604, trades=57/36
[2025-11-06 01:23:25] [10/15] 6526.T: best train_pf_eff=0.524, forward_pf_eff=4.117, trades=23/16
[2025-11-06 01:23:48] [11/15] 7012.T: best train_pf_eff=0.691, forward_pf_eff=1.374, trades=52/17
[2025-11-06 01:24:13] [12/15] 9432.T: best train_pf_eff=0.000, forward_pf_eff=0.000, trades=0/0
[2025-11-06 01:24:44] [13/15] 8035.T: best train_pf_eff=1.197, forward_pf_eff=1.769, trades=97/32
[2025-11-06 01:24:57] [14/15] 8136.T: best train_pf_eff=0.770, forward_pf_eff=3.759, trades=99/22
[2025-11-06 01:25:03] [15/15] 8411.T: best train_pf_eff=0.857, forward_pf_eff=2.282, trades=50/11
[2025-11-06 01:25:03] Cache reuse: 0/1200 combos (0.0%) served from cache
[2025-11-06 01:25:03] ASHA pruned 2400 parameter combos prior to full evaluation
[2025-11-06 01:25:04] Excel summary written to C:\AI\asagake\output\bt30\WEEKLY_\NIGHTLY_20251105\RUN_coarse_AM1030_j-cross\summary_20251106_012503.xlsx
[2025-11-06 01:25:04] Run completed in 7.2 minutes
