[2025-11-03 19:52:21] Run started
[2025-11-03 19:52:21] Run type resolved to weekend
[2025-11-03 19:52:33] Entry window marks set: 58883 rows flagged out of 219404
[2025-11-03 19:52:33] Liquidity filter q=0.50 kept 14 tickers and 114628 rows
[2025-11-03 19:52:33] Using 5 rolling slices (train=12, forward=4)
[2025-11-03 19:52:33] Parameter grid size: 240 (mode=coarse, signal=j-cross)
[2025-11-03 19:53:53] [1/14] 5706.T: best train_pf_eff=1.617, forward_pf_eff=1.617, trades=8/4
[2025-11-03 19:54:31] [2/14] 1357.T: best train_pf_eff=999.000, forward_pf_eff=999.000, trades=10/8
[2025-11-03 19:54:54] [3/14] 285A.T: best train_pf_eff=10.870, forward_pf_eff=10.869, trades=29/26
[2025-11-03 19:55:23] [4/14] 6525.T: best train_pf_eff=999.000, forward_pf_eff=999.000, trades=42/14
[2025-11-03 19:55:39] [5/14] 5801.T: best train_pf_eff=2.622, forward_pf_eff=2.090, trades=37/19
[2025-11-03 19:56:14] [6/14] 5016.T: best train_pf_eff=2.252, forward_pf_eff=999.000, trades=66/16
[2025-11-03 19:56:27] [7/14] 7014.T: best train_pf_eff=0.000, forward_pf_eff=0.000, trades=0/0
[2025-11-03 19:56:32] [8/14] 6526.T: best train_pf_eff=1.392, forward_pf_eff=4.380, trades=78/15
[2025-11-03 19:56:34] [9/14] 6857.T: best train_pf_eff=0.754, forward_pf_eff=1.505, trades=46/35
[2025-11-03 19:56:51] [10/14] 7735.T: best train_pf_eff=3.120, forward_pf_eff=3.120, trades=5/5
[2025-11-03 19:57:49] [11/14] 7012.T: best train_pf_eff=0.877, forward_pf_eff=2.822, trades=81/14
[2025-11-03 19:58:20] [12/14] 8035.T: best train_pf_eff=1.020, forward_pf_eff=1.568, trades=108/31
[2025-11-03 19:58:21] [13/14] 8136.T: best train_pf_eff=0.749, forward_pf_eff=6.564, trades=137/20
[2025-11-03 19:58:33] [14/14] 8411.T: best train_pf_eff=3.173, forward_pf_eff=2.642, trades=56/14
[2025-11-03 19:58:33] Cache reuse: 0/1120 combos (0.0%) served from cache
[2025-11-03 19:58:33] ASHA pruned 2240 parameter combos prior to full evaluation
[2025-11-03 19:58:33] Run completed in 6.2 minutes
