[2025-11-09 03:53:02] Run started
[2025-11-09 03:53:02] Run type resolved to weekend
[2025-11-09 03:53:09] Entry window marks set: 7699 rows flagged out of 213231
[2025-11-09 03:53:09] Liquidity filter q=0.50 kept 15 tickers and 110879 rows
[2025-11-09 03:53:09] Using 5 rolling slices (train=12, forward=4)
[2025-11-09 03:53:09] Parameter grid size: 288 (mode=coarse, signal=j-cross)
[2025-11-09 03:54:16] [1/15] 5706.T: best train_pf_eff=999.000, forward_pf_eff=999.000, trades=3/1
[2025-11-09 03:54:57] [2/15] 1357.T: best train_pf_eff=999.000, forward_pf_eff=999.000, trades=3/4
[2025-11-09 03:55:27] [3/15] 285A.T: best train_pf_eff=999.000, forward_pf_eff=999.000, trades=7/3
[2025-11-09 03:55:34] [4/15] 6525.T: best train_pf_eff=999.000, forward_pf_eff=999.000, trades=9/3
[2025-11-09 03:56:17] [5/15] 6857.T: best train_pf_eff=3.060, forward_pf_eff=0.864, trades=9/3
[2025-11-09 03:56:18] [6/15] 5801.T: best train_pf_eff=0.694, forward_pf_eff=3.718, trades=7/3
[2025-11-09 03:56:18] [7/15] 6526.T: best train_pf_eff=5.428, forward_pf_eff=6.809, trades=25/7
[2025-11-09 03:56:22] [8/15] 5016.T: best train_pf_eff=1.519, forward_pf_eff=5.085, trades=12/3
[2025-11-09 03:56:23] [9/15] 7014.T: best train_pf_eff=0.000, forward_pf_eff=0.000, trades=0/0
[2025-11-09 03:56:54] [10/15] 7735.T: best train_pf_eff=999.000, forward_pf_eff=999.000, trades=2/1
[2025-11-09 03:57:07] [11/15] 7012.T: best train_pf_eff=7.679, forward_pf_eff=999.000, trades=14/4
[2025-11-09 03:57:10] [12/15] 9432.T: best train_pf_eff=0.000, forward_pf_eff=0.000, trades=0/0
[2025-11-09 03:57:44] [13/15] 8035.T: best train_pf_eff=3.122, forward_pf_eff=0.931, trades=21/4
[2025-11-09 03:57:54] [14/15] 8411.T: best train_pf_eff=1.648, forward_pf_eff=9.229, trades=2/5
[2025-11-09 03:57:57] [15/15] 8136.T: best train_pf_eff=999.000, forward_pf_eff=999.000, trades=15/4
[2025-11-09 03:57:57] Cache reuse: 0/1440 combos (0.0%) served from cache
[2025-11-09 03:57:57] ASHA pruned 2880 parameter combos prior to full evaluation
[2025-11-09 03:57:57] Run completed in 4.9 minutes
