[2025-11-10 04:47:39] Run started
[2025-11-10 04:47:39] Run type resolved to weekend
[2025-11-10 04:47:39] Codes loaded from output\bt30\NIGHTLY_20251110\RUN_coarse_AM0945_j-cross\_TOP_CANDIDATES.csv: 12 tickers
[2025-11-10 04:47:43] Entry window marks set: 17099 rows flagged out of 134443
[2025-11-10 04:47:43] Liquidity filter q=0.30 kept 10 tickers and 91657 rows
[2025-11-10 04:47:43] Using 5 rolling slices (train=12, forward=4)
[2025-11-10 04:47:43] Parameter grid size: 720 (mode=refine, signal=j-cross)
[2025-11-10 04:58:02] [1/10] 6525.T: best train_pf_eff=0.000, forward_pf_eff=0.000, trades=0/0
[2025-11-10 05:03:40] [2/10] 285A.T: best train_pf_eff=999.000, forward_pf_eff=999.000, trades=8/5
[2025-11-10 05:05:11] [3/10] 6526.T: best train_pf_eff=2.029, forward_pf_eff=5.206, trades=23/6
[2025-11-10 05:05:42] [4/10] 7012.T: best train_pf_eff=0.972, forward_pf_eff=999.000, trades=29/13
[2025-11-10 05:06:06] [5/10] 6857.T: best train_pf_eff=2.468, forward_pf_eff=4.046, trades=45/15
[2025-11-10 05:06:11] [6/10] 8035.T: best train_pf_eff=999.000, forward_pf_eff=999.000, trades=21/6
[2025-11-10 05:06:14] [7/10] 5801.T: best train_pf_eff=6.140, forward_pf_eff=7.831, trades=8/5
[2025-11-10 05:06:20] [8/10] 5016.T: best train_pf_eff=14.166, forward_pf_eff=999.000, trades=23/6
[2025-11-10 05:08:14] [9/10] 8411.T: best train_pf_eff=1676.720, forward_pf_eff=999.000, trades=13/2
[2025-11-10 05:08:41] [10/10] 8136.T: best train_pf_eff=1.018, forward_pf_eff=999.000, trades=49/17
[2025-11-10 05:08:41] Cache reuse: 0/7560 combos (0.0%) served from cache
[2025-11-10 05:08:41] Bayesian refine trials executed: 360
[2025-11-10 05:08:41] Refine candidates exported to output\excel\NIGHTLY_20251110\AM0945_j-cross\candidates_20251110.csv
[2025-11-10 05:08:41] Run completed in 21.0 minutes
