[2025-11-09 04:03:15] Run started
[2025-11-09 04:03:15] Run type resolved to weekend
[2025-11-09 04:03:22] Entry window marks set: 17509 rows flagged out of 213231
[2025-11-09 04:03:22] Liquidity filter q=0.50 kept 15 tickers and 110879 rows
[2025-11-09 04:03:22] Using 5 rolling slices (train=12, forward=4)
[2025-11-09 04:03:22] Parameter grid size: 288 (mode=coarse, signal=j-only)
[2025-11-09 04:05:03] [1/15] 5706.T: best train_pf_eff=999.000, forward_pf_eff=999.000, trades=21/7
[2025-11-09 04:06:14] [2/15] 1357.T: best train_pf_eff=0.000, forward_pf_eff=999.000, trades=0/13
[2025-11-09 04:07:11] [3/15] 285A.T: best train_pf_eff=0.839, forward_pf_eff=0.762, trades=100/50
[2025-11-09 04:07:17] [4/15] 6525.T: best train_pf_eff=7.009, forward_pf_eff=6.985, trades=24/8
[2025-11-09 04:08:15] [5/15] 5801.T: best train_pf_eff=999.000, forward_pf_eff=999.000, trades=25/12
[2025-11-09 04:08:21] [6/15] 6526.T: best train_pf_eff=4.188, forward_pf_eff=999.000, trades=16/5
[2025-11-09 04:08:21] [7/15] 6857.T: best train_pf_eff=1.238, forward_pf_eff=1.688, trades=24/9
[2025-11-09 04:08:29] [8/15] 5016.T: best train_pf_eff=10.560, forward_pf_eff=999.000, trades=70/14
[2025-11-09 04:08:32] [9/15] 7014.T: best train_pf_eff=0.000, forward_pf_eff=0.000, trades=0/0
[2025-11-09 04:09:20] [10/15] 7735.T: best train_pf_eff=999.000, forward_pf_eff=999.000, trades=18/9
[2025-11-09 04:09:41] [11/15] 9432.T: best train_pf_eff=0.000, forward_pf_eff=0.000, trades=0/0
[2025-11-09 04:09:46] [12/15] 7012.T: best train_pf_eff=1.559, forward_pf_eff=5.812, trades=105/24
[2025-11-09 04:10:48] [13/15] 8035.T: best train_pf_eff=6.393, forward_pf_eff=999.000, trades=38/8
[2025-11-09 04:11:04] [14/15] 8411.T: best train_pf_eff=100.527, forward_pf_eff=999.000, trades=25/8
[2025-11-09 04:11:11] [15/15] 8136.T: best train_pf_eff=0.944, forward_pf_eff=0.868, trades=204/50
[2025-11-09 04:11:11] Cache reuse: 0/1440 combos (0.0%) served from cache
[2025-11-09 04:11:11] ASHA pruned 2880 parameter combos prior to full evaluation
[2025-11-09 04:11:11] Run completed in 7.9 minutes
