[2025-11-03 21:17:53] Run started
[2025-11-03 21:17:53] Run type resolved to weekend
[2025-11-03 21:18:06] Fetching Yahoo Finance 1m bars for 1 tickers (lookback=60, chunk=5)
[2025-11-03 21:18:30] Entry window marks set: 18041 rows flagged out of 219404
[2025-11-03 21:18:30] Liquidity filter q=0.50 kept 14 tickers and 114628 rows
[2025-11-03 21:18:30] Using 5 rolling slices (train=12, forward=4)
[2025-11-03 21:18:30] Parameter grid size: 240 (mode=coarse, signal=j-only)
[2025-11-03 21:20:02] [1/14] 5706.T: best train_pf_eff=999.000, forward_pf_eff=999.000, trades=14/7
[2025-11-03 21:20:24] [2/14] 1357.T: best train_pf_eff=999.000, forward_pf_eff=999.000, trades=6/5
[2025-11-03 21:20:46] [3/14] 285A.T: best train_pf_eff=2.633, forward_pf_eff=2.633, trades=8/8
[2025-11-03 21:21:37] [4/14] 6525.T: best train_pf_eff=999.000, forward_pf_eff=999.000, trades=33/11
[2025-11-03 21:22:08] [5/14] 7014.T: best train_pf_eff=0.000, forward_pf_eff=0.000, trades=0/0
[2025-11-03 21:22:20] [6/14] 5016.T: best train_pf_eff=1.206, forward_pf_eff=13.190, trades=133/36
[2025-11-03 21:22:42] [7/14] 7735.T: best train_pf_eff=999.000, forward_pf_eff=999.000, trades=7/7
[2025-11-03 21:22:46] [8/14] 5801.T: best train_pf_eff=999.000, forward_pf_eff=999.000, trades=23/9
[2025-11-03 21:22:49] [9/14] 6857.T: best train_pf_eff=0.733, forward_pf_eff=0.894, trades=117/66
[2025-11-03 21:22:51] [10/14] 6526.T: best train_pf_eff=3.377, forward_pf_eff=999.000, trades=25/2
[2025-11-03 21:23:56] [11/14] 7012.T: best train_pf_eff=2.211, forward_pf_eff=999.000, trades=98/16
[2025-11-03 21:24:48] [12/14] 8411.T: best train_pf_eff=999.000, forward_pf_eff=999.000, trades=50/14
[2025-11-03 21:24:52] [13/14] 8035.T: best train_pf_eff=7.920, forward_pf_eff=999.000, trades=40/18
[2025-11-03 21:24:53] [14/14] 8136.T: best train_pf_eff=0.992, forward_pf_eff=0.883, trades=291/48
[2025-11-03 21:24:53] Cache reuse: 0/1120 combos (0.0%) served from cache
[2025-11-03 21:24:53] ASHA pruned 2240 parameter combos prior to full evaluation
[2025-11-03 21:24:53] Run completed in 7.0 minutes
