[2025-11-03 14:22:41] Run started
[2025-11-03 14:22:41] Run type resolved to weekend
[2025-11-03 14:22:41] Codes limited via C:\AI\asagake\output\bt30\TIMEPLAN_TEST_20251102\D_FULLDAY_WINDOWS\RUN_coarse_PM_1445_1515_j-only\_TOP50_codes.csv: 34 tickers (was 20)
[2025-11-03 14:22:50] Entry window marks set: 39237 rows flagged out of 406319
[2025-11-03 14:22:51] Liquidity filter q=0.50 kept 34 tickers and 206357 rows
[2025-11-03 14:22:51] Using 1 rolling slices (train=12, forward=20)
[2025-11-03 14:22:51] Parameter grid size: 24 (mode=refine, signal=j-only)
[2025-11-03 14:23:05] [1/34] 2432.T: best train_pf_eff=0.000, forward_pf_eff=0.033, trades=0/55
[2025-11-03 14:23:06] [2/34] 3064.T: best train_pf_eff=0.000, forward_pf_eff=2.038, trades=0/51
[2025-11-03 14:23:07] [3/34] 1911.T: best train_pf_eff=999.000, forward_pf_eff=0.000, trades=20/0
[2025-11-03 14:23:12] [4/34] 2802.T: best train_pf_eff=0.110, forward_pf_eff=0.176, trades=86/206
[2025-11-03 14:23:15] [5/34] 4188.T: best train_pf_eff=0.000, forward_pf_eff=0.143, trades=0/31
[2025-11-03 14:23:17] [6/34] 4528.T: best train_pf_eff=0.000, forward_pf_eff=0.000, trades=0/0
[2025-11-03 14:23:26] [7/34] 4005.T: best train_pf_eff=0.244, forward_pf_eff=0.629, trades=44/31
[2025-11-03 14:23:38] [8/34] 4689.T: best train_pf_eff=0.167, forward_pf_eff=0.041, trades=62/155
[2025-11-03 14:23:44] [9/34] 5411.T: best train_pf_eff=0.053, forward_pf_eff=0.084, trades=56/62
[2025-11-03 14:23:46] [10/34] 6178.T: best train_pf_eff=0.085, forward_pf_eff=0.113, trades=93/169
[2025-11-03 14:23:55] [11/34] 6326.T: best train_pf_eff=0.205, forward_pf_eff=0.311, trades=61/91
[2025-11-03 14:23:56] [12/34] 6330.T: best train_pf_eff=0.000, forward_pf_eff=0.000, trades=0/0
[2025-11-03 14:24:14] [13/34] 6963.T: best train_pf_eff=0.114, forward_pf_eff=0.132, trades=91/60
[2025-11-03 14:24:16] [14/34] 6902.T: best train_pf_eff=0.094, forward_pf_eff=0.129, trades=159/216
[2025-11-03 14:24:17] [15/34] 6976.T: best train_pf_eff=0.000, forward_pf_eff=0.031, trades=0/31
[2025-11-03 14:24:20] [16/34] 6971.T: best train_pf_eff=0.419, forward_pf_eff=0.531, trades=45/31
[2025-11-03 14:24:32] [17/34] 7259.T: best train_pf_eff=2.529, forward_pf_eff=0.000, trades=14/0
[2025-11-03 14:24:36] [18/34] 6988.T: best train_pf_eff=0.165, forward_pf_eff=0.224, trades=61/76
[2025-11-03 14:24:41] [19/34] 7261.T: best train_pf_eff=1.323, forward_pf_eff=4.725, trades=63/30
[2025-11-03 14:24:46] [20/34] 7270.T: best train_pf_eff=0.746, forward_pf_eff=0.070, trades=60/114
[2025-11-03 14:24:51] [21/34] 7746.T: best train_pf_eff=0.000, forward_pf_eff=999.000, trades=0/10
[2025-11-03 14:25:08] [22/34] 7532.T: best train_pf_eff=0.178, forward_pf_eff=0.389, trades=124/143
[2025-11-03 14:25:23] [23/34] 7832.T: best train_pf_eff=0.329, forward_pf_eff=0.098, trades=167/124
[2025-11-03 14:25:32] [24/34] 8591.T: best train_pf_eff=0.037, forward_pf_eff=0.150, trades=145/241
[2025-11-03 14:25:36] [25/34] 8697.T: best train_pf_eff=0.000, forward_pf_eff=0.000, trades=0/0
[2025-11-03 14:25:37] [26/34] 8604.T: best train_pf_eff=0.115, forward_pf_eff=0.148, trades=179/164
[2025-11-03 14:26:09] [27/34] 8750.T: best train_pf_eff=0.191, forward_pf_eff=0.323, trades=96/180
[2025-11-03 14:26:12] [28/34] 9020.T: best train_pf_eff=0.057, forward_pf_eff=0.109, trades=85/61
[2025-11-03 14:26:17] [29/34] 8801.T: best train_pf_eff=0.104, forward_pf_eff=0.098, trades=148/143
[2025-11-03 14:26:19] [30/34] 9022.T: best train_pf_eff=0.105, forward_pf_eff=0.112, trades=206/185
[2025-11-03 14:26:37] [31/34] 9201.T: best train_pf_eff=0.162, forward_pf_eff=0.071, trades=62/31
[2025-11-03 14:26:47] [32/34] 9503.T: best train_pf_eff=0.514, forward_pf_eff=0.069, trades=77/242
[2025-11-03 14:26:48] [33/34] 9509.T: best train_pf_eff=0.233, forward_pf_eff=0.000, trades=154/0
[2025-11-03 14:26:49] [34/34] 9697.T: best train_pf_eff=0.125, forward_pf_eff=0.160, trades=70/128
[2025-11-03 14:26:49] Bayesian refine trials executed: 444
[2025-11-03 14:26:49] Refine candidates exported to output\excel\candidates_20251103.csv
[2025-11-03 14:26:49] Run completed in 4.1 minutes
