[2025-11-04 01:16:37] Run started
[2025-11-04 01:16:37] Run type resolved to weekend
[2025-11-04 01:16:42] Fetching Yahoo Finance 1m bars for 1 tickers (lookback=60, chunk=5)
[2025-11-04 01:17:07] Entry window marks set: 47721 rows flagged out of 214718
[2025-11-04 01:17:07] Liquidity filter q=0.50 kept 14 tickers and 112055 rows
[2025-11-04 01:17:07] Using 5 rolling slices (train=12, forward=4)
[2025-11-04 01:17:07] Parameter grid size: 240 (mode=coarse, signal=j-only)
[2025-11-04 01:21:17] [1/14] 5706.T: best train_pf_eff=0.646, forward_pf_eff=0.646, trades=100/50
[2025-11-04 01:22:08] [2/14] 1357.T: best train_pf_eff=999.000, forward_pf_eff=999.000, trades=54/34
[2025-11-04 01:24:17] [3/14] 285A.T: best train_pf_eff=4.287, forward_pf_eff=4.575, trades=38/42
[2025-11-04 01:26:20] [4/14] 6525.T: best train_pf_eff=999.000, forward_pf_eff=999.000, trades=79/27
[2025-11-04 01:27:09] [5/14] 7014.T: best train_pf_eff=0.000, forward_pf_eff=0.000, trades=0/0
[2025-11-04 01:30:30] [6/14] 7735.T: best train_pf_eff=0.281, forward_pf_eff=0.281, trades=49/49
[2025-11-04 01:31:22] [7/14] 5801.T: best train_pf_eff=0.700, forward_pf_eff=0.539, trades=370/185
[2025-11-04 01:31:27] [8/14] 6526.T: best train_pf_eff=0.503, forward_pf_eff=11.920, trades=249/34
[2025-11-04 01:31:57] [9/14] 6857.T: best train_pf_eff=0.819, forward_pf_eff=0.983, trades=571/257
[2025-11-04 01:32:23] [10/14] 5016.T: best train_pf_eff=1.748, forward_pf_eff=18.231, trades=266/45
[2025-11-04 01:35:59] [11/14] 7012.T: best train_pf_eff=0.458, forward_pf_eff=2.390, trades=248/29
[2025-11-04 01:38:51] [12/14] 8035.T: best train_pf_eff=1.611, forward_pf_eff=999.000, trades=202/43
[2025-11-04 01:39:26] [13/14] 8411.T: best train_pf_eff=1.536, forward_pf_eff=2.655, trades=593/147
[2025-11-04 01:39:36] [14/14] 8136.T: best train_pf_eff=0.484, forward_pf_eff=0.489, trades=1063/145
[2025-11-04 01:39:36] Cache reuse: 0/1120 combos (0.0%) served from cache
[2025-11-04 01:39:36] ASHA pruned 2240 parameter combos prior to full evaluation
[2025-11-04 01:39:36] Run completed in 23.0 minutes
