[2025-11-04 02:15:38] Run started
[2025-11-04 02:15:38] Run type resolved to weekend
[2025-11-04 02:15:42] Fetching Yahoo Finance 1m bars for 1 tickers (lookback=60, chunk=5)
[2025-11-04 02:16:05] Entry window marks set: 57625 rows flagged out of 214718
[2025-11-04 02:16:06] Liquidity filter q=0.50 kept 14 tickers and 112055 rows
[2025-11-04 02:16:06] Using 5 rolling slices (train=12, forward=4)
[2025-11-04 02:16:06] Parameter grid size: 240 (mode=coarse, signal=j-cross)
[2025-11-04 02:17:29] [1/14] 5706.T: best train_pf_eff=1.590, forward_pf_eff=1.590, trades=10/5
[2025-11-04 02:17:42] [2/14] 1357.T: best train_pf_eff=999.000, forward_pf_eff=999.000, trades=16/11
[2025-11-04 02:18:10] [3/14] 285A.T: best train_pf_eff=13.013, forward_pf_eff=10.951, trades=34/25
[2025-11-04 02:19:02] [4/14] 6525.T: best train_pf_eff=999.000, forward_pf_eff=999.000, trades=42/14
[2025-11-04 02:19:19] [5/14] 7014.T: best train_pf_eff=0.000, forward_pf_eff=0.000, trades=0/0
[2025-11-04 02:19:34] [6/14] 5016.T: best train_pf_eff=1.933, forward_pf_eff=7.136, trades=75/19
[2025-11-04 02:19:58] [7/14] 7735.T: best train_pf_eff=3.072, forward_pf_eff=3.072, trades=5/5
[2025-11-04 02:20:03] [8/14] 5801.T: best train_pf_eff=2.736, forward_pf_eff=1.716, trades=51/27
[2025-11-04 02:20:03] [9/14] 6526.T: best train_pf_eff=1.421, forward_pf_eff=3.957, trades=73/18
[2025-11-04 02:20:05] [10/14] 6857.T: best train_pf_eff=1.353, forward_pf_eff=1.407, trades=58/35
[2025-11-04 02:20:48] [11/14] 7012.T: best train_pf_eff=0.706, forward_pf_eff=1.784, trades=49/17
[2025-11-04 02:21:51] [12/14] 8411.T: best train_pf_eff=2.586, forward_pf_eff=2.743, trades=51/14
[2025-11-04 02:21:53] [13/14] 8136.T: best train_pf_eff=0.692, forward_pf_eff=0.893, trades=156/26
[2025-11-04 02:21:55] [14/14] 8035.T: best train_pf_eff=1.229, forward_pf_eff=1.786, trades=100/32
[2025-11-04 02:21:55] Cache reuse: 0/1120 combos (0.0%) served from cache
[2025-11-04 02:21:55] ASHA pruned 2240 parameter combos prior to full evaluation
[2025-11-04 02:21:55] Run completed in 6.3 minutes
