[2025-11-09 06:17:28] Run started
[2025-11-09 06:17:28] Run type resolved to weekend
[2025-11-09 06:17:37] Entry window marks set: 57222 rows flagged out of 213231
[2025-11-09 06:17:37] Liquidity filter q=0.50 kept 15 tickers and 110879 rows
[2025-11-09 06:17:37] Using 5 rolling slices (train=12, forward=4)
[2025-11-09 06:17:37] Parameter grid size: 288 (mode=coarse, signal=j-only)
[2025-11-09 06:21:32] [1/15] 5706.T: best train_pf_eff=0.881, forward_pf_eff=0.881, trades=198/66
[2025-11-09 06:24:21] [2/15] 1357.T: best train_pf_eff=2.319, forward_pf_eff=0.638, trades=138/208
[2025-11-09 06:26:15] [3/15] 285A.T: best train_pf_eff=0.000, forward_pf_eff=999.000, trades=0/4
[2025-11-09 06:26:44] [4/15] 6525.T: best train_pf_eff=999.000, forward_pf_eff=999.000, trades=9/3
[2025-11-09 06:29:53] [5/15] 7014.T: best train_pf_eff=0.000, forward_pf_eff=0.000, trades=0/0
[2025-11-09 06:29:58] [6/15] 5801.T: best train_pf_eff=0.603, forward_pf_eff=0.457, trades=522/269
[2025-11-09 06:30:12] [7/15] 6526.T: best train_pf_eff=1.113, forward_pf_eff=6.215, trades=194/13
[2025-11-09 06:30:14] [8/15] 6857.T: best train_pf_eff=1.083, forward_pf_eff=1.310, trades=349/93
[2025-11-09 06:30:31] [9/15] 5016.T: best train_pf_eff=1.676, forward_pf_eff=12.799, trades=235/30
[2025-11-09 06:32:13] [10/15] 7735.T: best train_pf_eff=0.509, forward_pf_eff=0.509, trades=132/66
[2025-11-09 06:33:41] [11/15] 9432.T: best train_pf_eff=0.000, forward_pf_eff=0.000, trades=0/0
[2025-11-09 06:33:51] [12/15] 7012.T: best train_pf_eff=0.578, forward_pf_eff=0.607, trades=580/166
[2025-11-09 06:37:20] [13/15] 8035.T: best train_pf_eff=1.053, forward_pf_eff=1.682, trades=135/36
[2025-11-09 06:37:48] [14/15] 8411.T: best train_pf_eff=1.795, forward_pf_eff=1.712, trades=620/167
[2025-11-09 06:38:31] [15/15] 8136.T: best train_pf_eff=0.488, forward_pf_eff=0.422, trades=912/269
[2025-11-09 06:38:31] Cache reuse: 0/1440 combos (0.0%) served from cache
[2025-11-09 06:38:31] ASHA pruned 2880 parameter combos prior to full evaluation
[2025-11-09 06:38:31] Run completed in 21.0 minutes
