[2025-11-05 08:27:27] Run started
[2025-11-05 08:27:27] Run type resolved to weekday
[2025-11-05 08:27:27] Codes limited via C:\AI\asagake\output\bt30\NIGHTLY_20251101\universe_amt_top_300_2025-10-31.csv: 300 tickers (was 20)
[2025-11-05 08:29:36] Fetching Yahoo Finance 1m bars for 1 tickers (lookback=60, chunk=5)
[2025-11-05 08:30:07] Entry window marks set: 387490 rows flagged out of 2923404
[2025-11-05 08:30:10] Liquidity filter q=0.50 kept 222 tickers and 1582229 rows
[2025-11-05 08:30:10] Using 5 rolling slices (train=12, forward=4)
[2025-11-05 08:30:10] Parameter grid size: 240 (mode=coarse, signal=j-only)
[2025-11-05 08:30:10] Ineffective-band mask removed 96 combos for J_th values [0.3, 0.4, 0.6, 0.7, 0.8, 1.0]
[2025-11-05 08:31:19] [1/222] 1568.T: best train_pf_eff=0.158, forward_pf_eff=0.158, trades=38/19
[2025-11-05 08:31:36] [2/222] 1306.T: best train_pf_eff=0.106, forward_pf_eff=0.074, trades=221/108
[2025-11-05 08:31:39] [3/222] 1459.T: best train_pf_eff=999.000, forward_pf_eff=999.000, trades=32/11
[2025-11-05 08:31:57] [4/222] 1579.T: best train_pf_eff=0.609, forward_pf_eff=0.653, trades=146/78
[2025-11-05 08:31:57] [5/222] 1570.T: best train_pf_eff=1.060, forward_pf_eff=0.956, trades=30/27
[2025-11-05 08:31:57] [6/222] 1357.T: best train_pf_eff=999.000, forward_pf_eff=999.000, trades=68/35
[2025-11-05 08:32:05] [7/222] 1360.T: best train_pf_eff=999.000, forward_pf_eff=999.000, trades=32/22
[2025-11-05 08:32:22] [8/222] 1662.T: best train_pf_eff=0.000, forward_pf_eff=1.653, trades=0/26
[2025-11-05 08:32:25] [9/222] 1802.T: best train_pf_eff=0.000, forward_pf_eff=999.000, trades=0/2
[2025-11-05 08:32:48] [10/222] 1893.T: best train_pf_eff=0.000, forward_pf_eff=0.000, trades=0/0
[2025-11-05 08:32:50] [11/222] 1605.T: best train_pf_eff=0.646, forward_pf_eff=3.241, trades=140/50
[2025-11-05 08:32:55] [12/222] 1803.T: best train_pf_eff=999.000, forward_pf_eff=999.000, trades=18/4
[2025-11-05 08:33:00] [13/222] 186A.T: best train_pf_eff=0.000, forward_pf_eff=0.000, trades=0/0
[2025-11-05 08:33:12] [14/222] 2127.T: best train_pf_eff=0.000, forward_pf_eff=0.000, trades=0/0
[2025-11-05 08:33:24] [15/222] 1928.T: best train_pf_eff=14.880, forward_pf_eff=10.873, trades=115/55
[2025-11-05 08:33:25] [16/222] 1911.T: best train_pf_eff=5.243, forward_pf_eff=999.000, trades=39/6
[2025-11-05 08:33:37] [17/222] 215A.T: best train_pf_eff=0.821, forward_pf_eff=1.064, trades=124/74
[2025-11-05 08:33:43] [18/222] 218A.T: best train_pf_eff=4.910, forward_pf_eff=4.910, trades=11/11
[2025-11-05 08:34:04] [19/222] 2269.T: best train_pf_eff=2.374, forward_pf_eff=0.944, trades=4/30
[2025-11-05 08:34:08] [20/222] 2267.T: best train_pf_eff=0.207, forward_pf_eff=0.204, trades=123/61
[2025-11-05 08:34:37] [21/222] 2432.T: best train_pf_eff=0.349, forward_pf_eff=0.302, trades=100/122
[2025-11-05 08:34:45] [22/222] 2586.T: best train_pf_eff=0.000, forward_pf_eff=0.000, trades=0/0
[2025-11-05 08:34:47] [23/222] 2413.T: best train_pf_eff=0.890, forward_pf_eff=1.076, trades=22/33
[2025-11-05 08:34:49] [24/222] 2503.T: best train_pf_eff=0.807, forward_pf_eff=1.034, trades=10/12
[2025-11-05 08:35:06] [25/222] 247A.T: best train_pf_eff=999.000, forward_pf_eff=999.000, trades=69/23
[2025-11-05 08:35:15] [26/222] 2726.T: best train_pf_eff=0.000, forward_pf_eff=999.000, trades=0/32
[2025-11-05 08:35:27] [27/222] 2644.T: best train_pf_eff=0.253, forward_pf_eff=0.381, trades=60/46
[2025-11-05 08:35:43] [28/222] 2801.T: best train_pf_eff=0.000, forward_pf_eff=0.000, trades=0/0
[2025-11-05 08:35:46] [29/222] 2502.T: best train_pf_eff=2.264, forward_pf_eff=999.000, trades=89/44
[2025-11-05 08:36:30] [30/222] 290A.T: best train_pf_eff=0.000, forward_pf_eff=0.000, trades=0/0
[2025-11-05 08:36:37] [31/222] 2897.T: best train_pf_eff=0.706, forward_pf_eff=0.267, trades=120/119
[2025-11-05 08:36:44] [32/222] 285A.T: best train_pf_eff=4.344, forward_pf_eff=4.344, trades=14/14
[2025-11-05 08:36:46] [33/222] 3003.T: best train_pf_eff=0.000, forward_pf_eff=0.000, trades=0/0
[2025-11-05 08:37:31] [34/222] 2802.T: best train_pf_eff=0.938, forward_pf_eff=5.695, trades=115/75
[2025-11-05 08:37:40] [35/222] 3092.T: best train_pf_eff=0.000, forward_pf_eff=0.000, trades=0/0
[2025-11-05 08:37:51] [36/222] 3064.T: best train_pf_eff=999.000, forward_pf_eff=999.000, trades=20/10
[2025-11-05 08:38:10] [37/222] 3086.T: best train_pf_eff=999.000, forward_pf_eff=999.000, trades=8/8
[2025-11-05 08:38:20] [38/222] 314A.T: best train_pf_eff=0.000, forward_pf_eff=149.600, trades=0/31
[2025-11-05 08:38:53] [39/222] 3231.T: best train_pf_eff=0.000, forward_pf_eff=0.000, trades=0/0
[2025-11-05 08:38:55] [40/222] 318A.T: best train_pf_eff=0.000, forward_pf_eff=0.000, trades=0/0
[2025-11-05 08:39:01] [41/222] 3038.T: best train_pf_eff=1.767, forward_pf_eff=0.246, trades=173/172
[2025-11-05 08:39:12] [42/222] 2914.T: best train_pf_eff=0.294, forward_pf_eff=0.374, trades=695/174
[2025-11-05 08:39:19] [43/222] 3323.T: best train_pf_eff=999.000, forward_pf_eff=999.000, trades=9/3
[2025-11-05 08:39:37] [44/222] 3099.T: best train_pf_eff=0.568, forward_pf_eff=0.632, trades=169/62
[2025-11-05 08:39:48] [45/222] 3407.T: best train_pf_eff=0.000, forward_pf_eff=0.000, trades=0/0
[2025-11-05 08:39:59] [46/222] 3405.T: best train_pf_eff=0.000, forward_pf_eff=0.000, trades=0/0
[2025-11-05 08:39:59] [47/222] 3402.T: best train_pf_eff=999.000, forward_pf_eff=999.000, trades=6/3
[2025-11-05 08:40:40] [48/222] 3350.T: best train_pf_eff=999.000, forward_pf_eff=999.000, trades=17/7
[2025-11-05 08:41:00] [49/222] 3659.T: best train_pf_eff=0.000, forward_pf_eff=0.000, trades=0/0
[2025-11-05 08:41:21] [50/222] 3656.T: best train_pf_eff=999.000, forward_pf_eff=0.000, trades=2/0
[2025-11-05 08:43:17] [51/222] 3905.T: best train_pf_eff=2.490, forward_pf_eff=1.444, trades=37/33
[2025-11-05 08:43:25] [52/222] 402A.T: best train_pf_eff=0.000, forward_pf_eff=0.000, trades=0/0
[2025-11-05 08:43:30] [53/222] 3382.T: best train_pf_eff=0.306, forward_pf_eff=1.344, trades=148/36
[2025-11-05 08:43:43] [54/222] 3436.T: best train_pf_eff=0.239, forward_pf_eff=0.356, trades=297/124
[2025-11-05 08:43:53] [55/222] 3697.T: best train_pf_eff=0.703, forward_pf_eff=1.487, trades=154/52
[2025-11-05 08:44:44] [56/222] 4005.T: best train_pf_eff=1.719, forward_pf_eff=1.686, trades=63/15
[2025-11-05 08:44:47] [57/222] 4004.T: best train_pf_eff=0.231, forward_pf_eff=0.196, trades=263/98
[2025-11-05 08:45:05] [58/222] 4088.T: best train_pf_eff=0.000, forward_pf_eff=0.000, trades=0/0
[2025-11-05 08:45:12] [59/222] 4188.T: best train_pf_eff=999.000, forward_pf_eff=999.000, trades=30/10
[2025-11-05 08:45:56] [60/222] 4446.T: best train_pf_eff=0.000, forward_pf_eff=0.000, trades=0/0
[2025-11-05 08:46:30] [61/222] 4062.T: best train_pf_eff=0.477, forward_pf_eff=24.011, trades=91/36
[2025-11-05 08:48:34] [62/222] 4385.T: best train_pf_eff=999.000, forward_pf_eff=999.000, trades=22/7
[2025-11-05 08:48:41] [63/222] 4507.T: best train_pf_eff=0.034, forward_pf_eff=0.034, trades=110/55
[2025-11-05 08:48:56] [64/222] 4063.T: best train_pf_eff=0.312, forward_pf_eff=0.302, trades=541/183
[2025-11-05 08:49:52] [65/222] 4452.T: best train_pf_eff=152.165, forward_pf_eff=999.000, trades=33/6
[2025-11-05 08:50:02] [66/222] 4502.T: best train_pf_eff=0.136, forward_pf_eff=0.067, trades=338/170
[2025-11-05 08:50:20] [67/222] 4503.T: best train_pf_eff=999.000, forward_pf_eff=999.000, trades=81/42
[2025-11-05 08:50:23] [68/222] 4528.T: best train_pf_eff=0.000, forward_pf_eff=0.000, trades=0/0
[2025-11-05 08:50:30] [69/222] 4506.T: best train_pf_eff=3.051, forward_pf_eff=5.005, trades=94/24
[2025-11-05 08:51:21] [70/222] 4571.T: best train_pf_eff=0.000, forward_pf_eff=0.000, trades=0/0
[2025-11-05 08:51:30] [71/222] 4586.T: best train_pf_eff=999.000, forward_pf_eff=999.000, trades=36/12
[2025-11-05 08:51:36] [72/222] 4519.T: best train_pf_eff=0.353, forward_pf_eff=0.150, trades=269/83
[2025-11-05 08:52:01] [73/222] 4612.T: best train_pf_eff=1.057, forward_pf_eff=1.055, trades=42/21
[2025-11-05 08:52:08] [74/222] 4543.T: best train_pf_eff=0.351, forward_pf_eff=0.480, trades=143/117
[2025-11-05 08:52:37] [75/222] 4592.T: best train_pf_eff=1.873, forward_pf_eff=3.228, trades=121/63
[2025-11-05 08:53:00] [76/222] 4680.T: best train_pf_eff=0.000, forward_pf_eff=0.000, trades=0/0
[2025-11-05 08:53:17] [77/222] 4568.T: best train_pf_eff=0.529, forward_pf_eff=999.000, trades=52/5
[2025-11-05 08:54:43] [78/222] 4751.T: best train_pf_eff=0.056, forward_pf_eff=0.056, trades=48/24
[2025-11-05 08:55:35] [79/222] 4661.T: best train_pf_eff=0.840, forward_pf_eff=3.268, trades=65/12
[2025-11-05 08:55:39] [80/222] 4689.T: best train_pf_eff=0.640, forward_pf_eff=2.215, trades=32/17
[2025-11-05 08:56:31] [81/222] 4901.T: best train_pf_eff=40.117, forward_pf_eff=1.432, trades=54/39
[2025-11-05 08:56:43] [82/222] 4911.T: best train_pf_eff=999.000, forward_pf_eff=25.147, trades=139/81
[2025-11-05 08:57:06] [83/222] 4755.T: best train_pf_eff=0.513, forward_pf_eff=1.236, trades=50/28
[2025-11-05 08:57:14] [84/222] 5076.T: best train_pf_eff=0.561, forward_pf_eff=0.561, trades=46/23
[2025-11-05 08:58:17] [85/222] 5020.T: best train_pf_eff=0.164, forward_pf_eff=999.000, trades=40/3
[2025-11-05 08:58:19] [86/222] 5406.T: best train_pf_eff=0.315, forward_pf_eff=0.315, trades=15/15
[2025-11-05 08:58:49] [87/222] 5016.T: best train_pf_eff=2.371, forward_pf_eff=4.684, trades=167/41
[2025-11-05 08:59:17] [88/222] 5595.T: best train_pf_eff=999.000, forward_pf_eff=999.000, trades=6/6
[2025-11-05 08:59:38] [89/222] 5401.T: best train_pf_eff=0.791, forward_pf_eff=1.378, trades=237/72
[2025-11-05 08:59:58] [90/222] 5411.T: best train_pf_eff=0.796, forward_pf_eff=0.140, trades=44/21
[2025-11-05 09:00:27] [91/222] 5108.T: best train_pf_eff=0.480, forward_pf_eff=0.273, trades=527/169
[2025-11-05 09:00:38] [92/222] 5711.T: best train_pf_eff=0.000, forward_pf_eff=999.000, trades=0/8
[2025-11-05 09:01:49] [93/222] 5706.T: best train_pf_eff=0.559, forward_pf_eff=2.377, trades=191/28
[2025-11-05 09:02:24] [94/222] 5726.T: best train_pf_eff=4.738, forward_pf_eff=3.947, trades=48/25
[2025-11-05 09:02:41] [95/222] 5713.T: best train_pf_eff=0.276, forward_pf_eff=0.297, trades=255/22
[2025-11-05 09:03:16] [96/222] 5801.T: best train_pf_eff=999.000, forward_pf_eff=1.521, trades=28/22
[2025-11-05 09:03:17] [97/222] 6177.T: best train_pf_eff=0.000, forward_pf_eff=0.000, trades=0/0
[2025-11-05 09:03:22] [98/222] 5802.T: best train_pf_eff=999.000, forward_pf_eff=999.000, trades=52/33
[2025-11-05 09:04:17] [99/222] 5803.T: best train_pf_eff=0.550, forward_pf_eff=0.453, trades=206/91
[2025-11-05 09:04:39] [100/222] 6268.T: best train_pf_eff=0.130, forward_pf_eff=0.243, trades=29/43
[2025-11-05 09:04:41] [101/222] 6098.T: best train_pf_eff=0.308, forward_pf_eff=0.245, trades=139/94
[2025-11-05 09:04:45] [102/222] 6146.T: best train_pf_eff=999.000, forward_pf_eff=999.000, trades=57/37
[2025-11-05 09:05:20] [103/222] 6178.T: best train_pf_eff=0.404, forward_pf_eff=0.309, trades=127/71
[2025-11-05 09:05:48] [104/222] 6324.T: best train_pf_eff=0.000, forward_pf_eff=0.000, trades=0/0
[2025-11-05 09:05:59] [105/222] 6330.T: best train_pf_eff=0.000, forward_pf_eff=0.000, trades=0/0
[2025-11-05 09:06:40] [106/222] 6323.T: best train_pf_eff=5.968, forward_pf_eff=999.000, trades=90/38
[2025-11-05 09:06:54] [107/222] 6479.T: best train_pf_eff=0.000, forward_pf_eff=0.000, trades=0/0
[2025-11-05 09:07:12] [108/222] 6315.T: best train_pf_eff=10.015, forward_pf_eff=999.000, trades=100/33
[2025-11-05 09:07:21] [109/222] 6301.T: best train_pf_eff=0.165, forward_pf_eff=0.986, trades=87/33
[2025-11-05 09:07:36] [110/222] 6326.T: best train_pf_eff=1.292, forward_pf_eff=10.879, trades=46/25
[2025-11-05 09:07:58] [111/222] 6361.T: best train_pf_eff=0.000, forward_pf_eff=5.301, trades=0/12
[2025-11-05 09:11:15] [112/222] 6501.T: best train_pf_eff=1.273, forward_pf_eff=0.596, trades=188/39
[2025-11-05 09:11:44] [113/222] 6506.T: best train_pf_eff=6.779, forward_pf_eff=999.000, trades=156/44
[2025-11-05 09:11:47] [114/222] 6503.T: best train_pf_eff=0.318, forward_pf_eff=999.000, trades=48/7
[2025-11-05 09:12:49] [115/222] 6525.T: best train_pf_eff=999.000, forward_pf_eff=1.511, trades=36/29
[2025-11-05 09:12:56] [116/222] 6594.T: best train_pf_eff=1.302, forward_pf_eff=0.275, trades=279/99
[2025-11-05 09:12:57] [117/222] 6526.T: best train_pf_eff=0.454, forward_pf_eff=999.000, trades=26/2
[2025-11-05 09:13:26] [118/222] 6701.T: best train_pf_eff=1.895, forward_pf_eff=1.746, trades=71/18
[2025-11-05 09:13:45] [119/222] 6702.T: best train_pf_eff=0.152, forward_pf_eff=999.000, trades=57/4
[2025-11-05 09:13:49] [120/222] 6740.T: best train_pf_eff=999.000, forward_pf_eff=999.000, trades=2/5
[2025-11-05 09:15:19] [121/222] 6814.T: best train_pf_eff=999.000, forward_pf_eff=0.080, trades=2/24
[2025-11-05 09:16:17] [122/222] 6869.T: best train_pf_eff=1.440, forward_pf_eff=1.440, trades=10/5
[2025-11-05 09:17:17] [123/222] 6723.T: best train_pf_eff=0.671, forward_pf_eff=0.615, trades=465/139
[2025-11-05 09:17:46] [124/222] 6752.T: best train_pf_eff=0.589, forward_pf_eff=0.458, trades=323/144
[2025-11-05 09:19:00] [125/222] 6762.T: best train_pf_eff=0.524, forward_pf_eff=2.561, trades=136/34
[2025-11-05 09:19:16] [126/222] 6758.T: best train_pf_eff=1.761, forward_pf_eff=1.288, trades=164/30
[2025-11-05 09:19:25] [127/222] 6857.T: best train_pf_eff=0.544, forward_pf_eff=1.065, trades=143/49
[2025-11-05 09:19:38] [128/222] 6902.T: best train_pf_eff=1.316, forward_pf_eff=2.801, trades=173/53
[2025-11-05 09:20:13] [129/222] 6965.T: best train_pf_eff=0.177, forward_pf_eff=0.177, trades=50/50
[2025-11-05 09:21:24] [130/222] 6920.T: best train_pf_eff=1.870, forward_pf_eff=999.000, trades=41/2
[2025-11-05 09:21:46] [131/222] 6971.T: best train_pf_eff=0.484, forward_pf_eff=0.658, trades=80/45
[2025-11-05 09:22:28] [132/222] 6954.T: best train_pf_eff=2.548, forward_pf_eff=3.498, trades=304/82
[2025-11-05 09:22:34] [133/222] 6963.T: best train_pf_eff=0.425, forward_pf_eff=1.155, trades=31/7
[2025-11-05 09:23:34] [134/222] 6976.T: best train_pf_eff=0.000, forward_pf_eff=999.000, trades=0/10
[2025-11-05 09:23:35] [135/222] 6988.T: best train_pf_eff=0.428, forward_pf_eff=0.472, trades=115/91
[2025-11-05 09:24:46] [136/222] 6981.T: best train_pf_eff=2.706, forward_pf_eff=999.000, trades=188/30
[2025-11-05 09:25:18] [137/222] 7186.T: best train_pf_eff=0.079, forward_pf_eff=0.079, trades=25/25
[2025-11-05 09:25:42] [138/222] 7014.T: best train_pf_eff=0.810, forward_pf_eff=1.139, trades=75/60
[2025-11-05 09:25:47] [139/222] 7003.T: best train_pf_eff=0.468, forward_pf_eff=999.000, trades=30/4
[2025-11-05 09:26:35] [140/222] 7011.T: best train_pf_eff=1.077, forward_pf_eff=2.038, trades=160/65
[2025-11-05 09:26:44] [141/222] 7012.T: best train_pf_eff=0.655, forward_pf_eff=999.000, trades=106/10
[2025-11-05 09:27:17] [142/222] 7211.T: best train_pf_eff=0.000, forward_pf_eff=0.000, trades=0/0
[2025-11-05 09:27:21] [143/222] 7202.T: best train_pf_eff=0.000, forward_pf_eff=0.000, trades=0/0
[2025-11-05 09:27:27] [144/222] 7013.T: best train_pf_eff=0.778, forward_pf_eff=1.278, trades=254/87
[2025-11-05 09:28:58] [145/222] 7182.T: best train_pf_eff=1.486, forward_pf_eff=999.000, trades=136/18
[2025-11-05 09:29:23] [146/222] 7259.T: best train_pf_eff=0.345, forward_pf_eff=0.308, trades=140/61
[2025-11-05 09:30:06] [147/222] 7201.T: best train_pf_eff=0.593, forward_pf_eff=2.031, trades=179/26
[2025-11-05 09:30:48] [148/222] 7261.T: best train_pf_eff=0.176, forward_pf_eff=0.000, trades=90/23
[2025-11-05 09:31:00] [149/222] 7203.T: best train_pf_eff=0.702, forward_pf_eff=0.375, trades=321/70
[2025-11-05 09:32:03] [150/222] 7270.T: best train_pf_eff=0.142, forward_pf_eff=0.059, trades=240/81
[2025-11-05 09:32:21] [151/222] 7269.T: best train_pf_eff=1.841, forward_pf_eff=2365.283, trades=210/53
[2025-11-05 09:32:25] [152/222] 7272.T: best train_pf_eff=0.642, forward_pf_eff=0.544, trades=137/60
[2025-11-05 09:32:34] [153/222] 7599.T: best train_pf_eff=999.000, forward_pf_eff=999.000, trades=18/6
[2025-11-05 09:33:01] [154/222] 7267.T: best train_pf_eff=0.572, forward_pf_eff=1.537, trades=92/32
[2025-11-05 09:33:25] [155/222] 7711.T: best train_pf_eff=999.000, forward_pf_eff=999.000, trades=12/4
[2025-11-05 09:34:09] [156/222] 7731.T: best train_pf_eff=0.000, forward_pf_eff=0.000, trades=0/0
[2025-11-05 09:34:14] [157/222] 7746.T: best train_pf_eff=12.797, forward_pf_eff=12.797, trades=17/17
[2025-11-05 09:34:25] [158/222] 7532.T: best train_pf_eff=0.442, forward_pf_eff=0.311, trades=272/117
[2025-11-05 09:34:38] [159/222] 7453.T: best train_pf_eff=1.191, forward_pf_eff=1.095, trades=216/47
[2025-11-05 09:35:38] [160/222] 7733.T: best train_pf_eff=14.778, forward_pf_eff=6.304, trades=67/29
[2025-11-05 09:35:39] [161/222] 7762.T: best train_pf_eff=0.184, forward_pf_eff=0.184, trades=57/19
[2025-11-05 09:38:40] [162/222] 7735.T: best train_pf_eff=0.000, forward_pf_eff=999.000, trades=24/5
[2025-11-05 09:39:19] [163/222] 8015.T: best train_pf_eff=1.654, forward_pf_eff=2.629, trades=36/27
[2025-11-05 09:39:27] [164/222] 7832.T: best train_pf_eff=999.000, forward_pf_eff=2.005, trades=4/19
[2025-11-05 09:39:54] [165/222] 7751.T: best train_pf_eff=0.292, forward_pf_eff=0.263, trades=778/242
[2025-11-05 09:40:56] [166/222] 7936.T: best train_pf_eff=0.379, forward_pf_eff=2.055, trades=90/36
[2025-11-05 09:41:08] [167/222] 7974.T: best train_pf_eff=0.340, forward_pf_eff=0.208, trades=210/61
[2025-11-05 09:41:27] [168/222] 8001.T: best train_pf_eff=0.736, forward_pf_eff=0.908, trades=67/19
[2025-11-05 09:41:47] [169/222] 8002.T: best train_pf_eff=0.915, forward_pf_eff=8.333, trades=76/24
[2025-11-05 09:42:50] [170/222] 8105.T: best train_pf_eff=999.000, forward_pf_eff=999.000, trades=42/14
[2025-11-05 09:43:40] [171/222] 8113.T: best train_pf_eff=999.000, forward_pf_eff=0.000, trades=13/0
[2025-11-05 09:45:37] [172/222] 8035.T: best train_pf_eff=2.778, forward_pf_eff=999.000, trades=70/16
[2025-11-05 09:45:39] [173/222] 8053.T: best train_pf_eff=0.315, forward_pf_eff=999.000, trades=51/4
[2025-11-05 09:45:48] [174/222] 8031.T: best train_pf_eff=0.706, forward_pf_eff=1.023, trades=443/138
[2025-11-05 09:46:15] [175/222] 8058.T: best train_pf_eff=0.782, forward_pf_eff=1.915, trades=96/27
[2025-11-05 09:46:19] [176/222] 8233.T: best train_pf_eff=999.000, forward_pf_eff=999.000, trades=22/14
[2025-11-05 09:47:22] [177/222] 8136.T: best train_pf_eff=0.497, forward_pf_eff=0.282, trades=340/48
[2025-11-05 09:47:45] [178/222] 8410.T: best train_pf_eff=0.000, forward_pf_eff=0.000, trades=0/0
[2025-11-05 09:47:54] [179/222] 8331.T: best train_pf_eff=0.000, forward_pf_eff=0.000, trades=0/0
[2025-11-05 09:48:34] [180/222] 8267.T: best train_pf_eff=0.376, forward_pf_eff=5.352, trades=267/43
[2025-11-05 09:49:09] [181/222] 8306.T: best train_pf_eff=0.648, forward_pf_eff=999.000, trades=19/4
[2025-11-05 09:49:57] [182/222] 8309.T: best train_pf_eff=3.345, forward_pf_eff=999.000, trades=19/4
[2025-11-05 09:50:02] [183/222] 8593.T: best train_pf_eff=0.000, forward_pf_eff=0.000, trades=0/0
[2025-11-05 09:50:22] [184/222] 8308.T: best train_pf_eff=0.355, forward_pf_eff=4.328, trades=41/6
[2025-11-05 09:50:55] [185/222] 8316.T: best train_pf_eff=0.233, forward_pf_eff=999.000, trades=23/4
[2025-11-05 09:52:00] [186/222] 8411.T: best train_pf_eff=0.904, forward_pf_eff=999.000, trades=30/5
[2025-11-05 09:52:07] [187/222] 8601.T: best train_pf_eff=0.655, forward_pf_eff=0.129, trades=71/65
[2025-11-05 09:52:17] [188/222] 8473.T: best train_pf_eff=4.563, forward_pf_eff=1.298, trades=23/16
[2025-11-05 09:52:49] [189/222] 8591.T: best train_pf_eff=0.019, forward_pf_eff=58.881, trades=39/4
[2025-11-05 09:54:06] [190/222] 8697.T: best train_pf_eff=999.000, forward_pf_eff=999.000, trades=21/7
[2025-11-05 09:55:08] [191/222] 8604.T: best train_pf_eff=0.752, forward_pf_eff=999.000, trades=33/5
[2025-11-05 09:55:14] [192/222] 8630.T: best train_pf_eff=0.092, forward_pf_eff=4.311, trades=28/17
[2025-11-05 09:56:36] [193/222] 8750.T: best train_pf_eff=2.606, forward_pf_eff=1.982, trades=29/17
[2025-11-05 09:56:58] [194/222] 8725.T: best train_pf_eff=0.232, forward_pf_eff=0.196, trades=467/150
[2025-11-05 09:57:31] [195/222] 8729.T: best train_pf_eff=0.478, forward_pf_eff=0.536, trades=249/59
[2025-11-05 09:57:43] [196/222] 9021.T: best train_pf_eff=0.000, forward_pf_eff=6.989, trades=0/3
[2025-11-05 09:57:50] [197/222] 8801.T: best train_pf_eff=2.322, forward_pf_eff=999.000, trades=124/32
[2025-11-05 09:57:58] [198/222] 8766.T: best train_pf_eff=0.308, forward_pf_eff=0.277, trades=439/154
[2025-11-05 09:59:13] [199/222] 8802.T: best train_pf_eff=2.115, forward_pf_eff=15.944, trades=171/44
[2025-11-05 09:59:39] [200/222] 9020.T: best train_pf_eff=999.000, forward_pf_eff=999.000, trades=25/6
[2025-11-05 09:59:43] [201/222] 9023.T: best train_pf_eff=0.503, forward_pf_eff=0.503, trades=5/5
[2025-11-05 10:01:42] [202/222] 9348.T: best train_pf_eff=0.000, forward_pf_eff=0.000, trades=0/0
[2025-11-05 10:02:01] [203/222] 9201.T: best train_pf_eff=1.649, forward_pf_eff=999.000, trades=99/25
[2025-11-05 10:02:10] [204/222] 9022.T: best train_pf_eff=0.380, forward_pf_eff=1.234, trades=256/21
[2025-11-05 10:02:12] [205/222] 9202.T: best train_pf_eff=0.392, forward_pf_eff=0.347, trades=171/83
[2025-11-05 10:04:11] [206/222] 9101.T: best train_pf_eff=0.464, forward_pf_eff=2.944, trades=129/10
[2025-11-05 10:04:13] [207/222] 9104.T: best train_pf_eff=0.791, forward_pf_eff=2.670, trades=207/45
[2025-11-05 10:04:32] [208/222] 9107.T: best train_pf_eff=2.163, forward_pf_eff=2.478, trades=382/86
[2025-11-05 10:04:44] [209/222] 9502.T: best train_pf_eff=1.071, forward_pf_eff=0.567, trades=52/28
[2025-11-05 10:06:04] [210/222] 9504.T: best train_pf_eff=0.000, forward_pf_eff=0.000, trades=0/0
[2025-11-05 10:06:19] [211/222] 9432.T: best train_pf_eff=1.777, forward_pf_eff=1053.847, trades=212/53
[2025-11-05 10:06:28] [212/222] 9506.T: best train_pf_eff=0.000, forward_pf_eff=0.000, trades=0/0
[2025-11-05 10:07:46] [213/222] 9434.T: best train_pf_eff=0.703, forward_pf_eff=1.227, trades=86/21
[2025-11-05 10:08:13] [214/222] 9433.T: best train_pf_eff=0.346, forward_pf_eff=0.342, trades=551/164
[2025-11-05 10:08:21] [215/222] 9501.T: best train_pf_eff=0.707, forward_pf_eff=0.573, trades=247/57
[2025-11-05 10:08:48] [216/222] 9831.T: best train_pf_eff=1.358, forward_pf_eff=1.358, trades=96/32
[2025-11-05 10:09:19] [217/222] 9509.T: best train_pf_eff=0.777, forward_pf_eff=0.868, trades=171/20
[2025-11-05 10:09:23] [218/222] 9503.T: best train_pf_eff=0.648, forward_pf_eff=0.382, trades=261/112
[2025-11-05 10:10:05] [219/222] 9697.T: best train_pf_eff=0.480, forward_pf_eff=0.453, trades=220/101
[2025-11-05 10:10:14] [220/222] 9983.T: best train_pf_eff=1.938, forward_pf_eff=3.579, trades=96/47
[2025-11-05 10:10:27] [221/222] 9843.T: best train_pf_eff=0.742, forward_pf_eff=2.406, trades=248/67
[2025-11-05 10:10:48] [222/222] 9984.T: best train_pf_eff=1.021, forward_pf_eff=999.000, trades=53/6
[2025-11-05 10:10:48] Cache reuse: 48/10656 combos (0.5%) served from cache
[2025-11-05 10:10:48] ASHA pruned 21312 parameter combos prior to full evaluation
[2025-11-05 10:10:51] Excel summary written to C:\AI\asagake\output\bt30\NIGHTLY_20251105_FAST\RUN_coarse_AM0945_j-only\summary_20251105_101048.xlsx
[2025-11-05 10:10:51] Run completed in 103.4 minutes
