[2025-11-03 13:59:36] Run started
[2025-11-03 13:59:36] Run type resolved to weekend
[2025-11-03 13:59:36] Codes limited via C:\AI\asagake\output\bt30\TIMEPLAN_TEST_20251102\D_FULLDAY_WINDOWS\RUN_coarse_PM_1300_1330_j-only\_TOP50_codes.csv: 36 tickers (was 20)
[2025-11-03 13:59:46] Entry window marks set: 41143 rows flagged out of 426243
[2025-11-03 13:59:46] Liquidity filter q=0.50 kept 36 tickers and 213938 rows
[2025-11-03 13:59:46] Using 1 rolling slices (train=12, forward=20)
[2025-11-03 13:59:46] Parameter grid size: 24 (mode=refine, signal=j-only)
[2025-11-03 14:00:03] [1/36] 3064.T: best train_pf_eff=0.000, forward_pf_eff=0.246, trades=0/57
[2025-11-03 14:00:03] [2/36] 2432.T: best train_pf_eff=0.000, forward_pf_eff=2.582, trades=0/54
[2025-11-03 14:00:04] [3/36] 1911.T: best train_pf_eff=1.002, forward_pf_eff=0.000, trades=31/0
[2025-11-03 14:00:12] [4/36] 2802.T: best train_pf_eff=0.123, forward_pf_eff=0.120, trades=87/230
[2025-11-03 14:00:13] [5/36] 4188.T: best train_pf_eff=0.000, forward_pf_eff=0.000, trades=0/0
[2025-11-03 14:00:15] [6/36] 4528.T: best train_pf_eff=0.000, forward_pf_eff=0.000, trades=0/0
[2025-11-03 14:00:23] [7/36] 4005.T: best train_pf_eff=1.951, forward_pf_eff=0.043, trades=49/30
[2025-11-03 14:00:42] [8/36] 4689.T: best train_pf_eff=0.180, forward_pf_eff=0.076, trades=62/146
[2025-11-03 14:00:44] [9/36] 5411.T: best train_pf_eff=0.829, forward_pf_eff=0.009, trades=62/62
[2025-11-03 14:00:46] [10/36] 6178.T: best train_pf_eff=0.248, forward_pf_eff=0.172, trades=87/124
[2025-11-03 14:00:51] [11/36] 6326.T: best train_pf_eff=0.174, forward_pf_eff=0.182, trades=56/53
[2025-11-03 14:01:01] [12/36] 6330.T: best train_pf_eff=0.000, forward_pf_eff=0.000, trades=0/0
[2025-11-03 14:01:15] [13/36] 6963.T: best train_pf_eff=0.291, forward_pf_eff=0.077, trades=101/59
[2025-11-03 14:01:15] [14/36] 6971.T: best train_pf_eff=999.000, forward_pf_eff=0.087, trades=3/29
[2025-11-03 14:01:18] [15/36] 6902.T: best train_pf_eff=0.052, forward_pf_eff=0.058, trades=139/231
[2025-11-03 14:01:23] [16/36] 6976.T: best train_pf_eff=0.000, forward_pf_eff=0.000, trades=0/0
[2025-11-03 14:01:39] [17/36] 7014.T: best train_pf_eff=0.000, forward_pf_eff=0.254, trades=0/146
[2025-11-03 14:01:43] [18/36] 6988.T: best train_pf_eff=13.575, forward_pf_eff=0.047, trades=21/89
[2025-11-03 14:01:46] [19/36] 7259.T: best train_pf_eff=15685.605, forward_pf_eff=0.000, trades=31/0
[2025-11-03 14:01:58] [20/36] 7182.T: best train_pf_eff=0.114, forward_pf_eff=0.156, trades=248/79
[2025-11-03 14:02:10] [21/36] 7261.T: best train_pf_eff=0.180, forward_pf_eff=5.833, trades=41/31
[2025-11-03 14:02:14] [22/36] 7746.T: best train_pf_eff=0.000, forward_pf_eff=1.557, trades=0/28
[2025-11-03 14:02:17] [23/36] 7270.T: best train_pf_eff=0.056, forward_pf_eff=0.240, trades=48/139
[2025-11-03 14:02:27] [24/36] 7532.T: best train_pf_eff=0.280, forward_pf_eff=0.357, trades=108/152
[2025-11-03 14:02:54] [25/36] 7832.T: best train_pf_eff=0.215, forward_pf_eff=0.339, trades=153/147
[2025-11-03 14:02:56] [26/36] 8697.T: best train_pf_eff=0.000, forward_pf_eff=0.000, trades=0/0
[2025-11-03 14:03:01] [27/36] 8591.T: best train_pf_eff=0.005, forward_pf_eff=0.025, trades=117/184
[2025-11-03 14:03:04] [28/36] 8604.T: best train_pf_eff=0.292, forward_pf_eff=0.141, trades=196/154
[2025-11-03 14:03:37] [29/36] 8750.T: best train_pf_eff=0.395, forward_pf_eff=0.304, trades=36/79
[2025-11-03 14:03:39] [30/36] 9020.T: best train_pf_eff=0.187, forward_pf_eff=0.030, trades=94/58
[2025-11-03 14:03:42] [31/36] 8801.T: best train_pf_eff=0.152, forward_pf_eff=0.155, trades=113/131
[2025-11-03 14:03:53] [32/36] 9022.T: best train_pf_eff=0.114, forward_pf_eff=0.015, trades=212/184
[2025-11-03 14:04:02] [33/36] 9201.T: best train_pf_eff=0.068, forward_pf_eff=0.000, trades=61/0
[2025-11-03 14:04:18] [34/36] 9509.T: best train_pf_eff=0.441, forward_pf_eff=0.000, trades=96/0
[2025-11-03 14:04:18] [35/36] 9503.T: best train_pf_eff=0.023, forward_pf_eff=0.074, trades=62/245
[2025-11-03 14:04:20] [36/36] 9697.T: best train_pf_eff=0.297, forward_pf_eff=0.062, trades=92/124
[2025-11-03 14:04:20] Bayesian refine trials executed: 483
[2025-11-03 14:04:20] Refine candidates exported to output\excel\candidates_20251103.csv
[2025-11-03 14:04:20] Run completed in 4.7 minutes
