[2025-11-02 19:15:21] Run started
[2025-11-02 19:15:21] Run type resolved to weekend
[2025-11-02 19:15:22] Codes limited via output\\bt30\\NIGHTLY_20251101\\universe_amt_top_150_2025-10-31.csv: 150 tickers (was 20)
[2025-11-02 19:16:33] Fetching Yahoo Finance 1m bars for 1 tickers (lookback=60, chunk=5)
[2025-11-02 19:16:58] Entry window marks set: 1713484 rows flagged out of 1714299
[2025-11-02 19:17:00] Liquidity filter q=0.50 kept 133 tickers and 861466 rows
[2025-11-02 19:17:00] Using 1 rolling slices (train=12, forward=20)
[2025-11-02 19:17:00] Parameter grid size: 24 (mode=coarse, signal=j-only)
[2025-11-02 19:18:01] [1/133] 2432.T: best train_pf_eff=0.000, forward_pf_eff=0.000, trades=0/0
[2025-11-02 19:18:29] [2/133] 1306.T: best train_pf_eff=0.000, forward_pf_eff=0.056, trades=0/246
[2025-11-02 19:18:41] [3/133] 1911.T: best train_pf_eff=0.688, forward_pf_eff=0.000, trades=228/0
[2025-11-02 19:18:53] [4/133] 1579.T: best train_pf_eff=0.000, forward_pf_eff=0.534, trades=0/357
[2025-11-02 19:19:44] [5/133] 247A.T: best train_pf_eff=0.000, forward_pf_eff=1.268, trades=0/260
[2025-11-02 19:19:58] [6/133] 2802.T: best train_pf_eff=0.522, forward_pf_eff=0.000, trades=164/0
[2025-11-02 19:20:33] [7/133] 1357.T: best train_pf_eff=0.000, forward_pf_eff=0.529, trades=0/1020
[2025-11-02 19:21:00] [8/133] 1360.T: best train_pf_eff=0.000, forward_pf_eff=0.503, trades=0/1033
[2025-11-02 19:21:06] [9/133] 1605.T: best train_pf_eff=0.275, forward_pf_eff=0.908, trades=594/454
[2025-11-02 19:21:16] [10/133] 3064.T: best train_pf_eff=0.000, forward_pf_eff=0.000, trades=0/0
[2025-11-02 19:21:16] [11/133] 1570.T: best train_pf_eff=0.000, forward_pf_eff=0.443, trades=0/1051
[2025-11-02 19:21:51] [12/133] 285A.T: best train_pf_eff=0.000, forward_pf_eff=3.146, trades=0/390
[2025-11-02 19:22:25] [13/133] 2502.T: best train_pf_eff=0.468, forward_pf_eff=0.466, trades=194/711
[2025-11-02 19:23:12] [14/133] 3697.T: best train_pf_eff=0.000, forward_pf_eff=0.640, trades=0/179
[2025-11-02 19:23:42] [15/133] 4005.T: best train_pf_eff=0.000, forward_pf_eff=0.000, trades=0/0
[2025-11-02 19:23:51] [16/133] 3350.T: best train_pf_eff=0.000, forward_pf_eff=0.989, trades=0/408
[2025-11-02 19:24:20] [17/133] 3905.T: best train_pf_eff=0.000, forward_pf_eff=0.112, trades=0/303
[2025-11-02 19:25:06] [18/133] 4004.T: best train_pf_eff=0.000, forward_pf_eff=0.358, trades=0/276
[2025-11-02 19:27:05] [19/133] 2914.T: best train_pf_eff=0.128, forward_pf_eff=0.208, trades=580/1759
[2025-11-02 19:27:14] [20/133] 3436.T: best train_pf_eff=0.000, forward_pf_eff=0.647, trades=0/1286
[2025-11-02 19:28:39] [21/133] 4528.T: best train_pf_eff=0.000, forward_pf_eff=0.000, trades=0/0
[2025-11-02 19:28:46] [22/133] 4503.T: best train_pf_eff=0.000, forward_pf_eff=0.306, trades=0/451
[2025-11-02 19:31:14] [23/133] 4543.T: best train_pf_eff=0.000, forward_pf_eff=0.465, trades=0/282
[2025-11-02 19:32:30] [24/133] 4506.T: best train_pf_eff=0.725, forward_pf_eff=1.279, trades=1021/523
[2025-11-02 19:33:22] [25/133] 3382.T: best train_pf_eff=0.198, forward_pf_eff=0.327, trades=1812/1307
[2025-11-02 19:33:28] [26/133] 4062.T: best train_pf_eff=0.455, forward_pf_eff=0.350, trades=1108/1712
[2025-11-02 19:33:58] [27/133] 4689.T: best train_pf_eff=0.000, forward_pf_eff=0.000, trades=0/0
[2025-11-02 19:34:44] [28/133] 4502.T: best train_pf_eff=0.088, forward_pf_eff=0.105, trades=1291/1470
[2025-11-02 19:35:11] [29/133] 4519.T: best train_pf_eff=0.444, forward_pf_eff=0.165, trades=1378/744
[2025-11-02 19:35:58] [30/133] 4063.T: best train_pf_eff=0.215, forward_pf_eff=0.492, trades=1466/1399
[2025-11-02 19:36:17] [31/133] 4568.T: best train_pf_eff=0.780, forward_pf_eff=0.563, trades=610/451
[2025-11-02 19:37:46] [32/133] 5411.T: best train_pf_eff=0.000, forward_pf_eff=0.000, trades=0/0
[2025-11-02 19:37:48] [33/133] 4901.T: best train_pf_eff=0.000, forward_pf_eff=0.220, trades=0/721
[2025-11-02 19:38:50] [34/133] 4661.T: best train_pf_eff=0.517, forward_pf_eff=0.283, trades=857/879
[2025-11-02 19:41:21] [35/133] 5016.T: best train_pf_eff=0.810, forward_pf_eff=1.009, trades=567/879
[2025-11-02 19:42:09] [36/133] 5401.T: best train_pf_eff=0.245, forward_pf_eff=0.525, trades=856/1147
[2025-11-02 19:42:55] [37/133] 5108.T: best train_pf_eff=0.217, forward_pf_eff=0.133, trades=542/1480
[2025-11-02 19:43:22] [38/133] 5801.T: best train_pf_eff=2.405, forward_pf_eff=0.383, trades=100/880
[2025-11-02 19:43:28] [39/133] 5713.T: best train_pf_eff=0.473, forward_pf_eff=0.438, trades=268/578
[2025-11-02 19:44:45] [40/133] 6178.T: best train_pf_eff=0.000, forward_pf_eff=0.000, trades=0/0
[2025-11-02 19:44:51] [41/133] 5802.T: best train_pf_eff=0.430, forward_pf_eff=0.796, trades=858/487
[2025-11-02 19:45:35] [42/133] 5706.T: best train_pf_eff=0.641, forward_pf_eff=0.555, trades=1112/351
[2025-11-02 19:46:26] [43/133] 4755.T: best train_pf_eff=0.341, forward_pf_eff=0.457, trades=1139/2145
[2025-11-02 19:46:40] [44/133] 6326.T: best train_pf_eff=0.000, forward_pf_eff=0.000, trades=0/0
[2025-11-02 19:47:00] [45/133] 5803.T: best train_pf_eff=0.000, forward_pf_eff=0.601, trades=11/1189
[2025-11-02 19:47:16] [46/133] 6323.T: best train_pf_eff=0.000, forward_pf_eff=0.274, trades=0/288
[2025-11-02 19:47:25] [47/133] 6315.T: best train_pf_eff=0.000, forward_pf_eff=1.543, trades=0/199
[2025-11-02 19:47:29] [48/133] 6301.T: best train_pf_eff=0.371, forward_pf_eff=0.323, trades=393/555
[2025-11-02 19:47:32] [49/133] 6330.T: best train_pf_eff=0.000, forward_pf_eff=0.000, trades=0/0
[2025-11-02 19:47:53] [50/133] 6098.T: best train_pf_eff=0.842, forward_pf_eff=0.403, trades=644/1051
[2025-11-02 19:48:25] [51/133] 6146.T: best train_pf_eff=0.658, forward_pf_eff=1.484, trades=458/594
[2025-11-02 19:50:14] [52/133] 6361.T: best train_pf_eff=0.000, forward_pf_eff=0.295, trades=0/257
[2025-11-02 19:50:26] [53/133] 6506.T: best train_pf_eff=0.000, forward_pf_eff=0.463, trades=0/314
[2025-11-02 19:53:20] [54/133] 6525.T: best train_pf_eff=999.000, forward_pf_eff=0.502, trades=27/513
[2025-11-02 19:53:34] [55/133] 6501.T: best train_pf_eff=0.430, forward_pf_eff=0.676, trades=341/871
[2025-11-02 19:56:49] [56/133] 6594.T: best train_pf_eff=0.536, forward_pf_eff=0.465, trades=806/1560
[2025-11-02 19:56:54] [57/133] 6503.T: best train_pf_eff=0.411, forward_pf_eff=0.470, trades=1157/1380
[2025-11-02 19:58:43] [58/133] 6723.T: best train_pf_eff=0.728, forward_pf_eff=0.473, trades=183/1837
[2025-11-02 19:59:17] [59/133] 6702.T: best train_pf_eff=0.553, forward_pf_eff=0.613, trades=921/543
[2025-11-02 20:00:06] [60/133] 6752.T: best train_pf_eff=0.000, forward_pf_eff=0.493, trades=0/1199
[2025-11-02 20:00:14] [61/133] 6526.T: best train_pf_eff=1.083, forward_pf_eff=0.876, trades=914/1349
[2025-11-02 20:00:26] [62/133] 6814.T: best train_pf_eff=0.000, forward_pf_eff=0.542, trades=0/296
[2025-11-02 20:01:37] [63/133] 6701.T: best train_pf_eff=0.396, forward_pf_eff=0.688, trades=1323/1963
[2025-11-02 20:03:12] [64/133] 6976.T: best train_pf_eff=0.000, forward_pf_eff=0.000, trades=0/0
[2025-11-02 20:03:15] [65/133] 6963.T: best train_pf_eff=0.381, forward_pf_eff=0.000, trades=505/0
[2025-11-02 20:04:02] [66/133] 6902.T: best train_pf_eff=0.402, forward_pf_eff=0.000, trades=466/0
[2025-11-02 20:04:17] [67/133] 6758.T: best train_pf_eff=0.459, forward_pf_eff=0.504, trades=863/1793
[2025-11-02 20:04:24] [68/133] 6988.T: best train_pf_eff=0.000, forward_pf_eff=0.000, trades=0/0
[2025-11-02 20:04:50] [69/133] 6857.T: best train_pf_eff=0.534, forward_pf_eff=0.896, trades=460/968
[2025-11-02 20:05:02] [70/133] 6762.T: best train_pf_eff=0.271, forward_pf_eff=0.365, trades=1099/1052
[2025-11-02 20:06:12] [71/133] 6954.T: best train_pf_eff=0.411, forward_pf_eff=0.609, trades=255/698
[2025-11-02 20:07:01] [72/133] 7014.T: best train_pf_eff=0.000, forward_pf_eff=2.538, trades=0/54
[2025-11-02 20:09:12] [73/133] 6920.T: best train_pf_eff=0.523, forward_pf_eff=0.514, trades=1310/952
[2025-11-02 20:10:15] [74/133] 6981.T: best train_pf_eff=0.728, forward_pf_eff=0.217, trades=311/776
[2025-11-02 20:11:41] [75/133] 7259.T: best train_pf_eff=0.000, forward_pf_eff=0.000, trades=0/0
[2025-11-02 20:11:41] [76/133] 7012.T: best train_pf_eff=0.671, forward_pf_eff=0.547, trades=1090/603
[2025-11-02 20:11:49] [77/133] 7201.T: best train_pf_eff=0.450, forward_pf_eff=0.583, trades=466/435
[2025-11-02 20:11:49] [78/133] 7182.T: best train_pf_eff=0.355, forward_pf_eff=1.012, trades=529/119
[2025-11-02 20:12:05] [79/133] 7013.T: best train_pf_eff=0.836, forward_pf_eff=0.498, trades=637/993
[2025-11-02 20:13:07] [80/133] 7011.T: best train_pf_eff=0.505, forward_pf_eff=0.374, trades=1070/998
[2025-11-02 20:13:52] [81/133] 7261.T: best train_pf_eff=999.000, forward_pf_eff=0.000, trades=20/0
[2025-11-02 20:14:29] [82/133] 7270.T: best train_pf_eff=0.744, forward_pf_eff=0.000, trades=366/0
[2025-11-02 20:14:42] [83/133] 7532.T: best train_pf_eff=0.000, forward_pf_eff=0.000, trades=0/0
[2025-11-02 20:14:58] [84/133] 7003.T: best train_pf_eff=0.798, forward_pf_eff=0.755, trades=1519/1102
[2025-11-02 20:15:02] [85/133] 7269.T: best train_pf_eff=1.364, forward_pf_eff=0.603, trades=36/442
[2025-11-02 20:16:10] [86/133] 7746.T: best train_pf_eff=0.000, forward_pf_eff=0.000, trades=0/0
[2025-11-02 20:18:50] [87/133] 7203.T: best train_pf_eff=0.243, forward_pf_eff=0.383, trades=754/1330
[2025-11-02 20:19:08] [88/133] 7832.T: best train_pf_eff=0.667, forward_pf_eff=0.000, trades=506/0
[2025-11-02 20:21:05] [89/133] 7936.T: best train_pf_eff=0.686, forward_pf_eff=0.299, trades=755/478
[2025-11-02 20:22:29] [90/133] 7267.T: best train_pf_eff=0.510, forward_pf_eff=0.192, trades=723/1735
[2025-11-02 20:22:33] [91/133] 7735.T: best train_pf_eff=0.448, forward_pf_eff=0.608, trades=457/1107
[2025-11-02 20:23:00] [92/133] 7453.T: best train_pf_eff=0.459, forward_pf_eff=0.564, trades=1215/1732
[2025-11-02 20:23:16] [93/133] 7751.T: best train_pf_eff=0.213, forward_pf_eff=0.242, trades=543/1385
[2025-11-02 20:27:43] [94/133] 8002.T: best train_pf_eff=0.951, forward_pf_eff=0.231, trades=174/1612
[2025-11-02 20:27:47] [95/133] 7974.T: best train_pf_eff=0.956, forward_pf_eff=0.563, trades=646/1527
[2025-11-02 20:28:11] [96/133] 8053.T: best train_pf_eff=0.493, forward_pf_eff=0.452, trades=522/268
[2025-11-02 20:30:46] [97/133] 8035.T: best train_pf_eff=0.465, forward_pf_eff=0.537, trades=554/779
[2025-11-02 20:30:54] [98/133] 8267.T: best train_pf_eff=2.674, forward_pf_eff=0.703, trades=252/264
[2025-11-02 20:30:55] [99/133] 8001.T: best train_pf_eff=0.301, forward_pf_eff=0.322, trades=913/2157
[2025-11-02 20:34:25] [100/133] 8308.T: best train_pf_eff=0.246, forward_pf_eff=0.973, trades=262/422
[2025-11-02 20:34:25] [101/133] 8031.T: best train_pf_eff=0.351, forward_pf_eff=0.416, trades=849/2388
[2025-11-02 20:35:22] [102/133] 8058.T: best train_pf_eff=0.292, forward_pf_eff=0.394, trades=1287/1673
[2025-11-02 20:36:01] [103/133] 8136.T: best train_pf_eff=0.425, forward_pf_eff=0.338, trades=1665/868
[2025-11-02 20:37:03] [104/133] 8591.T: best train_pf_eff=0.325, forward_pf_eff=0.000, trades=246/0
[2025-11-02 20:37:19] [105/133] 8604.T: best train_pf_eff=0.000, forward_pf_eff=0.000, trades=0/0
[2025-11-02 20:38:04] [106/133] 8697.T: best train_pf_eff=0.000, forward_pf_eff=0.000, trades=0/0
[2025-11-02 20:38:43] [107/133] 8306.T: best train_pf_eff=0.277, forward_pf_eff=0.389, trades=850/1592
[2025-11-02 20:39:52] [108/133] 8630.T: best train_pf_eff=0.000, forward_pf_eff=0.276, trades=0/552
[2025-11-02 20:40:53] [109/133] 8750.T: best train_pf_eff=0.229, forward_pf_eff=0.000, trades=224/0
[2025-11-02 20:42:42] [110/133] 8411.T: best train_pf_eff=0.306, forward_pf_eff=0.561, trades=1265/1862
[2025-11-02 20:43:11] [111/133] 8801.T: best train_pf_eff=0.328, forward_pf_eff=0.000, trades=119/0
[2025-11-02 20:43:27] [112/133] 8729.T: best train_pf_eff=0.000, forward_pf_eff=0.514, trades=0/894
[2025-11-02 20:43:49] [113/133] 8473.T: best train_pf_eff=0.420, forward_pf_eff=0.201, trades=1581/1907
[2025-11-02 20:43:50] [114/133] 8802.T: best train_pf_eff=999.000, forward_pf_eff=0.519, trades=7/285
[2025-11-02 20:44:58] [115/133] 9020.T: best train_pf_eff=0.577, forward_pf_eff=0.000, trades=124/0
[2025-11-02 20:45:15] [116/133] 8316.T: best train_pf_eff=0.230, forward_pf_eff=0.428, trades=1756/2033
[2025-11-02 20:45:26] [117/133] 8725.T: best train_pf_eff=0.304, forward_pf_eff=0.272, trades=512/1549
[2025-11-02 20:46:39] [118/133] 9022.T: best train_pf_eff=0.000, forward_pf_eff=0.378, trades=0/258
[2025-11-02 20:46:47] [119/133] 9201.T: best train_pf_eff=0.000, forward_pf_eff=0.000, trades=0/0
[2025-11-02 20:51:53] [120/133] 9107.T: best train_pf_eff=0.000, forward_pf_eff=0.241, trades=0/1334
[2025-11-02 20:53:12] [121/133] 8766.T: best train_pf_eff=0.343, forward_pf_eff=0.244, trades=1322/1953
[2025-11-02 20:55:45] [122/133] 9503.T: best train_pf_eff=1.151, forward_pf_eff=0.000, trades=254/0
[2025-11-02 20:55:55] [123/133] 9509.T: best train_pf_eff=0.000, forward_pf_eff=0.000, trades=0/0
[2025-11-02 20:56:54] [124/133] 9104.T: best train_pf_eff=0.197, forward_pf_eff=0.220, trades=1414/1956
[2025-11-02 20:57:20] [125/133] 9501.T: best train_pf_eff=0.868, forward_pf_eff=0.422, trades=1112/642
[2025-11-02 20:57:26] [126/133] 9434.T: best train_pf_eff=0.185, forward_pf_eff=0.310, trades=358/1190
[2025-11-02 20:57:55] [127/133] 9101.T: best train_pf_eff=0.268, forward_pf_eff=0.222, trades=1564/2012
[2025-11-02 20:58:00] [128/133] 9697.T: best train_pf_eff=0.000, forward_pf_eff=0.000, trades=0/0
[2025-11-02 20:59:48] [129/133] 9433.T: best train_pf_eff=0.261, forward_pf_eff=0.221, trades=1974/2128
[2025-11-02 21:00:59] [130/133] 9843.T: best train_pf_eff=0.298, forward_pf_eff=0.608, trades=759/555
[2025-11-02 21:01:19] [131/133] 9983.T: best train_pf_eff=0.000, forward_pf_eff=0.203, trades=0/1580
[2025-11-02 21:02:09] [132/133] 9432.T: best train_pf_eff=0.406, forward_pf_eff=0.595, trades=1675/2027
[2025-11-02 21:02:29] [133/133] 9984.T: best train_pf_eff=0.508, forward_pf_eff=0.707, trades=520/1581
[2025-11-02 21:02:30] Run completed in 107.1 minutes
