[2025-11-03 14:18:33] Run started
[2025-11-03 14:18:33] Run type resolved to weekend
[2025-11-03 14:18:33] Codes limited via C:\AI\asagake\output\bt30\TIMEPLAN_TEST_20251102\D_FULLDAY_WINDOWS\RUN_coarse_PM_1445_1515_j-only\_TOP50_codes.csv: 34 tickers (was 20)
[2025-11-03 14:18:43] Entry window marks set: 39237 rows flagged out of 406319
[2025-11-03 14:18:43] Liquidity filter q=0.50 kept 34 tickers and 206357 rows
[2025-11-03 14:18:43] Using 1 rolling slices (train=12, forward=20)
[2025-11-03 14:18:43] Parameter grid size: 24 (mode=refine, signal=j-only)
[2025-11-03 14:18:57] [1/34] 2432.T: best train_pf_eff=0.000, forward_pf_eff=0.033, trades=0/55
[2025-11-03 14:18:58] [2/34] 3064.T: best train_pf_eff=0.000, forward_pf_eff=2.038, trades=0/51
[2025-11-03 14:18:59] [3/34] 1911.T: best train_pf_eff=999.000, forward_pf_eff=0.000, trades=20/0
[2025-11-03 14:19:04] [4/34] 2802.T: best train_pf_eff=0.110, forward_pf_eff=0.176, trades=86/206
[2025-11-03 14:19:07] [5/34] 4188.T: best train_pf_eff=0.000, forward_pf_eff=0.143, trades=0/31
[2025-11-03 14:19:09] [6/34] 4528.T: best train_pf_eff=0.000, forward_pf_eff=0.000, trades=0/0
[2025-11-03 14:19:18] [7/34] 4005.T: best train_pf_eff=0.244, forward_pf_eff=0.629, trades=44/31
[2025-11-03 14:19:30] [8/34] 4689.T: best train_pf_eff=0.167, forward_pf_eff=0.041, trades=62/155
[2025-11-03 14:19:34] [9/34] 5411.T: best train_pf_eff=0.053, forward_pf_eff=0.084, trades=56/62
[2025-11-03 14:19:39] [10/34] 6178.T: best train_pf_eff=0.085, forward_pf_eff=0.113, trades=93/169
[2025-11-03 14:19:48] [11/34] 6326.T: best train_pf_eff=0.205, forward_pf_eff=0.311, trades=61/91
[2025-11-03 14:19:50] [12/34] 6330.T: best train_pf_eff=0.000, forward_pf_eff=0.000, trades=0/0
[2025-11-03 14:20:03] [13/34] 6902.T: best train_pf_eff=0.094, forward_pf_eff=0.129, trades=159/216
[2025-11-03 14:20:07] [14/34] 6963.T: best train_pf_eff=0.114, forward_pf_eff=0.132, trades=91/60
[2025-11-03 14:20:09] [15/34] 6976.T: best train_pf_eff=0.000, forward_pf_eff=0.031, trades=0/31
[2025-11-03 14:20:12] [16/34] 6971.T: best train_pf_eff=0.404, forward_pf_eff=0.586, trades=48/31
[2025-11-03 14:20:23] [17/34] 6988.T: best train_pf_eff=0.165, forward_pf_eff=0.224, trades=61/76
[2025-11-03 14:20:24] [18/34] 7259.T: best train_pf_eff=2.529, forward_pf_eff=0.000, trades=14/0
[2025-11-03 14:20:31] [19/34] 7261.T: best train_pf_eff=1.323, forward_pf_eff=4.725, trades=63/30
[2025-11-03 14:20:37] [20/34] 7270.T: best train_pf_eff=0.675, forward_pf_eff=0.070, trades=60/114
[2025-11-03 14:20:38] [21/34] 7746.T: best train_pf_eff=0.000, forward_pf_eff=999.000, trades=0/10
[2025-11-03 14:21:02] [22/34] 7532.T: best train_pf_eff=0.178, forward_pf_eff=0.389, trades=124/143
[2025-11-03 14:21:15] [23/34] 7832.T: best train_pf_eff=0.329, forward_pf_eff=0.098, trades=167/124
[2025-11-03 14:21:25] [24/34] 8604.T: best train_pf_eff=0.109, forward_pf_eff=0.180, trades=179/164
[2025-11-03 14:21:26] [25/34] 8591.T: best train_pf_eff=0.037, forward_pf_eff=0.150, trades=145/241
[2025-11-03 14:21:28] [26/34] 8697.T: best train_pf_eff=0.000, forward_pf_eff=0.000, trades=0/0
[2025-11-03 14:22:01] [27/34] 8750.T: best train_pf_eff=0.191, forward_pf_eff=0.323, trades=96/180
[2025-11-03 14:22:03] [28/34] 9020.T: best train_pf_eff=0.057, forward_pf_eff=0.109, trades=85/61
[2025-11-03 14:22:05] [29/34] 8801.T: best train_pf_eff=0.104, forward_pf_eff=0.098, trades=148/143
[2025-11-03 14:22:12] [30/34] 9022.T: best train_pf_eff=0.105, forward_pf_eff=0.112, trades=206/185
[2025-11-03 14:22:31] [31/34] 9201.T: best train_pf_eff=0.162, forward_pf_eff=0.071, trades=62/31
[2025-11-03 14:22:39] [32/34] 9509.T: best train_pf_eff=0.236, forward_pf_eff=0.000, trades=154/0
[2025-11-03 14:22:39] [33/34] 9503.T: best train_pf_eff=0.514, forward_pf_eff=0.069, trades=77/242
[2025-11-03 14:22:39] [34/34] 9697.T: best train_pf_eff=0.125, forward_pf_eff=0.160, trades=70/128
[2025-11-03 14:22:39] Bayesian refine trials executed: 449
[2025-11-03 14:22:40] Refine candidates exported to output\excel\candidates_20251103.csv
[2025-11-03 14:22:40] Run completed in 4.1 minutes
