[2025-11-04 00:21:49] Run started
[2025-11-04 00:21:49] Run type resolved to weekend
[2025-11-04 00:21:53] Fetching Yahoo Finance 1m bars for 1 tickers (lookback=60, chunk=5)
[2025-11-04 00:22:18] Entry window marks set: 27607 rows flagged out of 214718
[2025-11-04 00:22:18] Liquidity filter q=0.50 kept 14 tickers and 112055 rows
[2025-11-04 00:22:18] Using 5 rolling slices (train=12, forward=4)
[2025-11-04 00:22:18] Parameter grid size: 240 (mode=coarse, signal=j-cross)
[2025-11-04 00:23:22] [1/14] 5706.T: best train_pf_eff=1.456, forward_pf_eff=1.456, trades=6/3
[2025-11-04 00:23:34] [2/14] 1357.T: best train_pf_eff=999.000, forward_pf_eff=999.000, trades=11/7
[2025-11-04 00:24:03] [3/14] 285A.T: best train_pf_eff=999.000, forward_pf_eff=999.000, trades=9/10
[2025-11-04 00:24:36] [4/14] 6525.T: best train_pf_eff=999.000, forward_pf_eff=999.000, trades=21/7
[2025-11-04 00:24:47] [5/14] 7014.T: best train_pf_eff=0.000, forward_pf_eff=0.000, trades=0/0
[2025-11-04 00:25:22] [6/14] 5016.T: best train_pf_eff=0.808, forward_pf_eff=4.500, trades=61/17
[2025-11-04 00:25:30] [7/14] 7735.T: best train_pf_eff=3.072, forward_pf_eff=3.072, trades=5/5
[2025-11-04 00:25:36] [8/14] 6857.T: best train_pf_eff=2.246, forward_pf_eff=2.565, trades=39/17
[2025-11-04 00:25:37] [9/14] 5801.T: best train_pf_eff=8.982, forward_pf_eff=4.553, trades=18/8
[2025-11-04 00:25:39] [10/14] 6526.T: best train_pf_eff=2.294, forward_pf_eff=4.687, trades=59/16
[2025-11-04 00:26:22] [11/14] 7012.T: best train_pf_eff=0.603, forward_pf_eff=999.000, trades=17/5
[2025-11-04 00:26:53] [12/14] 8035.T: best train_pf_eff=1.816, forward_pf_eff=5.795, trades=30/10
[2025-11-04 00:26:57] [13/14] 8136.T: best train_pf_eff=0.746, forward_pf_eff=1.931, trades=66/9
[2025-11-04 00:27:02] [14/14] 8411.T: best train_pf_eff=1.985, forward_pf_eff=60.590, trades=43/11
[2025-11-04 00:27:02] Cache reuse: 0/1120 combos (0.0%) served from cache
[2025-11-04 00:27:02] ASHA pruned 2240 parameter combos prior to full evaluation
[2025-11-04 00:27:02] Run completed in 5.2 minutes
