[2025-11-09 23:36:32] Run started
[2025-11-09 23:36:32] Run type resolved to weekend
[2025-11-09 23:36:32] Codes loaded from output\bt30\NIGHTLY_20251109\RUN_coarse_AM15_j-only\_TOP_CANDIDATES.csv: 11 tickers
[2025-11-09 23:36:35] Entry window marks set: 4350 rows flagged out of 122455
[2025-11-09 23:36:35] Liquidity filter q=0.30 kept 10 tickers and 87111 rows
[2025-11-09 23:36:35] Using 5 rolling slices (train=12, forward=4)
[2025-11-09 23:36:35] Parameter grid size: 720 (mode=refine, signal=j-only)
[2025-11-09 23:44:48] [1/10] 5706.T: best train_pf_eff=0.338, forward_pf_eff=999.000, trades=18/6
[2025-11-09 23:47:17] [2/10] 1357.T: best train_pf_eff=999.000, forward_pf_eff=999.000, trades=6/8
[2025-11-09 23:49:08] [3/10] 285A.T: best train_pf_eff=999.000, forward_pf_eff=999.000, trades=13/5
[2025-11-09 23:50:29] [4/10] 6525.T: best train_pf_eff=999.000, forward_pf_eff=999.000, trades=21/9
[2025-11-09 23:51:22] [5/10] 5801.T: best train_pf_eff=3.241, forward_pf_eff=4.030, trades=11/4
[2025-11-09 23:51:33] [6/10] 6526.T: best train_pf_eff=9.951, forward_pf_eff=999.000, trades=12/2
[2025-11-09 23:51:46] [7/10] 7012.T: best train_pf_eff=999.000, forward_pf_eff=999.000, trades=15/3
[2025-11-09 23:51:49] [8/10] 5016.T: best train_pf_eff=4.575, forward_pf_eff=6.738, trades=15/4
[2025-11-09 23:52:08] [9/10] 7735.T: best train_pf_eff=999.000, forward_pf_eff=999.000, trades=6/4
[2025-11-09 23:53:23] [10/10] 8136.T: best train_pf_eff=999.000, forward_pf_eff=999.000, trades=22/2
[2025-11-09 23:53:23] Cache reuse: 0/7560 combos (0.0%) served from cache
[2025-11-09 23:53:23] Bayesian refine trials executed: 360
[2025-11-09 23:53:23] Refine candidates exported to output\excel\NIGHTLY_20251109\AM15_j-only\candidates_20251109.csv
[2025-11-09 23:53:23] Run completed in 16.9 minutes
