[2025-11-08 20:42:28] Run started
[2025-11-08 20:42:28] Run type resolved to weekend
[2025-11-08 20:42:34] Entry window marks set: 17894 rows flagged out of 217955
[2025-11-08 20:42:34] Liquidity filter q=0.50 kept 15 tickers and 113451 rows
[2025-11-08 20:42:34] Using 5 rolling slices (train=12, forward=4)
[2025-11-08 20:42:34] Parameter grid size: 288 (mode=coarse, signal=j-only)
[2025-11-08 20:43:51] [1/15] 5706.T: best train_pf_eff=999.000, forward_pf_eff=999.000, trades=14/7
[2025-11-08 20:44:40] [2/15] 1357.T: best train_pf_eff=0.000, forward_pf_eff=999.000, trades=0/10
[2025-11-08 20:45:10] [3/15] 285A.T: best train_pf_eff=2.097, forward_pf_eff=2.097, trades=6/3
[2025-11-08 20:45:25] [4/15] 6525.T: best train_pf_eff=4.560, forward_pf_eff=4.552, trades=24/8
[2025-11-08 20:46:06] [5/15] 5801.T: best train_pf_eff=2.770, forward_pf_eff=999.000, trades=28/12
[2025-11-08 20:46:20] [6/15] 6526.T: best train_pf_eff=999.000, forward_pf_eff=999.000, trades=14/3
[2025-11-08 20:46:30] [7/15] 5016.T: best train_pf_eff=4.092, forward_pf_eff=15.241, trades=105/26
[2025-11-08 20:46:32] [8/15] 6857.T: best train_pf_eff=1.758, forward_pf_eff=1.795, trades=121/55
[2025-11-08 20:46:42] [9/15] 7014.T: best train_pf_eff=0.000, forward_pf_eff=0.000, trades=0/0
[2025-11-08 20:47:07] [10/15] 7735.T: best train_pf_eff=999.000, forward_pf_eff=999.000, trades=9/9
[2025-11-08 20:47:19] [11/15] 7012.T: best train_pf_eff=3.988, forward_pf_eff=999.000, trades=60/9
[2025-11-08 20:47:36] [12/15] 9432.T: best train_pf_eff=0.000, forward_pf_eff=0.000, trades=0/0
[2025-11-08 20:48:33] [13/15] 8035.T: best train_pf_eff=33.297, forward_pf_eff=999.000, trades=40/13
[2025-11-08 20:48:36] [14/15] 8136.T: best train_pf_eff=0.926, forward_pf_eff=0.856, trades=211/50
[2025-11-08 20:48:39] [15/15] 8411.T: best train_pf_eff=67.095, forward_pf_eff=999.000, trades=28/8
[2025-11-08 20:48:39] Cache reuse: 0/1440 combos (0.0%) served from cache
[2025-11-08 20:48:39] ASHA pruned 2880 parameter combos prior to full evaluation
[2025-11-08 20:48:39] Run completed in 6.2 minutes
