[2025-11-10 00:23:44] Run started
[2025-11-10 00:23:44] Run type resolved to weekend
[2025-11-10 00:23:44] Codes loaded from output\bt30\NIGHTLY_20251109\RUN_coarse_AM0930_j-only\_TOP_CANDIDATES.csv: 14 tickers
[2025-11-10 00:23:48] Entry window marks set: 12630 rows flagged out of 154615
[2025-11-10 00:23:49] Liquidity filter q=0.30 kept 12 tickers and 108743 rows
[2025-11-10 00:23:49] Using 5 rolling slices (train=12, forward=4)
[2025-11-10 00:23:49] Parameter grid size: 720 (mode=refine, signal=j-only)
[2025-11-10 00:33:54] [1/12] 5706.T: best train_pf_eff=999.000, forward_pf_eff=999.000, trades=42/24
[2025-11-10 00:38:27] [2/12] 1357.T: best train_pf_eff=0.000, forward_pf_eff=999.000, trades=0/13
[2025-11-10 00:41:58] [3/12] 6525.T: best train_pf_eff=4.169, forward_pf_eff=6.215, trades=45/23
[2025-11-10 00:45:03] [4/12] 6857.T: best train_pf_eff=1.854, forward_pf_eff=2.782, trades=7/3
[2025-11-10 00:45:18] [5/12] 7012.T: best train_pf_eff=1.519, forward_pf_eff=999.000, trades=62/11
[2025-11-10 00:45:21] [6/12] 6526.T: best train_pf_eff=999.000, forward_pf_eff=999.000, trades=13/2
[2025-11-10 00:45:36] [7/12] 5801.T: best train_pf_eff=999.000, forward_pf_eff=999.000, trades=30/12
[2025-11-10 00:45:42] [8/12] 5016.T: best train_pf_eff=6.161, forward_pf_eff=999.000, trades=62/14
[2025-11-10 00:51:01] [9/12] 8035.T: best train_pf_eff=8.858, forward_pf_eff=999.000, trades=38/8
[2025-11-10 00:52:53] [10/12] 9432.T: best train_pf_eff=999.000, forward_pf_eff=999.000, trades=6/17
[2025-11-10 00:53:01] [11/12] 8136.T: best train_pf_eff=0.915, forward_pf_eff=999.000, trades=210/26
[2025-11-10 00:53:19] [12/12] 8411.T: best train_pf_eff=65.237, forward_pf_eff=999.000, trades=26/9
[2025-11-10 00:53:19] Cache reuse: 0/9071 combos (0.0%) served from cache
[2025-11-10 00:53:19] Bayesian refine trials executed: 431
[2025-11-10 00:53:19] Refine candidates exported to output\excel\NIGHTLY_20251109\AM0930_j-only\candidates_20251110.csv
[2025-11-10 00:53:19] Run completed in 29.6 minutes
