[2025-11-05 23:56:07] Run started
[2025-11-05 23:56:07] Run type resolved to weekend
[2025-11-05 23:56:12] Fetching Yahoo Finance 1m bars for 20 tickers (lookback=60, chunk=5)
[2025-11-05 23:56:44] Fetching Yahoo Finance 1m bars for 1 tickers (lookback=60, chunk=5)
[2025-11-05 23:57:10] Entry window marks set: 37981 rows flagged out of 216205
[2025-11-05 23:57:10] Liquidity filter q=0.50 kept 20 tickers and 112618 rows
[2025-11-05 23:57:10] Using 5 rolling slices (train=12, forward=4)
[2025-11-05 23:57:10] Parameter grid size: 240 (mode=coarse, signal=j-only)
[2025-11-05 23:58:00] [1/20] 1579.T: best train_pf_eff=0.000, forward_pf_eff=0.000, trades=0/0
[2025-11-05 23:59:18] [2/20] 5706.T: best train_pf_eff=0.639, forward_pf_eff=0.639, trades=70/35
[2025-11-05 23:59:46] [3/20] 1357.T: best train_pf_eff=999.000, forward_pf_eff=999.000, trades=91/41
[2025-11-06 00:00:24] [4/20] 285A.T: best train_pf_eff=5.520, forward_pf_eff=5.642, trades=22/23
[2025-11-06 00:01:25] [5/20] 6740.T: best train_pf_eff=0.000, forward_pf_eff=0.000, trades=0/0
[2025-11-06 00:03:14] [6/20] 5801.T: best train_pf_eff=1.504, forward_pf_eff=1.756, trades=56/37
[2025-11-06 00:03:17] [7/20] 5016.T: best train_pf_eff=2.145, forward_pf_eff=999.000, trades=139/25
[2025-11-06 00:03:18] [8/20] 6525.T: best train_pf_eff=999.000, forward_pf_eff=999.000, trades=80/27
[2025-11-06 00:04:41] [9/20] 7269.T: best train_pf_eff=0.000, forward_pf_eff=0.000, trades=0/0
[2025-11-06 00:05:30] [10/20] 7014.T: best train_pf_eff=0.000, forward_pf_eff=0.000, trades=0/0
[2025-11-06 00:05:54] [11/20] 7735.T: best train_pf_eff=0.212, forward_pf_eff=0.212, trades=35/35
[2025-11-06 00:07:02] [12/20] 6526.T: best train_pf_eff=0.427, forward_pf_eff=8.345, trades=171/53
[2025-11-06 00:07:36] [13/20] 8053.T: best train_pf_eff=0.000, forward_pf_eff=0.000, trades=0/0
[2025-11-06 00:07:45] [14/20] 6857.T: best train_pf_eff=0.637, forward_pf_eff=1.030, trades=422/180
[2025-11-06 00:07:54] [15/20] 8105.T: best train_pf_eff=0.000, forward_pf_eff=0.000, trades=0/0
[2025-11-06 00:08:46] [16/20] 7012.T: best train_pf_eff=0.607, forward_pf_eff=2.448, trades=220/34
[2025-11-06 00:09:50] [17/20] 9432.T: best train_pf_eff=0.000, forward_pf_eff=0.000, trades=0/0
[2025-11-06 00:11:40] [18/20] 8035.T: best train_pf_eff=2.936, forward_pf_eff=999.000, trades=143/30
[2025-11-06 00:12:55] [19/20] 8411.T: best train_pf_eff=1.509, forward_pf_eff=2.154, trades=359/81
[2025-11-06 00:13:04] [20/20] 8136.T: best train_pf_eff=0.430, forward_pf_eff=0.526, trades=704/134
[2025-11-06 00:13:04] Cache reuse: 400/1600 combos (25.0%) served from cache
[2025-11-06 00:13:04] ASHA pruned 3200 parameter combos prior to full evaluation
[2025-11-06 00:13:05] Excel summary written to C:\AI\asagake\output\bt30\WEEKLY_\NIGHTLY_20251105\RUN_coarse_AM1000_j-only\summary_20251106_001304.xlsx
[2025-11-06 00:13:05] Run completed in 17.0 minutes
