[2025-11-10 15:22:40] Run started
[2025-11-10 15:22:40] Run type resolved to weekend
[2025-11-10 15:22:40] Codes loaded from output\bt30\NIGHTLY_20251110\RUN_coarse_AM15_j-cross\_TOP_CANDIDATES.csv: 9 tickers
[2025-11-10 15:22:44] Entry window marks set: 3593 rows flagged out of 100050
[2025-11-10 15:22:44] Liquidity filter q=0.30 kept 9 tickers and 65656 rows
[2025-11-10 15:22:44] Using 5 rolling slices (train=12, forward=4)
[2025-11-10 15:22:44] Parameter grid size: 2496 (mode=refine, signal=j-cross)
[2025-11-10 15:45:03] [1/9] 5706.T: best train_pf_eff=999.000, forward_pf_eff=999.000, trades=3/1
[2025-11-10 15:50:38] [2/9] 7735.T: best train_pf_eff=999.000, forward_pf_eff=999.000, trades=3/1
[2025-11-10 16:04:39] [3/9] 6525.T: best train_pf_eff=999.000, forward_pf_eff=0.000, trades=9/0
[2025-11-10 16:04:46] [4/9] 1357.T: best train_pf_eff=999.000, forward_pf_eff=999.000, trades=6/4
[2025-11-10 16:15:08] [5/9] 7012.T: best train_pf_eff=999.000, forward_pf_eff=999.000, trades=3/3
[2025-11-10 16:15:20] [6/9] 8136.T: best train_pf_eff=2.165, forward_pf_eff=999.000, trades=16/10
[2025-11-10 16:15:42] [7/9] 5016.T: best train_pf_eff=1.017, forward_pf_eff=5.516, trades=12/2
[2025-11-10 16:15:43] [8/9] 6526.T: best train_pf_eff=22.953, forward_pf_eff=999.000, trades=8/2
[2025-11-10 16:17:40] [9/9] 8411.T: best train_pf_eff=9.608, forward_pf_eff=2.146, trades=12/4
[2025-11-10 16:17:40] Cache reuse: 0/22788 combos (0.0%) served from cache
[2025-11-10 16:17:40] Bayesian refine trials executed: 324
[2025-11-10 16:17:40] Refine candidates exported to output\excel\NIGHTLY_20251110\AM15_j-cross\candidates_20251110.csv
[2025-11-10 16:17:40] Run completed in 55.0 minutes
