[2025-11-06 04:10:15] Run started
[2025-11-06 04:10:15] Run type resolved to weekend
[2025-11-06 04:10:27] Fetching Yahoo Finance 1m bars for 20 tickers (lookback=60, chunk=5)
[2025-11-06 04:10:53] Fetching Yahoo Finance 1m bars for 1 tickers (lookback=60, chunk=5)
[2025-11-06 04:11:18] Entry window marks set: 18321 rows flagged out of 222460
[2025-11-06 04:11:18] Liquidity filter q=0.50 kept 15 tickers and 115793 rows
[2025-11-06 04:11:18] Using 5 rolling slices (train=12, forward=4)
[2025-11-06 04:11:18] Parameter grid size: 240 (mode=coarse, signal=j-only)
[2025-11-06 04:12:32] [1/15] 5706.T: best train_pf_eff=999.000, forward_pf_eff=999.000, trades=18/9
[2025-11-06 04:12:53] [2/15] 1357.T: best train_pf_eff=999.000, forward_pf_eff=999.000, trades=8/5
[2025-11-06 04:13:16] [3/15] 285A.T: best train_pf_eff=2.435, forward_pf_eff=2.434, trades=8/8
[2025-11-06 04:13:48] [4/15] 6525.T: best train_pf_eff=999.000, forward_pf_eff=999.000, trades=33/11
[2025-11-06 04:14:48] [5/15] 5801.T: best train_pf_eff=4.080, forward_pf_eff=999.000, trades=31/17
[2025-11-06 04:14:49] [6/15] 5016.T: best train_pf_eff=1.668, forward_pf_eff=12.774, trades=166/38
[2025-11-06 04:15:14] [7/15] 7014.T: best train_pf_eff=0.000, forward_pf_eff=0.000, trades=0/0
[2025-11-06 04:16:16] [8/15] 7012.T: best train_pf_eff=1.675, forward_pf_eff=999.000, trades=74/15
[2025-11-06 04:16:32] [9/15] 7735.T: best train_pf_eff=999.000, forward_pf_eff=999.000, trades=7/7
[2025-11-06 04:16:45] [10/15] 6526.T: best train_pf_eff=0.603, forward_pf_eff=7.170, trades=67/27
[2025-11-06 04:16:52] [11/15] 6857.T: best train_pf_eff=0.838, forward_pf_eff=1.160, trades=155/78
[2025-11-06 04:17:39] [12/15] 9432.T: best train_pf_eff=0.000, forward_pf_eff=0.000, trades=0/0
[2025-11-06 04:18:13] [13/15] 8035.T: best train_pf_eff=11.145, forward_pf_eff=999.000, trades=64/19
[2025-11-06 04:18:22] [14/15] 8136.T: best train_pf_eff=0.748, forward_pf_eff=1.093, trades=250/53
[2025-11-06 04:18:33] [15/15] 8411.T: best train_pf_eff=999.000, forward_pf_eff=999.000, trades=38/14
[2025-11-06 04:18:33] Cache reuse: 44/1200 combos (3.7%) served from cache
[2025-11-06 04:18:33] ASHA pruned 2400 parameter combos prior to full evaluation
[2025-11-06 04:18:34] Excel summary written to C:\AI\asagake\output\bt30\WEEKLY_\NIGHTLY_20251106\RUN_coarse_AM0930_j-only\summary_20251106_041833.xlsx
[2025-11-06 04:18:34] Run completed in 8.3 minutes
