[2025-11-08 00:21:44] Run started
[2025-11-08 00:21:44] Run type resolved to weekend
[2025-11-08 00:21:50] Entry window marks set: 17894 rows flagged out of 217955
[2025-11-08 00:21:50] Liquidity filter q=0.50 kept 15 tickers and 113451 rows
[2025-11-08 00:21:50] Using 5 rolling slices (train=12, forward=4)
[2025-11-08 00:21:50] Parameter grid size: 288 (mode=coarse, signal=j-only)
[2025-11-08 00:23:57] [1/15] 5706.T: best train_pf_eff=999.000, forward_pf_eff=999.000, trades=18/9
[2025-11-08 00:24:50] [2/15] 1357.T: best train_pf_eff=999.000, forward_pf_eff=999.000, trades=5/17
[2025-11-08 00:25:26] [3/15] 285A.T: best train_pf_eff=2.435, forward_pf_eff=2.435, trades=16/8
[2025-11-08 00:25:45] [4/15] 6525.T: best train_pf_eff=999.000, forward_pf_eff=999.000, trades=42/14
[2025-11-08 00:26:18] [5/15] 7014.T: best train_pf_eff=0.000, forward_pf_eff=0.000, trades=0/0
[2025-11-08 00:26:52] [6/15] 7735.T: best train_pf_eff=999.000, forward_pf_eff=999.000, trades=13/13
[2025-11-08 00:26:58] [7/15] 5801.T: best train_pf_eff=3.762, forward_pf_eff=999.000, trades=39/17
[2025-11-08 00:27:02] [8/15] 6857.T: best train_pf_eff=0.989, forward_pf_eff=1.316, trades=137/65
[2025-11-08 00:27:03] [9/15] 6526.T: best train_pf_eff=999.000, forward_pf_eff=999.000, trades=16/6
[2025-11-08 00:27:09] [10/15] 5016.T: best train_pf_eff=7.264, forward_pf_eff=999.000, trades=94/22
[2025-11-08 00:27:48] [11/15] 7012.T: best train_pf_eff=2.451, forward_pf_eff=999.000, trades=75/16
[2025-11-08 00:28:08] [12/15] 9432.T: best train_pf_eff=0.000, forward_pf_eff=0.000, trades=0/0
[2025-11-08 00:29:08] [13/15] 8035.T: best train_pf_eff=9.706, forward_pf_eff=999.000, trades=55/19
[2025-11-08 00:29:33] [14/15] 8136.T: best train_pf_eff=0.773, forward_pf_eff=0.819, trades=245/63
[2025-11-08 00:29:35] [15/15] 8411.T: best train_pf_eff=999.000, forward_pf_eff=999.000, trades=44/13
[2025-11-08 00:29:35] Cache reuse: 0/1440 combos (0.0%) served from cache
[2025-11-08 00:29:35] ASHA pruned 2880 parameter combos prior to full evaluation
[2025-11-08 00:29:35] Run completed in 7.8 minutes
