[2025-11-10 21:52:49] Run started
[2025-11-10 21:52:49] Run type resolved to weekend
[2025-11-10 21:53:00] Entry window marks set: 48911 rows flagged out of 220095
[2025-11-10 21:53:00] Liquidity filter q=0.30 kept 20 tickers and 159455 rows
[2025-11-10 21:53:00] Using 5 rolling slices (train=12, forward=4)
[2025-11-10 21:53:00] Parameter grid size: 288 (mode=coarse, signal=j-cross)
[2025-11-10 21:55:41] [1/20] 1579.T: best train_pf_eff=999.000, forward_pf_eff=8.436, trades=8/11
[2025-11-10 21:56:40] [2/20] 285A.T: best train_pf_eff=999.000, forward_pf_eff=999.000, trades=25/13
[2025-11-10 21:56:47] [3/20] 1357.T: best train_pf_eff=999.000, forward_pf_eff=2.395, trades=31/20
[2025-11-10 21:57:15] [4/20] 5801.T: best train_pf_eff=1.102, forward_pf_eff=2.452, trades=30/13
[2025-11-10 21:57:20] [5/20] 5706.T: best train_pf_eff=5.135, forward_pf_eff=9.027, trades=29/10
[2025-11-10 21:57:34] [6/20] 6525.T: best train_pf_eff=6.531, forward_pf_eff=3.969, trades=48/26
[2025-11-10 21:57:40] [7/20] 5016.T: best train_pf_eff=1.320, forward_pf_eff=3.460, trades=82/23
[2025-11-10 21:57:41] [8/20] 6526.T: best train_pf_eff=2.290, forward_pf_eff=2.353, trades=60/16
[2025-11-10 21:58:47] [9/20] 7014.T: best train_pf_eff=999.000, forward_pf_eff=999.000, trades=12/8
[2025-11-10 21:59:06] [10/20] 8053.T: best train_pf_eff=0.000, forward_pf_eff=0.000, trades=0/0
[2025-11-10 21:59:07] [11/20] 7269.T: best train_pf_eff=999.000, forward_pf_eff=999.000, trades=6/2
[2025-11-10 21:59:10] [12/20] 8105.T: best train_pf_eff=0.000, forward_pf_eff=999.000, trades=0/9
[2025-11-10 22:00:58] [13/20] 6857.T: best train_pf_eff=2.393, forward_pf_eff=2.689, trades=64/25
[2025-11-10 22:01:35] [14/20] 7012.T: best train_pf_eff=0.714, forward_pf_eff=4.460, trades=45/17
[2025-11-10 22:01:54] [15/20] 7735.T: best train_pf_eff=1.228, forward_pf_eff=0.478, trades=52/11
[2025-11-10 22:02:12] [16/20] 8035.T: best train_pf_eff=999.000, forward_pf_eff=999.000, trades=18/5
[2025-11-10 22:02:14] [17/20] 9107.T: best train_pf_eff=2.386, forward_pf_eff=2.386, trades=27/9
[2025-11-10 22:03:34] [18/20] 8136.T: best train_pf_eff=0.413, forward_pf_eff=3.656, trades=60/9
[2025-11-10 22:03:38] [19/20] 9432.T: best train_pf_eff=0.279, forward_pf_eff=27.412, trades=29/4
[2025-11-10 22:03:42] [20/20] 8411.T: best train_pf_eff=1.990, forward_pf_eff=3.988, trades=78/23
[2025-11-10 22:03:42] Cache reuse: 0/1920 combos (0.0%) served from cache
[2025-11-10 22:03:42] ASHA pruned 3840 parameter combos prior to full evaluation
[2025-11-10 22:03:42] Run completed in 10.9 minutes
