[2025-11-10 01:01:26] Run started
[2025-11-10 01:01:26] Run type resolved to weekend
[2025-11-10 01:01:26] Codes loaded from output\bt30\NIGHTLY_20251109\RUN_coarse_AM0930_j-cross\_TOP_CANDIDATES.csv: 12 tickers
[2025-11-10 01:01:30] Entry window marks set: 10636 rows flagged out of 131265
[2025-11-10 01:01:30] Liquidity filter q=0.30 kept 11 tickers and 88534 rows
[2025-11-10 01:01:30] Using 5 rolling slices (train=12, forward=4)
[2025-11-10 01:01:30] Parameter grid size: 720 (mode=refine, signal=j-cross)
[2025-11-10 01:05:27] [1/11] 1357.T: best train_pf_eff=0.000, forward_pf_eff=999.000, trades=0/3
[2025-11-10 01:09:16] [2/11] 7735.T: best train_pf_eff=0.000, forward_pf_eff=0.000, trades=0/0
[2025-11-10 01:10:02] [3/11] 6525.T: best train_pf_eff=0.000, forward_pf_eff=0.000, trades=0/0
[2025-11-10 01:15:53] [4/11] 285A.T: best train_pf_eff=999.000, forward_pf_eff=999.000, trades=4/2
[2025-11-10 01:16:54] [5/11] 6526.T: best train_pf_eff=1.790, forward_pf_eff=6.859, trades=19/4
[2025-11-10 01:17:08] [6/11] 7012.T: best train_pf_eff=4.486, forward_pf_eff=999.000, trades=14/7
[2025-11-10 01:17:15] [7/11] 6857.T: best train_pf_eff=5.238, forward_pf_eff=5.537, trades=35/13
[2025-11-10 01:17:23] [8/11] 5016.T: best train_pf_eff=11.532, forward_pf_eff=999.000, trades=20/5
[2025-11-10 01:17:24] [9/11] 5801.T: best train_pf_eff=999.000, forward_pf_eff=999.000, trades=14/5
[2025-11-10 01:19:29] [10/11] 8035.T: best train_pf_eff=999.000, forward_pf_eff=999.000, trades=12/4
[2025-11-10 01:19:36] [11/11] 8136.T: best train_pf_eff=3.580, forward_pf_eff=999.000, trades=33/10
[2025-11-10 01:19:36] Cache reuse: 0/8315 combos (0.0%) served from cache
[2025-11-10 01:19:36] Bayesian refine trials executed: 395
[2025-11-10 01:19:36] Refine candidates exported to output\excel\NIGHTLY_20251109\AM0930_j-cross\candidates_20251110.csv
[2025-11-10 01:19:36] Run completed in 18.2 minutes
